#
# There is insufficient memory for the Java Runtime Environment to continue.
# Native memory allocation (malloc) failed to allocate 1889552 bytes. Error detail: Chunk::new
# Possible reasons:
#   The system is out of physical RAM or swap space
#   This process is running with CompressedOops enabled, and the Java Heap may be blocking the growth of the native heap
# Possible solutions:
#   Reduce memory load on the system
#   Increase physical memory or swap space
#   Check if swap backing store is full
#   Decrease Java heap size (-Xmx/-Xms)
#   Decrease number of Java threads
#   Decrease Java thread stack sizes (-Xss)
#   Set larger code cache with -XX:ReservedCodeCacheSize=
#   JVM is running with Unscaled Compressed Oops mode in which the Java heap is
#     placed in the first 4GB address space. The Java Heap base address is the
#     maximum limit for the native heap growth. Please use -XX:HeapBaseMinAddress
#     to set the Java Heap base and to place the Java Heap above 4GB virtual address.
# This output file may be truncated or incomplete.
#
#  Out of Memory Error (arena.cpp:168), pid=7276, tid=11784
#
# JRE version: OpenJDK Runtime Environment Temurin-21.0.10+7 (21.0.10+7) (build 21.0.10+7-LTS)
# Java VM: OpenJDK 64-Bit Server VM Temurin-21.0.10+7 (21.0.10+7-LTS, mixed mode, sharing, tiered, compressed oops, compressed class ptrs, parallel gc, windows-amd64)
# No core dump will be written. Minidumps are not enabled by default on client versions of Windows
#

---------------  S U M M A R Y ------------

Command Line: --add-modules=ALL-SYSTEM --add-opens=java.base/java.util=ALL-UNNAMED --add-opens=java.base/java.lang=ALL-UNNAMED --add-opens=java.base/sun.nio.fs=ALL-UNNAMED -Declipse.application=org.eclipse.jdt.ls.core.id1 -Dosgi.bundles.defaultStartLevel=4 -Declipse.product=org.eclipse.jdt.ls.core.product -Djava.import.generatesMetadataFilesAtProjectRoot=false -DDetectVMInstallationsJob.disabled=true -Dfile.encoding=utf8 -XX:+UseParallelGC -XX:GCTimeRatio=4 -XX:AdaptiveSizePolicyWeight=90 -Dsun.zip.disableMemoryMapping=true -Xmx2G -Xms100m -Xlog:disable -javaagent:c:\Users\kurub_loqidtx\.vscode\extensions\redhat.java-1.54.0-win32-x64\lombok\lombok-1.18.39-4050.jar c:\Users\kurub_loqidtx\.vscode\extensions\redhat.java-1.54.0-win32-x64\server\plugins\org.eclipse.equinox.launcher_1.7.100.v20251111-0406.jar -configuration c:\Users\kurub_loqidtx\AppData\Roaming\Code\User\globalStorage\redhat.java\1.54.0\config_ss_win -data c:\Users\kurub_loqidtx\AppData\Roaming\Code\User\workspaceStorage\811f36a114dddca7245e4ba8fff68428\redhat.java\ss_ws --pipe=\\.\pipe\lsp-070262979224285555367e2cb9f6ad9c-sock

Host: 13th Gen Intel(R) Core(TM) i5-1334U, 12 cores, 7G,  Windows 11 , 64 bit Build 26100 (10.0.26100.8246)
Time: Tue May  5 15:16:49 2026 India Standard Time elapsed time: 5.600699 seconds (0d 0h 0m 5s)

---------------  T H R E A D  ---------------

Current thread (0x00000279744eaac0):  JavaThread "C2 CompilerThread1" daemon [_thread_in_native, id=11784, stack(0x000000800e700000,0x000000800e800000) (1024K)]


Current CompileTask:
C2:5600 2591       4       org.lombokweb.asm.ClassReader::readMethod (1070 bytes)

Stack: [0x000000800e700000,0x000000800e800000]
Native frames: (J=compiled Java code, j=interpreted, Vv=VM code, C=native code)
V  [jvm.dll+0x6d7a39]
V  [jvm.dll+0x8b4b26]
V  [jvm.dll+0x8b70de]
V  [jvm.dll+0x8b77c3]
V  [jvm.dll+0x284346]
V  [jvm.dll+0xc66ed]
V  [jvm.dll+0xc6c31]
V  [jvm.dll+0x3bec3b]
V  [jvm.dll+0x1e3f69]
V  [jvm.dll+0x24c6b3]
V  [jvm.dll+0x24bb40]
V  [jvm.dll+0x1cb34e]
V  [jvm.dll+0x25b85d]
V  [jvm.dll+0x259dea]
V  [jvm.dll+0x3f857e]
V  [jvm.dll+0x85f59d]
V  [jvm.dll+0x6d626d]
C  [ucrtbase.dll+0x37b0]
C  [KERNEL32.DLL+0x2e8d7]
C  [ntdll.dll+0x8c3fc]


---------------  P R O C E S S  ---------------

Threads class SMR info:
_java_thread_list=0x00000279749276f0, length=20, elements={
0x00000279566dd690, 0x00000279567843e0, 0x000002795668cdd0, 0x0000027956787750,
0x00000279567881b0, 0x0000027956788c10, 0x0000027956789670, 0x000002795678c710,
0x00000279567967d0, 0x000002796e5ac610, 0x000002796e7429b0, 0x00000279741fbba0,
0x000002797411f0d0, 0x0000027974234de0, 0x0000027974312d00, 0x00000279740fbb80,
0x00000279744eaac0, 0x0000027974415b40, 0x00000279744161d0, 0x000002797512a860
}

Java Threads: ( => current thread )
  0x00000279566dd690 JavaThread "main"                              [_thread_blocked, id=6072, stack(0x000000800da00000,0x000000800db00000) (1024K)]
  0x00000279567843e0 JavaThread "Reference Handler"          daemon [_thread_blocked, id=11708, stack(0x000000800de00000,0x000000800df00000) (1024K)]
  0x000002795668cdd0 JavaThread "Finalizer"                  daemon [_thread_blocked, id=9904, stack(0x000000800df00000,0x000000800e000000) (1024K)]
  0x0000027956787750 JavaThread "Signal Dispatcher"          daemon [_thread_blocked, id=14964, stack(0x000000800e000000,0x000000800e100000) (1024K)]
  0x00000279567881b0 JavaThread "Attach Listener"            daemon [_thread_blocked, id=13764, stack(0x000000800e100000,0x000000800e200000) (1024K)]
  0x0000027956788c10 JavaThread "Service Thread"             daemon [_thread_blocked, id=20372, stack(0x000000800e200000,0x000000800e300000) (1024K)]
  0x0000027956789670 JavaThread "Monitor Deflation Thread"   daemon [_thread_blocked, id=2980, stack(0x000000800e300000,0x000000800e400000) (1024K)]
  0x000002795678c710 JavaThread "C2 CompilerThread0"         daemon [_thread_in_native, id=9616, stack(0x000000800e400000,0x000000800e500000) (1024K)]
  0x00000279567967d0 JavaThread "C1 CompilerThread0"         daemon [_thread_blocked, id=28588, stack(0x000000800e500000,0x000000800e600000) (1024K)]
  0x000002796e5ac610 JavaThread "Common-Cleaner"             daemon [_thread_blocked, id=12304, stack(0x000000800e600000,0x000000800e700000) (1024K)]
  0x000002796e7429b0 JavaThread "Notification Thread"        daemon [_thread_blocked, id=6664, stack(0x000000800e800000,0x000000800e900000) (1024K)]
  0x00000279741fbba0 JavaThread "Active Thread: Equinox Container: 6d114fa8-a8c2-4eef-a6ba-b8a8c0cd3a02"        [_thread_blocked, id=6992, stack(0x000000800f000000,0x000000800f100000) (1024K)]
  0x000002797411f0d0 JavaThread "Framework Event Dispatcher: Equinox Container: 6d114fa8-a8c2-4eef-a6ba-b8a8c0cd3a02" daemon [_thread_blocked, id=3420, stack(0x000000800f100000,0x000000800f200000) (1024K)]
  0x0000027974234de0 JavaThread "Start Level: Equinox Container: 6d114fa8-a8c2-4eef-a6ba-b8a8c0cd3a02" daemon [_thread_in_Java, id=21260, stack(0x000000800f200000,0x000000800f300000) (1024K)]
  0x0000027974312d00 JavaThread "SCR Component Actor"        daemon [_thread_blocked, id=22372, stack(0x000000800f400000,0x000000800f500000) (1024K)]
  0x00000279740fbb80 JavaThread "Worker-JM"                         [_thread_blocked, id=8020, stack(0x000000800f500000,0x000000800f600000) (1024K)]
=>0x00000279744eaac0 JavaThread "C2 CompilerThread1"         daemon [_thread_in_native, id=11784, stack(0x000000800e700000,0x000000800e800000) (1024K)]
  0x0000027974415b40 JavaThread "Worker-0"                          [_thread_blocked, id=14628, stack(0x000000800e900000,0x000000800ea00000) (1024K)]
  0x00000279744161d0 JavaThread "Worker-1"                          [_thread_blocked, id=23416, stack(0x000000800f800000,0x000000800f900000) (1024K)]
  0x000002797512a860 JavaThread "C2 CompilerThread2"         daemon [_thread_in_native, id=4652, stack(0x000000800f900000,0x000000800fa00000) (1024K)]
Total: 20

Other Threads:
  0x00000279566745c0 VMThread "VM Thread"                           [id=30548, stack(0x000000800dd00000,0x000000800de00000) (1024K)]
  0x000002795656ca00 WatcherThread "VM Periodic Task Thread"        [id=29796, stack(0x000000800dc00000,0x000000800dd00000) (1024K)]
  0x00000279566fd000 WorkerThread "GC Thread#0"                     [id=28024, stack(0x000000800db00000,0x000000800dc00000) (1024K)]
  0x000002796f574370 WorkerThread "GC Thread#1"                     [id=25208, stack(0x000000800ea00000,0x000000800eb00000) (1024K)]
  0x000002796f574720 WorkerThread "GC Thread#2"                     [id=17604, stack(0x000000800eb00000,0x000000800ec00000) (1024K)]
  0x000002796f574ad0 WorkerThread "GC Thread#3"                     [id=14836, stack(0x000000800ec00000,0x000000800ed00000) (1024K)]
  0x000002796f7e2660 WorkerThread "GC Thread#4"                     [id=15236, stack(0x000000800ed00000,0x000000800ee00000) (1024K)]
  0x000002796f7e3020 WorkerThread "GC Thread#5"                     [id=14820, stack(0x000000800ee00000,0x000000800ef00000) (1024K)]
  0x000002796f7c1890 WorkerThread "GC Thread#6"                     [id=6204, stack(0x000000800ef00000,0x000000800f000000) (1024K)]
  0x00000279742480d0 WorkerThread "GC Thread#7"                     [id=30560, stack(0x000000800f300000,0x000000800f400000) (1024K)]
  0x00000279740e0ad0 WorkerThread "GC Thread#8"                     [id=12576, stack(0x000000800f600000,0x000000800f700000) (1024K)]
  0x00000279740e0e80 WorkerThread "GC Thread#9"                     [id=22688, stack(0x000000800f700000,0x000000800f800000) (1024K)]
Total: 12

Threads with active compile tasks:
C2 CompilerThread0  6620 2810       4       java.lang.invoke.MethodType::makeImpl (109 bytes)
C2 CompilerThread1  6620 2591       4       org.lombokweb.asm.ClassReader::readMethod (1070 bytes)
C2 CompilerThread2  6620 2877       4       jdk.internal.module.SystemModuleFinders$SystemModuleReader::find (59 bytes)
Total: 3

VM state: not at safepoint (normal execution)

VM Mutex/Monitor currently owned by a thread: None

Heap address: 0x0000000080000000, size: 2048 MB, Compressed Oops mode: 32-bit

CDS archive(s) mapped at: [0x0000027900000000-0x0000027900ba0000-0x0000027900ba0000), size 12189696, SharedBaseAddress: 0x0000027900000000, ArchiveRelocationMode: 1.
Compressed class space mapped at: 0x0000027901000000-0x0000027941000000, reserved size: 1073741824
Narrow klass base: 0x0000027900000000, Narrow klass shift: 0, Narrow klass range: 0x100000000

GC Precious Log:
 CardTable entry size: 512
 CPUs: 12 total, 12 available
 Memory: 7835M
 Large Page Support: Disabled
 NUMA Support: Disabled
 Compressed Oops: Enabled (32-bit)
 Alignments: Space 512K, Generation 512K, Heap 2M
 Heap Min Capacity: 100M
 Heap Initial Capacity: 100M
 Heap Max Capacity: 2G
 Pre-touch: Disabled
 Parallel Workers: 10

Heap:
 PSYoungGen      total 30720K, used 9630K [0x00000000d5580000, 0x00000000d7900000, 0x0000000100000000)
  eden space 25088K, 38% used [0x00000000d5580000,0x00000000d5ee7a98,0x00000000d6e00000)
  from space 5632K, 0% used [0x00000000d7380000,0x00000000d7380000,0x00000000d7900000)
  to   space 5632K, 0% used [0x00000000d6e00000,0x00000000d6e00000,0x00000000d7380000)
 ParOldGen       total 68608K, used 10067K [0x0000000080000000, 0x0000000084300000, 0x00000000d5580000)
  object space 68608K, 14% used [0x0000000080000000,0x00000000809d4fb0,0x0000000084300000)
 Metaspace       used 22015K, committed 22656K, reserved 1114112K
  class space    used 2108K, committed 2432K, reserved 1048576K

Card table byte_map: [0x0000027956080000,0x0000027956490000] _byte_map_base: 0x0000027955c80000

Marking Bits: (ParMarkBitMap*) 0x00007ff808073450
 Begin Bits: [0x0000027968b90000, 0x000002796ab90000)
 End Bits:   [0x000002796ab90000, 0x000002796cb90000)

Polling page: 0x0000027954540000

Metaspace:

Usage:
  Non-class:     19.44 MB used.
      Class:      2.06 MB used.
       Both:     21.50 MB used.

Virtual space:
  Non-class space:       64.00 MB reserved,      19.75 MB ( 31%) committed,  1 nodes.
      Class space:        1.00 GB reserved,       2.38 MB ( <1%) committed,  1 nodes.
             Both:        1.06 GB reserved,      22.12 MB (  2%) committed. 

Chunk freelists:
   Non-Class:  11.75 MB
       Class:  13.48 MB
        Both:  25.23 MB

MaxMetaspaceSize: unlimited
CompressedClassSpaceSize: 1.00 GB
Initial GC threshold: 21.00 MB
Current GC threshold: 35.00 MB
CDS: on
 - commit_granule_bytes: 65536.
 - commit_granule_words: 8192.
 - virtual_space_node_default_size: 8388608.
 - enlarge_chunks_in_place: 1.
 - use_allocation_guard: 0.


Internal statistics:

num_allocs_failed_limit: 3.
num_arena_births: 498.
num_arena_deaths: 14.
num_vsnodes_births: 2.
num_vsnodes_deaths: 0.
num_space_committed: 354.
num_space_uncommitted: 0.
num_chunks_returned_to_freelist: 17.
num_chunks_taken_from_freelist: 1338.
num_chunk_merges: 9.
num_chunk_splits: 872.
num_chunks_enlarged: 561.
num_inconsistent_stats: 0.

CodeHeap 'non-profiled nmethods': size=120000Kb used=1237Kb max_used=1237Kb free=118762Kb
 bounds [0x00000279613b0000, 0x0000027961620000, 0x00000279688e0000]
CodeHeap 'profiled nmethods': size=120000Kb used=5639Kb max_used=5639Kb free=114360Kb
 bounds [0x00000279598e0000, 0x0000027959e70000, 0x0000027960e10000]
CodeHeap 'non-nmethods': size=5760Kb used=1312Kb max_used=1329Kb free=4447Kb
 bounds [0x0000027960e10000, 0x0000027961080000, 0x00000279613b0000]
CodeCache: size=245760Kb, used=8188Kb, max_used=8205Kb, free=237569Kb
 total_blobs=3467, nmethods=2873, adapters=500, full_count=0
Compilation: enabled, stopped_count=0, restarted_count=0

Compilation events (20 events):
Event: 3.523 Thread 0x00000279567967d0 nmethod 2860 0x0000027959e5ba10 code [0x0000027959e5bbc0, 0x0000027959e5bd98]
Event: 3.523 Thread 0x00000279567967d0 2861       3       org.eclipse.osgi.storage.bundlefile.ZipBundleFile$1::next (5 bytes)
Event: 3.523 Thread 0x00000279567967d0 nmethod 2861 0x0000027959e5be90 code [0x0000027959e5c060, 0x0000027959e5c450]
Event: 3.544 Thread 0x00000279567967d0 2864       3       java.lang.Character$UnicodeBlock::<init> (17 bytes)
Event: 3.545 Thread 0x00000279567967d0 nmethod 2864 0x0000027959e5c590 code [0x0000027959e5c780, 0x0000027959e5cbe0]
Event: 3.545 Thread 0x00000279567967d0 2865       3       java.lang.Character$Subset::<init> (24 bytes)
Event: 3.546 Thread 0x00000279567967d0 nmethod 2865 0x0000027959e5cd90 code [0x0000027959e5cf40, 0x0000027959e5d1c8]
Event: 3.546 Thread 0x000002797512a860 2811       4       java.util.HashMap::put (13 bytes)
Event: 3.563 Thread 0x000002797512a860 nmethod 2811 0x00000279614e2490 code [0x00000279614e26c0, 0x00000279614e3008]
Event: 3.803 Thread 0x00000279567967d0 2866       3       java.util.concurrent.Semaphore$NonfairSync::tryAcquireShared (6 bytes)
Event: 4.577 Thread 0x000002797512a860 2831 %     4       sun.security.provider.SHA::implCompress0 @ 133 (478 bytes)
Event: 4.577 Thread 0x00000279567967d0 nmethod 2866 0x0000027959e5d310 code [0x0000027959e5d4c0, 0x0000027959e5d5f8]
Event: 4.578 Thread 0x00000279567967d0 2867       3       java.util.concurrent.Semaphore$Sync::nonfairTryAcquireShared (27 bytes)
Event: 4.578 Thread 0x00000279567967d0 nmethod 2867 0x0000027959e5d690 code [0x0000027959e5d840, 0x0000027959e5da90]
Event: 4.582 Thread 0x00000279567967d0 2868   !   3       org.eclipse.core.internal.preferences.EclipsePreferences::internalGet (62 bytes)
Event: 4.583 Thread 0x00000279567967d0 nmethod 2868 0x0000027959e5db90 code [0x0000027959e5dda0, 0x0000027959e5e478]
Event: 4.583 Thread 0x00000279567967d0 2870       3       org.eclipse.core.internal.preferences.PreferencesService::get (62 bytes)
Event: 4.583 Thread 0x00000279567967d0 nmethod 2870 0x0000027959e5e710 code [0x0000027959e5e900, 0x0000027959e5ee10]
Event: 4.583 Thread 0x00000279567967d0 2869       3       org.eclipse.core.internal.preferences.EclipsePreferences::get (16 bytes)
Event: 4.583 Thread 0x00000279567967d0 nmethod 2869 0x0000027959e5f010 code [0x0000027959e5f1c0, 0x0000027959e5f3e0]

GC Heap History (14 events):
Event: 0.966 GC heap before
{Heap before GC invocations=1 (full 0):
 PSYoungGen      total 29696K, used 25600K [0x00000000d5580000, 0x00000000d7680000, 0x0000000100000000)
  eden space 25600K, 100% used [0x00000000d5580000,0x00000000d6e80000,0x00000000d6e80000)
  from space 4096K, 0% used [0x00000000d7280000,0x00000000d7280000,0x00000000d7680000)
  to   space 4096K, 0% used [0x00000000d6e80000,0x00000000d6e80000,0x00000000d7280000)
 ParOldGen       total 68608K, used 0K [0x0000000080000000, 0x0000000084300000, 0x00000000d5580000)
  object space 68608K, 0% used [0x0000000080000000,0x0000000080000000,0x0000000084300000)
 Metaspace       used 4325K, committed 4608K, reserved 1114112K
  class space    used 473K, committed 576K, reserved 1048576K
}
Event: 0.972 GC heap after
{Heap after GC invocations=1 (full 0):
 PSYoungGen      total 29696K, used 3303K [0x00000000d5580000, 0x00000000d7680000, 0x0000000100000000)
  eden space 25600K, 0% used [0x00000000d5580000,0x00000000d5580000,0x00000000d6e80000)
  from space 4096K, 80% used [0x00000000d6e80000,0x00000000d71b9e98,0x00000000d7280000)
  to   space 4096K, 0% used [0x00000000d7280000,0x00000000d7280000,0x00000000d7680000)
 ParOldGen       total 68608K, used 16K [0x0000000080000000, 0x0000000084300000, 0x00000000d5580000)
  object space 68608K, 0% used [0x0000000080000000,0x0000000080004000,0x0000000084300000)
 Metaspace       used 4325K, committed 4608K, reserved 1114112K
  class space    used 473K, committed 576K, reserved 1048576K
}
Event: 1.844 GC heap before
{Heap before GC invocations=2 (full 0):
 PSYoungGen      total 29696K, used 28903K [0x00000000d5580000, 0x00000000d7680000, 0x0000000100000000)
  eden space 25600K, 100% used [0x00000000d5580000,0x00000000d6e80000,0x00000000d6e80000)
  from space 4096K, 80% used [0x00000000d6e80000,0x00000000d71b9e98,0x00000000d7280000)
  to   space 4096K, 0% used [0x00000000d7280000,0x00000000d7280000,0x00000000d7680000)
 ParOldGen       total 68608K, used 16K [0x0000000080000000, 0x0000000084300000, 0x00000000d5580000)
  object space 68608K, 0% used [0x0000000080000000,0x0000000080004000,0x0000000084300000)
 Metaspace       used 8153K, committed 8448K, reserved 1114112K
  class space    used 868K, committed 960K, reserved 1048576K
}
Event: 1.851 GC heap after
{Heap after GC invocations=2 (full 0):
 PSYoungGen      total 29696K, used 4075K [0x00000000d5580000, 0x00000000d7680000, 0x0000000100000000)
  eden space 25600K, 0% used [0x00000000d5580000,0x00000000d5580000,0x00000000d6e80000)
  from space 4096K, 99% used [0x00000000d7280000,0x00000000d767aff8,0x00000000d7680000)
  to   space 4096K, 0% used [0x00000000d6e80000,0x00000000d6e80000,0x00000000d7280000)
 ParOldGen       total 68608K, used 1165K [0x0000000080000000, 0x0000000084300000, 0x00000000d5580000)
  object space 68608K, 1% used [0x0000000080000000,0x00000000801236b8,0x0000000084300000)
 Metaspace       used 8153K, committed 8448K, reserved 1114112K
  class space    used 868K, committed 960K, reserved 1048576K
}
Event: 2.320 GC heap before
{Heap before GC invocations=3 (full 0):
 PSYoungGen      total 29696K, used 29675K [0x00000000d5580000, 0x00000000d7680000, 0x0000000100000000)
  eden space 25600K, 100% used [0x00000000d5580000,0x00000000d6e80000,0x00000000d6e80000)
  from space 4096K, 99% used [0x00000000d7280000,0x00000000d767aff8,0x00000000d7680000)
  to   space 4096K, 0% used [0x00000000d6e80000,0x00000000d6e80000,0x00000000d7280000)
 ParOldGen       total 68608K, used 1165K [0x0000000080000000, 0x0000000084300000, 0x00000000d5580000)
  object space 68608K, 1% used [0x0000000080000000,0x00000000801236b8,0x0000000084300000)
 Metaspace       used 12967K, committed 13504K, reserved 1114112K
  class space    used 1378K, committed 1600K, reserved 1048576K
}
Event: 2.327 GC heap after
{Heap after GC invocations=3 (full 0):
 PSYoungGen      total 29696K, used 4082K [0x00000000d5580000, 0x00000000d7680000, 0x0000000100000000)
  eden space 25600K, 0% used [0x00000000d5580000,0x00000000d5580000,0x00000000d6e80000)
  from space 4096K, 99% used [0x00000000d6e80000,0x00000000d727c860,0x00000000d7280000)
  to   space 4096K, 0% used [0x00000000d7280000,0x00000000d7280000,0x00000000d7680000)
 ParOldGen       total 68608K, used 2904K [0x0000000080000000, 0x0000000084300000, 0x00000000d5580000)
  object space 68608K, 4% used [0x0000000080000000,0x00000000802d6300,0x0000000084300000)
 Metaspace       used 12967K, committed 13504K, reserved 1114112K
  class space    used 1378K, committed 1600K, reserved 1048576K
}
Event: 2.815 GC heap before
{Heap before GC invocations=4 (full 0):
 PSYoungGen      total 29696K, used 29611K [0x00000000d5580000, 0x00000000d7680000, 0x0000000100000000)
  eden space 25600K, 99% used [0x00000000d5580000,0x00000000d6e6e578,0x00000000d6e80000)
  from space 4096K, 99% used [0x00000000d6e80000,0x00000000d727c860,0x00000000d7280000)
  to   space 4096K, 0% used [0x00000000d7280000,0x00000000d7280000,0x00000000d7680000)
 ParOldGen       total 68608K, used 2904K [0x0000000080000000, 0x0000000084300000, 0x00000000d5580000)
  object space 68608K, 4% used [0x0000000080000000,0x00000000802d6300,0x0000000084300000)
 Metaspace       used 16082K, committed 16768K, reserved 1114112K
  class space    used 1673K, committed 1984K, reserved 1048576K
}
Event: 2.822 GC heap after
{Heap after GC invocations=4 (full 0):
 PSYoungGen      total 29696K, used 4090K [0x00000000d5580000, 0x00000000d7680000, 0x0000000100000000)
  eden space 25600K, 0% used [0x00000000d5580000,0x00000000d5580000,0x00000000d6e80000)
  from space 4096K, 99% used [0x00000000d7280000,0x00000000d767ebd0,0x00000000d7680000)
  to   space 4096K, 0% used [0x00000000d6e80000,0x00000000d6e80000,0x00000000d7280000)
 ParOldGen       total 68608K, used 6082K [0x0000000080000000, 0x0000000084300000, 0x00000000d5580000)
  object space 68608K, 8% used [0x0000000080000000,0x00000000805f0b00,0x0000000084300000)
 Metaspace       used 16082K, committed 16768K, reserved 1114112K
  class space    used 1673K, committed 1984K, reserved 1048576K
}
Event: 3.052 GC heap before
{Heap before GC invocations=5 (full 0):
 PSYoungGen      total 29696K, used 29690K [0x00000000d5580000, 0x00000000d7680000, 0x0000000100000000)
  eden space 25600K, 100% used [0x00000000d5580000,0x00000000d6e80000,0x00000000d6e80000)
  from space 4096K, 99% used [0x00000000d7280000,0x00000000d767ebd0,0x00000000d7680000)
  to   space 4096K, 0% used [0x00000000d6e80000,0x00000000d6e80000,0x00000000d7280000)
 ParOldGen       total 68608K, used 6082K [0x0000000080000000, 0x0000000084300000, 0x00000000d5580000)
  object space 68608K, 8% used [0x0000000080000000,0x00000000805f0b00,0x0000000084300000)
 Metaspace       used 20061K, committed 20672K, reserved 1114112K
  class space    used 1963K, committed 2240K, reserved 1048576K
}
Event: 3.056 GC heap after
{Heap after GC invocations=5 (full 0):
 PSYoungGen      total 29184K, used 4078K [0x00000000d5580000, 0x00000000d7900000, 0x0000000100000000)
  eden space 25088K, 0% used [0x00000000d5580000,0x00000000d5580000,0x00000000d6e00000)
  from space 4096K, 99% used [0x00000000d6e80000,0x00000000d727b9c8,0x00000000d7280000)
  to   space 5632K, 0% used [0x00000000d7380000,0x00000000d7380000,0x00000000d7900000)
 ParOldGen       total 68608K, used 6555K [0x0000000080000000, 0x0000000084300000, 0x00000000d5580000)
  object space 68608K, 9% used [0x0000000080000000,0x0000000080666ca8,0x0000000084300000)
 Metaspace       used 20061K, committed 20672K, reserved 1114112K
  class space    used 1963K, committed 2240K, reserved 1048576K
}
Event: 3.255 GC heap before
{Heap before GC invocations=6 (full 0):
 PSYoungGen      total 29184K, used 22726K [0x00000000d5580000, 0x00000000d7900000, 0x0000000100000000)
  eden space 25088K, 74% used [0x00000000d5580000,0x00000000d67b6010,0x00000000d6e00000)
  from space 4096K, 99% used [0x00000000d6e80000,0x00000000d727b9c8,0x00000000d7280000)
  to   space 5632K, 0% used [0x00000000d7380000,0x00000000d7380000,0x00000000d7900000)
 ParOldGen       total 68608K, used 6555K [0x0000000080000000, 0x0000000084300000, 0x00000000d5580000)
  object space 68608K, 9% used [0x0000000080000000,0x0000000080666ca8,0x0000000084300000)
 Metaspace       used 20908K, committed 21504K, reserved 1114112K
  class space    used 2008K, committed 2304K, reserved 1048576K
}
Event: 3.261 GC heap after
{Heap after GC invocations=6 (full 0):
 PSYoungGen      total 30720K, used 5243K [0x00000000d5580000, 0x00000000d7900000, 0x0000000100000000)
  eden space 25088K, 0% used [0x00000000d5580000,0x00000000d5580000,0x00000000d6e00000)
  from space 5632K, 93% used [0x00000000d7380000,0x00000000d789ee10,0x00000000d7900000)
  to   space 5632K, 0% used [0x00000000d6e00000,0x00000000d6e00000,0x00000000d7380000)
 ParOldGen       total 68608K, used 7344K [0x0000000080000000, 0x0000000084300000, 0x00000000d5580000)
  object space 68608K, 10% used [0x0000000080000000,0x000000008072c1b8,0x0000000084300000)
 Metaspace       used 20908K, committed 21504K, reserved 1114112K
  class space    used 2008K, committed 2304K, reserved 1048576K
}
Event: 3.261 GC heap before
{Heap before GC invocations=7 (full 1):
 PSYoungGen      total 30720K, used 5243K [0x00000000d5580000, 0x00000000d7900000, 0x0000000100000000)
  eden space 25088K, 0% used [0x00000000d5580000,0x00000000d5580000,0x00000000d6e00000)
  from space 5632K, 93% used [0x00000000d7380000,0x00000000d789ee10,0x00000000d7900000)
  to   space 5632K, 0% used [0x00000000d6e00000,0x00000000d6e00000,0x00000000d7380000)
 ParOldGen       total 68608K, used 7344K [0x0000000080000000, 0x0000000084300000, 0x00000000d5580000)
  object space 68608K, 10% used [0x0000000080000000,0x000000008072c1b8,0x0000000084300000)
 Metaspace       used 20908K, committed 21504K, reserved 1114112K
  class space    used 2008K, committed 2304K, reserved 1048576K
}
Event: 3.291 GC heap after
{Heap after GC invocations=7 (full 1):
 PSYoungGen      total 30720K, used 0K [0x00000000d5580000, 0x00000000d7900000, 0x0000000100000000)
  eden space 25088K, 0% used [0x00000000d5580000,0x00000000d5580000,0x00000000d6e00000)
  from space 5632K, 0% used [0x00000000d7380000,0x00000000d7380000,0x00000000d7900000)
  to   space 5632K, 0% used [0x00000000d6e00000,0x00000000d6e00000,0x00000000d7380000)
 ParOldGen       total 68608K, used 10067K [0x0000000080000000, 0x0000000084300000, 0x00000000d5580000)
  object space 68608K, 14% used [0x0000000080000000,0x00000000809d4fb0,0x0000000084300000)
 Metaspace       used 20895K, committed 21504K, reserved 1114112K
  class space    used 2005K, committed 2304K, reserved 1048576K
}

Dll operation events (9 events):
Event: 0.019 Loaded shared library c:\Users\kurub_loqidtx\.vscode\extensions\redhat.java-1.54.0-win32-x64\jre\21.0.10-win32-x86_64\bin\java.dll
Event: 0.137 Loaded shared library c:\Users\kurub_loqidtx\.vscode\extensions\redhat.java-1.54.0-win32-x64\jre\21.0.10-win32-x86_64\bin\zip.dll
Event: 0.170 Loaded shared library C:\Users\kurub_loqidtx\.vscode\extensions\redhat.java-1.54.0-win32-x64\jre\21.0.10-win32-x86_64\bin\instrument.dll
Event: 0.182 Loaded shared library C:\Users\kurub_loqidtx\.vscode\extensions\redhat.java-1.54.0-win32-x64\jre\21.0.10-win32-x86_64\bin\net.dll
Event: 0.184 Loaded shared library C:\Users\kurub_loqidtx\.vscode\extensions\redhat.java-1.54.0-win32-x64\jre\21.0.10-win32-x86_64\bin\nio.dll
Event: 0.190 Loaded shared library C:\Users\kurub_loqidtx\.vscode\extensions\redhat.java-1.54.0-win32-x64\jre\21.0.10-win32-x86_64\bin\zip.dll
Event: 0.220 Loaded shared library C:\Users\kurub_loqidtx\.vscode\extensions\redhat.java-1.54.0-win32-x64\jre\21.0.10-win32-x86_64\bin\jimage.dll
Event: 0.326 Loaded shared library c:\Users\kurub_loqidtx\.vscode\extensions\redhat.java-1.54.0-win32-x64\jre\21.0.10-win32-x86_64\bin\verify.dll
Event: 1.820 Loaded shared library C:\Users\kurub_loqidtx\AppData\Roaming\Code\User\globalStorage\redhat.java\1.54.0\config_ss_win\org.eclipse.equinox.launcher\org.eclipse.equinox.launcher.win32.win32.x86_64_1.3.0.v20260203-2149\eclipse_11919.dll

Deoptimization events (20 events):
Event: 3.405 Thread 0x0000027974234de0 Uncommon trap: trap_request=0xffffff45 fr.pc=0x00000279613ed90c relative=0x000000000000006c
Event: 3.405 Thread 0x0000027974234de0 Uncommon trap: reason=unstable_if action=reinterpret pc=0x00000279613ed90c method=java.lang.AbstractStringBuilder.isLatin1()Z @ 10 c2
Event: 3.405 Thread 0x0000027974234de0 DEOPT PACKING pc=0x00000279613ed90c sp=0x000000800f2fe1e0
Event: 3.405 Thread 0x0000027974234de0 DEOPT UNPACKING pc=0x0000027960e63aa2 sp=0x000000800f2fe170 mode 2
Event: 3.412 Thread 0x0000027974234de0 Uncommon trap: trap_request=0xffffffc6 fr.pc=0x0000027961460b98 relative=0x0000000000000ab8
Event: 3.412 Thread 0x0000027974234de0 Uncommon trap: reason=bimorphic_or_optimized_type_check action=maybe_recompile pc=0x0000027961460b98 method=java.util.HashMap.putVal(ILjava/lang/Object;Ljava/lang/Object;ZZ)Ljava/lang/Object; @ 56 c2
Event: 3.412 Thread 0x0000027974234de0 DEOPT PACKING pc=0x0000027961460b98 sp=0x000000800f2fd9d0
Event: 3.412 Thread 0x0000027974234de0 DEOPT UNPACKING pc=0x0000027960e63aa2 sp=0x000000800f2fd8d0 mode 2
Event: 3.412 Thread 0x0000027974234de0 Uncommon trap: trap_request=0xffffffc6 fr.pc=0x0000027961460b98 relative=0x0000000000000ab8
Event: 3.412 Thread 0x0000027974234de0 Uncommon trap: reason=bimorphic_or_optimized_type_check action=maybe_recompile pc=0x0000027961460b98 method=java.util.HashMap.putVal(ILjava/lang/Object;Ljava/lang/Object;ZZ)Ljava/lang/Object; @ 56 c2
Event: 3.412 Thread 0x0000027974234de0 DEOPT PACKING pc=0x0000027961460b98 sp=0x000000800f2fd9d0
Event: 3.412 Thread 0x0000027974234de0 DEOPT UNPACKING pc=0x0000027960e63aa2 sp=0x000000800f2fd8d0 mode 2
Event: 3.412 Thread 0x0000027974234de0 Uncommon trap: trap_request=0xffffffc6 fr.pc=0x0000027961460b98 relative=0x0000000000000ab8
Event: 3.412 Thread 0x0000027974234de0 Uncommon trap: reason=bimorphic_or_optimized_type_check action=maybe_recompile pc=0x0000027961460b98 method=java.util.HashMap.putVal(ILjava/lang/Object;Ljava/lang/Object;ZZ)Ljava/lang/Object; @ 56 c2
Event: 3.412 Thread 0x0000027974234de0 DEOPT PACKING pc=0x0000027961460b98 sp=0x000000800f2fd9d0
Event: 3.412 Thread 0x0000027974234de0 DEOPT UNPACKING pc=0x0000027960e63aa2 sp=0x000000800f2fd8d0 mode 2
Event: 3.412 Thread 0x0000027974234de0 Uncommon trap: trap_request=0xffffffc6 fr.pc=0x0000027961460b98 relative=0x0000000000000ab8
Event: 3.412 Thread 0x0000027974234de0 Uncommon trap: reason=bimorphic_or_optimized_type_check action=maybe_recompile pc=0x0000027961460b98 method=java.util.HashMap.putVal(ILjava/lang/Object;Ljava/lang/Object;ZZ)Ljava/lang/Object; @ 56 c2
Event: 3.412 Thread 0x0000027974234de0 DEOPT PACKING pc=0x0000027961460b98 sp=0x000000800f2fd9d0
Event: 3.412 Thread 0x0000027974234de0 DEOPT UNPACKING pc=0x0000027960e63aa2 sp=0x000000800f2fd8d0 mode 2

Classes loaded (20 events):
Event: 3.474 Loading class java/nio/file/DirectoryStream done
Event: 3.474 Loading class sun/nio/fs/WindowsDirectoryStream done
Event: 3.477 Loading class sun/nio/fs/WindowsDirectoryStream$WindowsDirectoryIterator
Event: 3.477 Loading class sun/nio/fs/WindowsDirectoryStream$WindowsDirectoryIterator done
Event: 3.478 Loading class sun/nio/fs/WindowsPath$WindowsPathWithAttributes
Event: 3.478 Loading class sun/nio/fs/BasicFileAttributesHolder
Event: 3.478 Loading class sun/nio/fs/BasicFileAttributesHolder done
Event: 3.478 Loading class sun/nio/fs/WindowsPath$WindowsPathWithAttributes done
Event: 3.508 Loading class sun/security/provider/AbstractDrbg$NonceProvider
Event: 3.508 Loading class sun/security/provider/AbstractDrbg$NonceProvider done
Event: 3.534 Loading class java/util/DualPivotQuicksort
Event: 3.534 Loading class java/util/DualPivotQuicksort done
Event: 3.538 Loading class java/lang/Character$UnicodeBlock
Event: 3.540 Loading class java/lang/Character$Subset
Event: 3.540 Loading class java/lang/Character$Subset done
Event: 3.540 Loading class java/lang/Character$UnicodeBlock done
Event: 3.552 Loading class java/lang/StringIndexOutOfBoundsException
Event: 3.552 Loading class java/lang/StringIndexOutOfBoundsException done
Event: 3.557 Loading class sun/nio/fs/WindowsPath$1
Event: 3.557 Loading class sun/nio/fs/WindowsPath$1 done

Classes unloaded (7 events):
Event: 3.266 Thread 0x00000279566745c0 Unloading class 0x0000027901190c00 'java/lang/invoke/LambdaForm$MH+0x0000027901190c00'
Event: 3.266 Thread 0x00000279566745c0 Unloading class 0x0000027901190800 'java/lang/invoke/LambdaForm$MH+0x0000027901190800'
Event: 3.266 Thread 0x00000279566745c0 Unloading class 0x0000027901190400 'java/lang/invoke/LambdaForm$MH+0x0000027901190400'
Event: 3.266 Thread 0x00000279566745c0 Unloading class 0x0000027901190000 'java/lang/invoke/LambdaForm$MH+0x0000027901190000'
Event: 3.266 Thread 0x00000279566745c0 Unloading class 0x000002790118fc00 'java/lang/invoke/LambdaForm$BMH+0x000002790118fc00'
Event: 3.266 Thread 0x00000279566745c0 Unloading class 0x000002790118f800 'java/lang/invoke/LambdaForm$DMH+0x000002790118f800'
Event: 3.266 Thread 0x00000279566745c0 Unloading class 0x000002790118e400 'java/lang/invoke/LambdaForm$DMH+0x000002790118e400'

Classes redefined (0 events):
No events

Internal exceptions (20 events):
Event: 2.588 Thread 0x0000027974234de0 Exception <a 'java/lang/NoSuchMethodError'{0x00000000d5e0fae8}: 'java.lang.Object java.lang.invoke.DirectMethodHandle$Holder.invokeSpecial(java.lang.Object, java.lang.Object, java.lang.Object, java.lang.Object, long)'> (0x00000000d5e0fae8) 
thrown [s\src\hotspot\share\interpreter\linkResolver.cpp, line 773]
Event: 2.588 Thread 0x0000027974234de0 Exception <a 'java/lang/NoSuchMethodError'{0x00000000d5e13708}: 'java.lang.Object java.lang.invoke.Invokers$Holder.linkToTargetMethod(java.lang.Object, java.lang.Object, long, java.lang.Object)'> (0x00000000d5e13708) 
thrown [s\src\hotspot\share\interpreter\linkResolver.cpp, line 773]
Event: 2.601 Thread 0x0000027974234de0 Exception <a 'java/lang/NoSuchMethodError'{0x00000000d5e85a08}: 'int java.lang.invoke.DirectMethodHandle$Holder.invokeStaticInit(java.lang.Object, java.lang.Object, java.lang.Object)'> (0x00000000d5e85a08) 
thrown [s\src\hotspot\share\interpreter\linkResolver.cpp, line 773]
Event: 2.619 Thread 0x0000027974234de0 Exception <a 'java/lang/IncompatibleClassChangeError'{0x00000000d5f22138}: Found class java.lang.Object, but interface was expected> (0x00000000d5f22138) 
thrown [s\src\hotspot\share\interpreter\linkResolver.cpp, line 840]
Event: 2.620 Thread 0x0000027974234de0 Exception <a 'java/lang/NoSuchMethodError'{0x00000000d5f25ce8}: 'java.lang.Object java.lang.invoke.DirectMethodHandle$Holder.invokeSpecial(java.lang.Object, java.lang.Object, java.lang.Object, int, java.lang.Object, java.lang.Object)'> (0x00000000d5f25ce8) 
thrown [s\src\hotspot\share\interpreter\linkResolver.cpp, line 773]
Event: 2.621 Thread 0x0000027974234de0 Exception <a 'java/lang/NoSuchMethodError'{0x00000000d5f2d7c0}: 'java.lang.Object java.lang.invoke.DirectMethodHandle$Holder.newInvokeSpecial(java.lang.Object, java.lang.Object, java.lang.Object, int, java.lang.Object)'> (0x00000000d5f2d7c0) 
thrown [s\src\hotspot\share\interpreter\linkResolver.cpp, line 773]
Event: 2.621 Thread 0x0000027974234de0 Exception <a 'java/lang/NoSuchMethodError'{0x00000000d5f31740}: 'java.lang.Object java.lang.invoke.DirectMethodHandle$Holder.invokeSpecial(java.lang.Object, java.lang.Object, java.lang.Object, java.lang.Object, int, java.lang.Object)'> (0x00000000d5f31740) 
thrown [s\src\hotspot\share\interpreter\linkResolver.cpp, line 773]
Event: 2.621 Thread 0x0000027974234de0 Exception <a 'java/lang/NoSuchMethodError'{0x00000000d5f35280}: 'java.lang.Object java.lang.invoke.Invokers$Holder.linkToTargetMethod(java.lang.Object, java.lang.Object, int, java.lang.Object, java.lang.Object)'> (0x00000000d5f35280) 
thrown [s\src\hotspot\share\interpreter\linkResolver.cpp, line 773]
Event: 2.623 Thread 0x0000027974415b40 Exception <a 'java/lang/NoSuchMethodError'{0x00000000d5e50f30}: 'java.lang.Object java.lang.invoke.DirectMethodHandle$Holder.invokeSpecial(java.lang.Object, java.lang.Object, int, java.lang.Object, java.lang.Object)'> (0x00000000d5e50f30) 
thrown [s\src\hotspot\share\interpreter\linkResolver.cpp, line 773]
Event: 2.625 Thread 0x0000027974415b40 Exception <a 'java/lang/NoSuchMethodError'{0x00000000d5e57c68}: 'java.lang.Object java.lang.invoke.DirectMethodHandle$Holder.newInvokeSpecial(java.lang.Object, java.lang.Object, int, java.lang.Object)'> (0x00000000d5e57c68) 
thrown [s\src\hotspot\share\interpreter\linkResolver.cpp, line 773]
Event: 2.626 Thread 0x0000027974415b40 Exception <a 'java/lang/NoSuchMethodError'{0x00000000d5e5b548}: 'java.lang.Object java.lang.invoke.DirectMethodHandle$Holder.invokeSpecial(java.lang.Object, java.lang.Object, java.lang.Object, int, java.lang.Object)'> (0x00000000d5e5b548) 
thrown [s\src\hotspot\share\interpreter\linkResolver.cpp, line 773]
Event: 2.647 Thread 0x0000027974234de0 Exception <a 'java/lang/NoSuchMethodError'{0x00000000d607f4d0}: 'void java.lang.invoke.DirectMethodHandle$Holder.invokeSpecial(java.lang.Object, java.lang.Object, java.lang.Object, java.lang.Object, java.lang.Object)'> (0x00000000d607f4d0) 
thrown [s\src\hotspot\share\interpreter\linkResolver.cpp, line 773]
Event: 2.701 Thread 0x0000027974234de0 Exception <a 'java/lang/NoSuchMethodError'{0x00000000d6351988}: 'double java.lang.invoke.DirectMethodHandle$Holder.invokeStatic(java.lang.Object, java.lang.Object)'> (0x00000000d6351988) 
thrown [s\src\hotspot\share\interpreter\linkResolver.cpp, line 773]
Event: 2.701 Thread 0x0000027974234de0 Exception <a 'java/lang/NoSuchMethodError'{0x00000000d6355048}: 'double java.lang.invoke.DirectMethodHandle$Holder.invokeStaticInit(java.lang.Object, java.lang.Object)'> (0x00000000d6355048) 
thrown [s\src\hotspot\share\interpreter\linkResolver.cpp, line 773]
Event: 2.989 Thread 0x0000027974234de0 Implicit null exception at 0x00000279614c7475 to 0x00000279614c7550
Event: 3.108 Thread 0x0000027974234de0 Exception <a 'java/io/FileNotFoundException'{0x00000000d6223358}> (0x00000000d6223358) 
thrown [s\src\hotspot\share\prims\jni.cpp, line 520]
Event: 3.109 Thread 0x0000027974234de0 Exception <a 'java/io/FileNotFoundException'{0x00000000d6224398}> (0x00000000d6224398) 
thrown [s\src\hotspot\share\prims\jni.cpp, line 520]
Event: 3.365 Thread 0x0000027974234de0 Exception <a 'java/lang/NoSuchMethodError'{0x00000000d5779470}: 'java.lang.Object java.lang.invoke.DirectMethodHandle$Holder.newInvokeSpecial(java.lang.Object, int, java.lang.Object, java.lang.Object)'> (0x00000000d5779470) 
thrown [s\src\hotspot\share\interpreter\linkResolver.cpp, line 773]
Event: 3.444 Thread 0x0000027974234de0 Exception <a 'java/lang/NoSuchMethodError'{0x00000000d5a04038}: 'java.lang.Object java.lang.invoke.DirectMethodHandle$Holder.invokeStaticInit(java.lang.Object, int, int, int, int)'> (0x00000000d5a04038) 
thrown [s\src\hotspot\share\interpreter\linkResolver.cpp, line 773]
Event: 3.504 Thread 0x0000027974234de0 Exception <a 'java/lang/NoSuchMethodError'{0x00000000d5b5b438}: 'java.lang.Object java.lang.invoke.DirectMethodHandle$Holder.invokeStaticInit(java.lang.Object, java.lang.Object, int, int, int, int)'> (0x00000000d5b5b438) 
thrown [s\src\hotspot\share\interpreter\linkResolver.cpp, line 773]

ZGC Phase Switch (0 events):
No events

VM Operations (20 events):
Event: 2.461 Executing non-safepoint VM operation: HandshakeAllThreads (Deoptimize)
Event: 2.461 Executing non-safepoint VM operation: HandshakeAllThreads (Deoptimize) done
Event: 2.484 Executing non-safepoint VM operation: HandshakeAllThreads (Deoptimize)
Event: 2.484 Executing non-safepoint VM operation: HandshakeAllThreads (Deoptimize) done
Event: 2.814 Executing safepoint VM operation: ParallelGCFailedAllocation (Allocation Failure)
Event: 2.822 Executing safepoint VM operation: ParallelGCFailedAllocation (Allocation Failure) done
Event: 3.052 Executing safepoint VM operation: ParallelGCFailedAllocation (Allocation Failure)
Event: 3.056 Executing safepoint VM operation: ParallelGCFailedAllocation (Allocation Failure) done
Event: 3.255 Executing safepoint VM operation: CollectForMetadataAllocation (Metadata GC Threshold)
Event: 3.291 Executing safepoint VM operation: CollectForMetadataAllocation (Metadata GC Threshold) done
Event: 3.411 Executing non-safepoint VM operation: HandshakeAllThreads (Deoptimize)
Event: 3.411 Executing non-safepoint VM operation: HandshakeAllThreads (Deoptimize) done
Event: 3.513 Executing non-safepoint VM operation: HandshakeAllThreads (Deoptimize)
Event: 3.513 Executing non-safepoint VM operation: HandshakeAllThreads (Deoptimize) done
Event: 3.526 Executing non-safepoint VM operation: HandshakeAllThreads (Deoptimize)
Event: 3.526 Executing non-safepoint VM operation: HandshakeAllThreads (Deoptimize) done
Event: 4.530 Executing safepoint VM operation: Cleanup
Event: 4.530 Executing safepoint VM operation: Cleanup done
Event: 5.534 Executing safepoint VM operation: Cleanup
Event: 5.534 Executing safepoint VM operation: Cleanup done

Memory protections (0 events):
No events

Nmethod flushes (0 events):
No events

Events (20 events):
Event: 0.074 Thread 0x00000279566dd690 Thread added: 0x0000027956789670
Event: 0.074 Thread 0x00000279566dd690 Thread added: 0x000002795678c710
Event: 0.074 Thread 0x00000279566dd690 Thread added: 0x00000279567967d0
Event: 0.176 Thread 0x00000279566dd690 Thread added: 0x000002796e5ac610
Event: 0.317 Thread 0x000002795678c710 Thread added: 0x000002796e69f500
Event: 0.441 Thread 0x00000279566dd690 Thread added: 0x000002796e7429b0
Event: 0.554 Thread 0x000002795678c710 Thread added: 0x000002796f3ee720
Event: 1.500 Thread 0x00000279566dd690 Thread added: 0x00000279741fbba0
Event: 1.812 Thread 0x00000279566dd690 Thread added: 0x000002797411f0d0
Event: 1.815 Thread 0x00000279566dd690 Thread added: 0x0000027974234de0
Event: 1.971 Thread 0x0000027974234de0 Thread added: 0x0000027974312d00
Event: 2.212 Thread 0x0000027974234de0 Thread added: 0x00000279740fbb80
Event: 2.429 Thread 0x000002796f3ee720 Thread exited: 0x000002796f3ee720
Event: 2.429 Thread 0x000002796e69f500 Thread exited: 0x000002796e69f500
Event: 2.502 Thread 0x00000279567967d0 Thread added: 0x00000279744eaac0
Event: 2.595 Thread 0x0000027974234de0 Thread added: 0x0000027974415b40
Event: 2.625 Thread 0x0000027974234de0 Thread added: 0x00000279744161d0
Event: 3.346 Thread 0x0000027974234de0 Thread added: 0x0000027974416860
Event: 3.420 Thread 0x0000027974416860 Thread exited: 0x0000027974416860
Event: 3.545 Thread 0x00000279567967d0 Thread added: 0x000002797512a860


Dynamic libraries:
0x00007ff6118d0000 - 0x00007ff6118de000 	c:\Users\kurub_loqidtx\.vscode\extensions\redhat.java-1.54.0-win32-x64\jre\21.0.10-win32-x86_64\bin\java.exe
0x00007ff8e6f60000 - 0x00007ff8e71c7000 	C:\WINDOWS\SYSTEM32\ntdll.dll
0x00007ff8e4f10000 - 0x00007ff8e4fd9000 	C:\WINDOWS\System32\KERNEL32.DLL
0x00007ff8e3ad0000 - 0x00007ff8e3ec4000 	C:\WINDOWS\System32\KERNELBASE.dll
0x00007ff8e4ba0000 - 0x00007ff8e4ceb000 	C:\WINDOWS\System32\ucrtbase.dll
0x00007ff8ab9c0000 - 0x00007ff8ab9d8000 	c:\Users\kurub_loqidtx\.vscode\extensions\redhat.java-1.54.0-win32-x64\jre\21.0.10-win32-x86_64\bin\jli.dll
0x00007ff8be620000 - 0x00007ff8be63e000 	c:\Users\kurub_loqidtx\.vscode\extensions\redhat.java-1.54.0-win32-x64\jre\21.0.10-win32-x86_64\bin\VCRUNTIME140.dll
0x00007ff8e5530000 - 0x00007ff8e56f5000 	C:\WINDOWS\System32\USER32.dll
0x00007ff8e3f60000 - 0x00007ff8e3f87000 	C:\WINDOWS\System32\win32u.dll
0x00007ff8e5e70000 - 0x00007ff8e5e9b000 	C:\WINDOWS\System32\GDI32.dll
0x00007ff8bd830000 - 0x00007ff8bdac3000 	C:\WINDOWS\WinSxS\amd64_microsoft.windows.common-controls_6595b64144ccf1df_6.0.26100.8115_none_3e075c82e3354f9c\COMCTL32.dll
0x00007ff8e3830000 - 0x00007ff8e395b000 	C:\WINDOWS\System32\gdi32full.dll
0x00007ff8e5c20000 - 0x00007ff8e5cc9000 	C:\WINDOWS\System32\msvcrt.dll
0x00007ff8e4800000 - 0x00007ff8e48a3000 	C:\WINDOWS\System32\msvcp_win.dll
0x00007ff8e6d10000 - 0x00007ff8e6d42000 	C:\WINDOWS\System32\IMM32.DLL
0x00007ff8bffb0000 - 0x00007ff8bffbc000 	c:\Users\kurub_loqidtx\.vscode\extensions\redhat.java-1.54.0-win32-x64\jre\21.0.10-win32-x86_64\bin\vcruntime140_1.dll
0x00007ff884880000 - 0x00007ff88490d000 	c:\Users\kurub_loqidtx\.vscode\extensions\redhat.java-1.54.0-win32-x64\jre\21.0.10-win32-x86_64\bin\msvcp140.dll
0x00007ff8073b0000 - 0x00007ff808151000 	c:\Users\kurub_loqidtx\.vscode\extensions\redhat.java-1.54.0-win32-x64\jre\21.0.10-win32-x86_64\bin\server\jvm.dll
0x00007ff8e6e60000 - 0x00007ff8e6f16000 	C:\WINDOWS\System32\ADVAPI32.dll
0x00007ff8e5370000 - 0x00007ff8e5417000 	C:\WINDOWS\System32\sechost.dll
0x00007ff8e5910000 - 0x00007ff8e5a28000 	C:\WINDOWS\System32\RPCRT4.dll
0x00007ff8e5420000 - 0x00007ff8e54a0000 	C:\WINDOWS\System32\WS2_32.dll
0x00007ff8e3690000 - 0x00007ff8e36ee000 	C:\WINDOWS\SYSTEM32\POWRPROF.dll
0x00007ff8d98b0000 - 0x00007ff8d98e6000 	C:\WINDOWS\SYSTEM32\WINMM.dll
0x00007ff8d00a0000 - 0x00007ff8d00ab000 	C:\WINDOWS\SYSTEM32\VERSION.dll
0x00007ff8e3670000 - 0x00007ff8e3684000 	C:\WINDOWS\SYSTEM32\UMPDC.dll
0x00007ff8e25a0000 - 0x00007ff8e25bb000 	C:\WINDOWS\SYSTEM32\kernel.appcore.dll
0x00007ff8bfcc0000 - 0x00007ff8bfcca000 	c:\Users\kurub_loqidtx\.vscode\extensions\redhat.java-1.54.0-win32-x64\jre\21.0.10-win32-x86_64\bin\jimage.dll
0x00007ff8e1760000 - 0x00007ff8e19a2000 	C:\WINDOWS\SYSTEM32\DBGHELP.DLL
0x00007ff8e4fe0000 - 0x00007ff8e5362000 	C:\WINDOWS\System32\combase.dll
0x00007ff8e5eb0000 - 0x00007ff8e5f88000 	C:\WINDOWS\System32\OLEAUT32.dll
0x00007ff8bb880000 - 0x00007ff8bb8bb000 	C:\WINDOWS\SYSTEM32\dbgcore.DLL
0x00007ff8e3960000 - 0x00007ff8e3a05000 	C:\WINDOWS\System32\bcryptPrimitives.dll
0x00007ff8bf8d0000 - 0x00007ff8bf8df000 	c:\Users\kurub_loqidtx\.vscode\extensions\redhat.java-1.54.0-win32-x64\jre\21.0.10-win32-x86_64\bin\instrument.dll
0x00007ff8a6180000 - 0x00007ff8a61a0000 	c:\Users\kurub_loqidtx\.vscode\extensions\redhat.java-1.54.0-win32-x64\jre\21.0.10-win32-x86_64\bin\java.dll
0x00007ff8e5fb0000 - 0x00007ff8e6717000 	C:\WINDOWS\System32\SHELL32.dll
0x00007ff8e48b0000 - 0x00007ff8e4a1a000 	C:\WINDOWS\System32\wintypes.dll
0x00007ff8e3f90000 - 0x00007ff8e47f8000 	C:\WINDOWS\System32\windows.storage.dll
0x00007ff8e6c10000 - 0x00007ff8e6d08000 	C:\WINDOWS\System32\SHCORE.dll
0x00007ff8e6d70000 - 0x00007ff8e6dd6000 	C:\WINDOWS\System32\shlwapi.dll
0x00007ff8e3750000 - 0x00007ff8e3779000 	C:\WINDOWS\SYSTEM32\profapi.dll
0x00007ff8a6120000 - 0x00007ff8a6138000 	c:\Users\kurub_loqidtx\.vscode\extensions\redhat.java-1.54.0-win32-x64\jre\21.0.10-win32-x86_64\bin\zip.dll
0x00007ff8be930000 - 0x00007ff8be940000 	C:\Users\kurub_loqidtx\.vscode\extensions\redhat.java-1.54.0-win32-x64\jre\21.0.10-win32-x86_64\bin\net.dll
0x00007ff8d2860000 - 0x00007ff8d298d000 	C:\WINDOWS\SYSTEM32\WINHTTP.dll
0x00007ff8e2b30000 - 0x00007ff8e2b9c000 	C:\WINDOWS\system32\mswsock.dll
0x00007ff8a6100000 - 0x00007ff8a6116000 	C:\Users\kurub_loqidtx\.vscode\extensions\redhat.java-1.54.0-win32-x64\jre\21.0.10-win32-x86_64\bin\nio.dll
0x00007ff8be700000 - 0x00007ff8be710000 	c:\Users\kurub_loqidtx\.vscode\extensions\redhat.java-1.54.0-win32-x64\jre\21.0.10-win32-x86_64\bin\verify.dll
0x00007ff899b90000 - 0x00007ff899bd5000 	C:\Users\kurub_loqidtx\AppData\Roaming\Code\User\globalStorage\redhat.java\1.54.0\config_ss_win\org.eclipse.equinox.launcher\org.eclipse.equinox.launcher.win32.win32.x86_64_1.3.0.v20260203-2149\eclipse_11919.dll
0x00007ff8e5cd0000 - 0x00007ff8e5e67000 	C:\WINDOWS\System32\ole32.dll
0x00007ff8e2e20000 - 0x00007ff8e2e3b000 	C:\WINDOWS\SYSTEM32\CRYPTSP.dll
0x00007ff8e2500000 - 0x00007ff8e2539000 	C:\WINDOWS\system32\rsaenh.dll
0x00007ff8e2be0000 - 0x00007ff8e2c13000 	C:\WINDOWS\SYSTEM32\USERENV.dll
0x00007ff8e3720000 - 0x00007ff8e374a000 	C:\WINDOWS\SYSTEM32\bcrypt.dll
0x00007ff8e2e10000 - 0x00007ff8e2e1c000 	C:\WINDOWS\SYSTEM32\CRYPTBASE.dll
0x00007ff8e1f70000 - 0x00007ff8e1fa2000 	C:\WINDOWS\SYSTEM32\IPHLPAPI.DLL
0x00007ff8e5ea0000 - 0x00007ff8e5eaa000 	C:\WINDOWS\System32\NSI.dll

JVMTI agents:
c:\Users\kurub_loqidtx\.vscode\extensions\redhat.java-1.54.0-win32-x64\lombok\lombok-1.18.39-4050.jar path:c:\Users\kurub_loqidtx\.vscode\extensions\redhat.java-1.54.0-win32-x64\jre\21.0.10-win32-x86_64\bin\instrument.dll, loaded, initialized, instrumentlib options:none

dbghelp: loaded successfully - version: 4.0.5 - missing functions: none
symbol engine: initialized successfully - sym options: 0x614 - pdb path: .;c:\Users\kurub_loqidtx\.vscode\extensions\redhat.java-1.54.0-win32-x64\jre\21.0.10-win32-x86_64\bin;C:\WINDOWS\SYSTEM32;C:\WINDOWS\WinSxS\amd64_microsoft.windows.common-controls_6595b64144ccf1df_6.0.26100.8115_none_3e075c82e3354f9c;c:\Users\kurub_loqidtx\.vscode\extensions\redhat.java-1.54.0-win32-x64\jre\21.0.10-win32-x86_64\bin\server;C:\Users\kurub_loqidtx\AppData\Roaming\Code\User\globalStorage\redhat.java\1.54.0\config_ss_win\org.eclipse.equinox.launcher\org.eclipse.equinox.launcher.win32.win32.x86_64_1.3.0.v20260203-2149

VM Arguments:
jvm_args: --add-modules=ALL-SYSTEM --add-opens=java.base/java.util=ALL-UNNAMED --add-opens=java.base/java.lang=ALL-UNNAMED --add-opens=java.base/sun.nio.fs=ALL-UNNAMED -Declipse.application=org.eclipse.jdt.ls.core.id1 -Dosgi.bundles.defaultStartLevel=4 -Declipse.product=org.eclipse.jdt.ls.core.product -Djava.import.generatesMetadataFilesAtProjectRoot=false -DDetectVMInstallationsJob.disabled=true -Dfile.encoding=utf8 -XX:+UseParallelGC -XX:GCTimeRatio=4 -XX:AdaptiveSizePolicyWeight=90 -Dsun.zip.disableMemoryMapping=true -Xmx2G -Xms100m -Xlog:disable -javaagent:c:\Users\kurub_loqidtx\.vscode\extensions\redhat.java-1.54.0-win32-x64\lombok\lombok-1.18.39-4050.jar 
java_command: c:\Users\kurub_loqidtx\.vscode\extensions\redhat.java-1.54.0-win32-x64\server\plugins\org.eclipse.equinox.launcher_1.7.100.v20251111-0406.jar -configuration c:\Users\kurub_loqidtx\AppData\Roaming\Code\User\globalStorage\redhat.java\1.54.0\config_ss_win -data c:\Users\kurub_loqidtx\AppData\Roaming\Code\User\workspaceStorage\811f36a114dddca7245e4ba8fff68428\redhat.java\ss_ws --pipe=\\.\pipe\lsp-070262979224285555367e2cb9f6ad9c-sock
java_class_path (initial): c:\Users\kurub_loqidtx\.vscode\extensions\redhat.java-1.54.0-win32-x64\server\plugins\org.eclipse.equinox.launcher_1.7.100.v20251111-0406.jar
Launcher Type: SUN_STANDARD

[Global flags]
    uintx AdaptiveSizePolicyWeight                 = 90                                        {product} {command line}
     intx CICompilerCount                          = 4                                         {product} {ergonomic}
    uintx GCTimeRatio                              = 4                                         {product} {command line}
   size_t InitialHeapSize                          = 104857600                                 {product} {command line}
   size_t MaxHeapSize                              = 2147483648                                {product} {command line}
   size_t MaxNewSize                               = 715653120                                 {product} {ergonomic}
   size_t MinHeapDeltaBytes                        = 524288                                    {product} {ergonomic}
   size_t MinHeapSize                              = 104857600                                 {product} {command line}
   size_t NewSize                                  = 34603008                                  {product} {ergonomic}
    uintx NonNMethodCodeHeapSize                   = 5839372                                {pd product} {ergonomic}
    uintx NonProfiledCodeHeapSize                  = 122909434                              {pd product} {ergonomic}
   size_t OldSize                                  = 70254592                                  {product} {ergonomic}
    uintx ProfiledCodeHeapSize                     = 122909434                              {pd product} {ergonomic}
    uintx ReservedCodeCacheSize                    = 251658240                              {pd product} {ergonomic}
     bool SegmentedCodeCache                       = true                                      {product} {ergonomic}
   size_t SoftMaxHeapSize                          = 2147483648                             {manageable} {ergonomic}
     bool UseCompressedOops                        = true                           {product lp64_product} {ergonomic}
     bool UseLargePagesIndividualAllocation        = false                                  {pd product} {ergonomic}
     bool UseParallelGC                            = true                                      {product} {command line}

Logging:
Log output configuration:
 #0: stdout all=off uptime,level,tags foldmultilines=false
 #1: stderr all=off uptime,level,tags foldmultilines=false

Release file:
JAVA_VERSION="21.0.10" 
MODULES="java.base java.compiler java.datatransfer java.xml java.prefs java.desktop java.instrument java.logging java.management java.security.sasl java.naming java.rmi java.management.rmi java.net.http java.scripting java.security.jgss java.transaction.xa java.sql java.sql.rowset java.xml.crypto java.se java.smartcardio jdk.accessibility jdk.internal.jvmstat jdk.attach jdk.charsets jdk.internal.opt jdk.zipfs jdk.compiler jdk.crypto.ec jdk.crypto.cryptoki jdk.crypto.mscapi jdk.dynalink jdk.internal.ed jdk.editpad jdk.hotspot.agent jdk.httpserver jdk.internal.le jdk.internal.vm.ci jdk.internal.vm.compiler jdk.internal.vm.compiler.management jdk.jartool jdk.javadoc jdk.jcmd jdk.management jdk.management.agent jdk.jconsole jdk.jdeps jdk.jdwp.agent jdk.jdi jdk.jfr jdk.jshell jdk.jsobject jdk.jstatd jdk.localedata jdk.management.jfr jdk.naming.dns jdk.naming.rmi jdk.net jdk.nio.mapmode jdk.random jdk.sctp jdk.security.auth jdk.security.jgss jdk.unsupported jdk.unsupported.desktop jdk.xml.dom" 

Environment Variables:
PATH=C:\Users\kurub_loqidtx\AppData\Local\Programs\Microsoft VS Code;C:\Program Files\Common Files\Oracle\Java\javapath;C:\WINDOWS\system32;C:\WINDOWS;C:\WINDOWS\System32\Wbem;C:\WINDOWS\System32\WindowsPowerShell\v1.0\;C:\WINDOWS\System32\OpenSSH\;C:\Program Files (x86)\Microsoft SQL Server\170\Tools\Binn\;C:\Program Files\Microsoft SQL Server\170\Tools\Binn\;C:\Program Files\Microsoft SQL Server\Client SDK\ODBC\180\Tools\Binn\;C:\Program Files\Microsoft SQL Server\170\DTS\Binn\;C:\Program Files\Docker\Docker\resources\bin;C:\Program Files\Git\cmd;C:\Program Files\nodejs\;C:\Users\kurub_loqidtx\AppData\Local\Programs\Python\Python314\Scripts\;C:\Users\kurub_loqidtx\AppData\Local\Programs\Python\Python314\;C:\Users\kurub_loqidtx\AppData\Local\Microsoft\WindowsApps;C:\Users\kurub_loqidtx\AppData\Local\Programs\Microsoft VS Code\bin;C:\Users\kurub_loqidtx\AppData\Local\Programs\Antigravity\bin;C:\Users\kurub_loqidtx\AppData\Roaming\npm
USERNAME=kurub_loqidtx
OS=Windows_NT
PROCESSOR_IDENTIFIER=Intel64 Family 6 Model 186 Stepping 3, GenuineIntel
TMP=C:\Users\KURUB_~1\AppData\Local\Temp
TEMP=C:\Users\KURUB_~1\AppData\Local\Temp




Periodic native trim disabled

---------------  S Y S T E M  ---------------

OS:
 Windows 11 , 64 bit Build 26100 (10.0.26100.8246)
OS uptime: 1 days 2:02 hours
Hyper-V role detected

CPU: total 12 (initial active 12) (6 cores per cpu, 2 threads per core) family 6 model 186 stepping 3 microcode 0x4128, cx8, cmov, fxsr, ht, mmx, 3dnowpref, sse, sse2, sse3, ssse3, sse4.1, sse4.2, popcnt, lzcnt, tsc, tscinvbit, avx, avx2, aes, erms, clmul, bmi1, bmi2, adx, sha, fma, vzeroupper, clflush, clflushopt, clwb, hv, serialize, rdtscp, rdpid, fsrm, f16c, cet_ibt, cet_ss
Processor Information for the first 12 processors :
  Max Mhz: 1300, Current Mhz: 1300, Mhz Limit: 1300

Memory: 4k page, system-wide physical 7835M (630M free)
TotalPageFile size 31387M (AvailPageFile size 10M)
current process WorkingSet (physical memory assigned to process): 156M, peak: 161M
current process commit charge ("private bytes"): 299M, peak: 303M

vm_info: OpenJDK 64-Bit Server VM (21.0.10+7-LTS) for windows-amd64 JRE (21.0.10+7-LTS), built on 2026-01-20T00:00:00Z by "admin" with MS VC++ 17.12 (VS2022)

END.
