#
# There is insufficient memory for the Java Runtime Environment to continue.
# Native memory allocation (malloc) failed to allocate 1048576 bytes. Error detail: AllocateHeap
# Possible reasons:
#   The system is out of physical RAM or swap space
#   This process is running with CompressedOops enabled, and the Java Heap may be blocking the growth of the native heap
# Possible solutions:
#   Reduce memory load on the system
#   Increase physical memory or swap space
#   Check if swap backing store is full
#   Decrease Java heap size (-Xmx/-Xms)
#   Decrease number of Java threads
#   Decrease Java thread stack sizes (-Xss)
#   Set larger code cache with -XX:ReservedCodeCacheSize=
#   JVM is running with Unscaled Compressed Oops mode in which the Java heap is
#     placed in the first 4GB address space. The Java Heap base address is the
#     maximum limit for the native heap growth. Please use -XX:HeapBaseMinAddress
#     to set the Java Heap base and to place the Java Heap above 4GB virtual address.
# This output file may be truncated or incomplete.
#
#  Out of Memory Error (allocation.cpp:44), pid=18032, tid=12580
#
# JRE version: OpenJDK Runtime Environment Temurin-21.0.10+7 (21.0.10+7) (build 21.0.10+7-LTS)
# Java VM: OpenJDK 64-Bit Server VM Temurin-21.0.10+7 (21.0.10+7-LTS, mixed mode, sharing, tiered, compressed oops, compressed class ptrs, parallel gc, windows-amd64)
# No core dump will be written. Minidumps are not enabled by default on client versions of Windows
#

---------------  S U M M A R Y ------------

Command Line: --add-modules=ALL-SYSTEM --add-opens=java.base/java.util=ALL-UNNAMED --add-opens=java.base/java.lang=ALL-UNNAMED --add-opens=java.base/sun.nio.fs=ALL-UNNAMED -Declipse.application=org.eclipse.jdt.ls.core.id1 -Dosgi.bundles.defaultStartLevel=4 -Declipse.product=org.eclipse.jdt.ls.core.product -Djava.import.generatesMetadataFilesAtProjectRoot=false -DDetectVMInstallationsJob.disabled=true -Dfile.encoding=utf8 -XX:+UseParallelGC -XX:GCTimeRatio=4 -XX:AdaptiveSizePolicyWeight=90 -Dsun.zip.disableMemoryMapping=true -Xmx2G -Xms100m -Xlog:disable -javaagent:c:\Users\kurub_loqidtx\.antigravity\extensions\redhat.java-1.54.0-win32-x64\lombok\lombok-1.18.39-4050.jar -XX:+HeapDumpOnOutOfMemoryError -XX:HeapDumpPath=c:\Users\kurub_loqidtx\AppData\Roaming\Antigravity\User\workspaceStorage\811f36a114dddca7245e4ba8fff68428\redhat.java -Daether.dependencyCollector.impl=bf c:\Users\kurub_loqidtx\.antigravity\extensions\redhat.java-1.54.0-win32-x64\server\plugins\org.eclipse.equinox.launcher_1.7.100.v20251111-0406.jar -configuration c:\Users\kurub_loqidtx\AppData\Roaming\Antigravity\User\globalStorage\redhat.java\1.54.0\config_win -data c:\Users\kurub_loqidtx\AppData\Roaming\Antigravity\User\workspaceStorage\811f36a114dddca7245e4ba8fff68428\redhat.java\jdt_ws --pipe=\\.\pipe\lsp-f24dd6ed00bb1f7c96bb4f9f290ba3f7-sock

Host: 13th Gen Intel(R) Core(TM) i5-1334U, 12 cores, 7G,  Windows 11 , 64 bit Build 26100 (10.0.26100.8246)
Time: Tue May  5 15:06:00 2026 India Standard Time elapsed time: 474.303973 seconds (0d 0h 7m 54s)

---------------  T H R E A D  ---------------

Current thread (0x000002112d6cda80):  JavaThread "Attach Listener" daemon [_thread_in_vm, id=12580, stack(0x0000007f92800000,0x0000007f92900000) (1024K)]

Stack: [0x0000007f92800000,0x0000007f92900000]
Native frames: (J=compiled Java code, j=interpreted, Vv=VM code, C=native code)
V  [jvm.dll+0x6d7a39]
V  [jvm.dll+0x8b4b26]
V  [jvm.dll+0x8b70de]
V  [jvm.dll+0x8b77c3]
V  [jvm.dll+0x284346]
V  [jvm.dll+0xc1277]
V  [jvm.dll+0x6d82e9]
V  [jvm.dll+0x1334a6]
V  [jvm.dll+0x3f857e]
V  [jvm.dll+0x85f59d]
V  [jvm.dll+0x6d626d]
C  [ucrtbase.dll+0x37b0]
C  [KERNEL32.DLL+0x2e8d7]
C  [ntdll.dll+0x8c3fc]


---------------  P R O C E S S  ---------------

Threads class SMR info:
_java_thread_list=0x000002118e992ee0, length=51, elements={
0x000002112d61bfb0, 0x000002112d6c33a0, 0x000002112d5cd910, 0x000002112d6cb400,
0x000002112d6cda80, 0x000002112d6d0100, 0x000002112d6d0770, 0x000002112d6d1d30,
0x000002112d6d5880, 0x00000211865d0840, 0x00000211866825f0, 0x00000211875183a0,
0x00000211866b56d0, 0x00000211877af9a0, 0x00000211877eab00, 0x000002118c6d22c0,
0x00000211876cccb0, 0x000002118c8c6710, 0x00000211876a93a0, 0x00000211876aa750,
0x00000211876aade0, 0x00000211878baa30, 0x00000211878bb0c0, 0x00000211878bb750,
0x00000211878b9d10, 0x00000211878ba3a0, 0x00000211878bc470, 0x00000211878bcb00,
0x00000211878bbde0, 0x00000211878bd190, 0x000002118da309b0, 0x000002118da30320,
0x000002118da31d60, 0x000002118da33110, 0x000002118da31040, 0x000002118da316d0,
0x000002118da323f0, 0x000002118da2fc90, 0x000002118da337a0, 0x000002118da36c20,
0x000002118da344c0, 0x000002118da35f00, 0x000002118da372b0, 0x000002118d730200,
0x000002118d733d10, 0x000002118d730f20, 0x000002118d7350c0, 0x000002118d735de0,
0x000002118fdaaaf0, 0x000002118fda9740, 0x000002118fdabea0
}

Java Threads: ( => current thread )
  0x000002112d61bfb0 JavaThread "main"                              [_thread_blocked, id=5024, stack(0x0000007f92100000,0x0000007f92200000) (1024K)]
  0x000002112d6c33a0 JavaThread "Reference Handler"          daemon [_thread_blocked, id=132, stack(0x0000007f92500000,0x0000007f92600000) (1024K)]
  0x000002112d5cd910 JavaThread "Finalizer"                  daemon [_thread_blocked, id=14788, stack(0x0000007f92600000,0x0000007f92700000) (1024K)]
  0x000002112d6cb400 JavaThread "Signal Dispatcher"          daemon [_thread_blocked, id=14740, stack(0x0000007f92700000,0x0000007f92800000) (1024K)]
=>0x000002112d6cda80 JavaThread "Attach Listener"            daemon [_thread_in_vm, id=12580, stack(0x0000007f92800000,0x0000007f92900000) (1024K)]
  0x000002112d6d0100 JavaThread "Service Thread"             daemon [_thread_blocked, id=27120, stack(0x0000007f92900000,0x0000007f92a00000) (1024K)]
  0x000002112d6d0770 JavaThread "Monitor Deflation Thread"   daemon [_thread_blocked, id=29880, stack(0x0000007f92a00000,0x0000007f92b00000) (1024K)]
  0x000002112d6d1d30 JavaThread "C2 CompilerThread0"         daemon [_thread_blocked, id=27280, stack(0x0000007f92b00000,0x0000007f92c00000) (1024K)]
  0x000002112d6d5880 JavaThread "C1 CompilerThread0"         daemon [_thread_blocked, id=25540, stack(0x0000007f92c00000,0x0000007f92d00000) (1024K)]
  0x00000211865d0840 JavaThread "Common-Cleaner"             daemon [_thread_blocked, id=13404, stack(0x0000007f92e00000,0x0000007f92f00000) (1024K)]
  0x00000211866825f0 JavaThread "Notification Thread"        daemon [_thread_blocked, id=11176, stack(0x0000007f92f00000,0x0000007f93000000) (1024K)]
  0x00000211875183a0 JavaThread "Active Thread: Equinox Container: 4314869e-1fb2-4f1a-8e3c-64504ccfda4a"        [_thread_blocked, id=27424, stack(0x0000007f92d00000,0x0000007f92e00000) (1024K)]
  0x00000211866b56d0 JavaThread "Refresh Thread: Equinox Container: 4314869e-1fb2-4f1a-8e3c-64504ccfda4a" daemon [_thread_blocked, id=30288, stack(0x0000007f93800000,0x0000007f93900000) (1024K)]
  0x00000211877af9a0 JavaThread "Framework Event Dispatcher: Equinox Container: 4314869e-1fb2-4f1a-8e3c-64504ccfda4a" daemon [_thread_blocked, id=28888, stack(0x0000007f93000000,0x0000007f93100000) (1024K)]
  0x00000211877eab00 JavaThread "Start Level: Equinox Container: 4314869e-1fb2-4f1a-8e3c-64504ccfda4a" daemon [_thread_blocked, id=28972, stack(0x0000007f93900000,0x0000007f93a00000) (1024K)]
  0x000002118c6d22c0 JavaThread "Bundle File Closer"         daemon [_thread_blocked, id=22628, stack(0x0000007f93d00000,0x0000007f93e00000) (1024K)]
  0x00000211876cccb0 JavaThread "SCR Component Actor"        daemon [_thread_blocked, id=25688, stack(0x0000007f93a00000,0x0000007f93b00000) (1024K)]
  0x000002118c8c6710 JavaThread "Worker-JM"                         [_thread_blocked, id=24208, stack(0x0000007f93e00000,0x0000007f93f00000) (1024K)]
  0x00000211876a93a0 JavaThread "JNA Cleaner"                daemon [_thread_blocked, id=14812, stack(0x0000007f93f00000,0x0000007f94000000) (1024K)]
  0x00000211876aa750 JavaThread "Java indexing"              daemon [_thread_blocked, id=26064, stack(0x0000007f94500000,0x0000007f94600000) (1024K)]
  0x00000211876aade0 JavaThread "Worker-5"                          [_thread_blocked, id=27272, stack(0x0000007f94900000,0x0000007f94a00000) (1024K)]
  0x00000211878baa30 JavaThread "Thread-1"                   daemon [_thread_in_native, id=11452, stack(0x0000007f94a00000,0x0000007f94b00000) (1024K)]
  0x00000211878bb0c0 JavaThread "Thread-2"                   daemon [_thread_in_native, id=16284, stack(0x0000007f94b00000,0x0000007f94c00000) (1024K)]
  0x00000211878bb750 JavaThread "Thread-3"                   daemon [_thread_in_native, id=25920, stack(0x0000007f94c00000,0x0000007f94d00000) (1024K)]
  0x00000211878b9d10 JavaThread "Thread-4"                   daemon [_thread_in_native, id=17808, stack(0x0000007f94d00000,0x0000007f94e00000) (1024K)]
  0x00000211878ba3a0 JavaThread "Thread-5"                   daemon [_thread_in_native, id=10124, stack(0x0000007f94e00000,0x0000007f94f00000) (1024K)]
  0x00000211878bc470 JavaThread "Thread-6"                   daemon [_thread_in_native, id=25952, stack(0x0000007f94f00000,0x0000007f95000000) (1024K)]
  0x00000211878bcb00 JavaThread "Thread-7"                   daemon [_thread_in_native, id=17768, stack(0x0000007f95000000,0x0000007f95100000) (1024K)]
  0x00000211878bbde0 JavaThread "Thread-8"                   daemon [_thread_in_native, id=14148, stack(0x0000007f95100000,0x0000007f95200000) (1024K)]
  0x00000211878bd190 JavaThread "Thread-9"                   daemon [_thread_in_native, id=9336, stack(0x0000007f95200000,0x0000007f95300000) (1024K)]
  0x000002118da309b0 JavaThread "Thread-10"                  daemon [_thread_in_native, id=19808, stack(0x0000007f95300000,0x0000007f95400000) (1024K)]
  0x000002118da30320 JavaThread "Thread-11"                  daemon [_thread_in_native, id=15616, stack(0x0000007f95400000,0x0000007f95500000) (1024K)]
  0x000002118da31d60 JavaThread "Thread-12"                  daemon [_thread_in_native, id=15112, stack(0x0000007f95500000,0x0000007f95600000) (1024K)]
  0x000002118da33110 JavaThread "Thread-13"                  daemon [_thread_in_native, id=17876, stack(0x0000007f95600000,0x0000007f95700000) (1024K)]
  0x000002118da31040 JavaThread "pool-2-thread-1"                   [_thread_blocked, id=29060, stack(0x0000007f95700000,0x0000007f95800000) (1024K)]
  0x000002118da316d0 JavaThread "WorkspaceEventsHandler"            [_thread_blocked, id=2224, stack(0x0000007f95800000,0x0000007f95900000) (1024K)]
  0x000002118da323f0 JavaThread "pool-1-thread-1"                   [_thread_blocked, id=28664, stack(0x0000007f95900000,0x0000007f95a00000) (1024K)]
  0x000002118da2fc90 JavaThread "ForkJoinPool.commonPool-worker-2" daemon [_thread_blocked, id=20508, stack(0x0000007f95b00000,0x0000007f95c00000) (1024K)]
  0x000002118da337a0 JavaThread "ForkJoinPool.commonPool-worker-3" daemon [_thread_blocked, id=9616, stack(0x0000007f95c00000,0x0000007f95d00000) (1024K)]
  0x000002118da36c20 JavaThread "ForkJoinPool.commonPool-worker-4" daemon [_thread_blocked, id=13660, stack(0x0000007f95d00000,0x0000007f95e00000) (1024K)]
  0x000002118da344c0 JavaThread "ForkJoinPool.commonPool-worker-7" daemon [_thread_blocked, id=19244, stack(0x0000007f96000000,0x0000007f96100000) (1024K)]
  0x000002118da35f00 JavaThread "ForkJoinPool.commonPool-worker-9" daemon [_thread_blocked, id=12640, stack(0x0000007f96200000,0x0000007f96300000) (1024K)]
  0x000002118da372b0 JavaThread "ForkJoinPool.commonPool-worker-10" daemon [_thread_blocked, id=18684, stack(0x0000007f96300000,0x0000007f96400000) (1024K)]
  0x000002118d730200 JavaThread "LocalFile Deleter"          daemon [_thread_blocked, id=6884, stack(0x0000007f97b00000,0x0000007f97c00000) (1024K)]
  0x000002118d733d10 JavaThread "LocalFile Deleter"          daemon [_thread_blocked, id=15936, stack(0x0000007f97c00000,0x0000007f97d00000) (1024K)]
  0x000002118d730f20 JavaThread "LocalFile Deleter"          daemon [_thread_blocked, id=11924, stack(0x0000007f97d00000,0x0000007f97e00000) (1024K)]
  0x000002118d7350c0 JavaThread "LocalFile Deleter"          daemon [_thread_blocked, id=13172, stack(0x0000007f98000000,0x0000007f98100000) (1024K)]
  0x000002118d735de0 JavaThread "LocalFile Deleter"          daemon [_thread_blocked, id=27108, stack(0x0000007f98400000,0x0000007f98500000) (1024K)]
  0x000002118fdaaaf0 JavaThread "Worker-6"                          [_thread_blocked, id=14520, stack(0x0000007f92000000,0x0000007f92100000) (1024K)]
  0x000002118fda9740 JavaThread "ForkJoinPool.commonPool-worker-12" daemon [_thread_blocked, id=8056, stack(0x0000007f94000000,0x0000007f94100000) (1024K)]
  0x000002118fdabea0 JavaThread "Cleaner-0"                  daemon [_thread_blocked, id=15064, stack(0x0000007f94400000,0x0000007f94500000) (1024K)]
Total: 51

Other Threads:
  0x000002112d5b3460 VMThread "VM Thread"                           [id=27004, stack(0x0000007f92400000,0x0000007f92500000) (1024K)]
  0x000002112d4aca00 WatcherThread "VM Periodic Task Thread"        [id=16264, stack(0x0000007f92300000,0x0000007f92400000) (1024K)]
  0x000002112d63c650 WorkerThread "GC Thread#0"                     [id=5864, stack(0x0000007f92200000,0x0000007f92300000) (1024K)]
  0x0000021187658430 WorkerThread "GC Thread#1"                     [id=9304, stack(0x0000007f93100000,0x0000007f93200000) (1024K)]
  0x00000211876587e0 WorkerThread "GC Thread#2"                     [id=30468, stack(0x0000007f93200000,0x0000007f93300000) (1024K)]
  0x0000021187658b90 WorkerThread "GC Thread#3"                     [id=29720, stack(0x0000007f93300000,0x0000007f93400000) (1024K)]
  0x0000021187658f40 WorkerThread "GC Thread#4"                     [id=12200, stack(0x0000007f93400000,0x0000007f93500000) (1024K)]
  0x00000211876592f0 WorkerThread "GC Thread#5"                     [id=27832, stack(0x0000007f93500000,0x0000007f93600000) (1024K)]
  0x0000021187560c30 WorkerThread "GC Thread#6"                     [id=27292, stack(0x0000007f93600000,0x0000007f93700000) (1024K)]
  0x000002118c0c79f0 WorkerThread "GC Thread#7"                     [id=29456, stack(0x0000007f93700000,0x0000007f93800000) (1024K)]
  0x000002118c579ad0 WorkerThread "GC Thread#8"                     [id=11068, stack(0x0000007f93b00000,0x0000007f93c00000) (1024K)]
  0x000002118c579e80 WorkerThread "GC Thread#9"                     [id=16584, stack(0x0000007f93c00000,0x0000007f93d00000) (1024K)]
Total: 12

Threads with active compile tasks:
Total: 0

VM state: not at safepoint (normal execution)

VM Mutex/Monitor currently owned by a thread: None

Heap address: 0x0000000080000000, size: 2048 MB, Compressed Oops mode: 32-bit

CDS archive(s) mapped at: [0x0000021144000000-0x0000021144ba0000-0x0000021144ba0000), size 12189696, SharedBaseAddress: 0x0000021144000000, ArchiveRelocationMode: 1.
Compressed class space mapped at: 0x0000021145000000-0x0000021185000000, reserved size: 1073741824
Narrow klass base: 0x0000021144000000, Narrow klass shift: 0, Narrow klass range: 0x100000000

GC Precious Log:
 CardTable entry size: 512
 CPUs: 12 total, 12 available
 Memory: 7835M
 Large Page Support: Disabled
 NUMA Support: Disabled
 Compressed Oops: Enabled (32-bit)
 Alignments: Space 512K, Generation 512K, Heap 2M
 Heap Min Capacity: 100M
 Heap Initial Capacity: 100M
 Heap Max Capacity: 2G
 Pre-touch: Disabled
 Parallel Workers: 10

Heap:
 PSYoungGen      total 12800K, used 6841K [0x00000000d5580000, 0x00000000d6500000, 0x0000000100000000)
  eden space 11776K, 49% used [0x00000000d5580000,0x00000000d5b2e528,0x00000000d6100000)
  from space 1024K, 100% used [0x00000000d6180000,0x00000000d6280000,0x00000000d6280000)
  to   space 2048K, 0% used [0x00000000d6300000,0x00000000d6300000,0x00000000d6500000)
 ParOldGen       total 115712K, used 115668K [0x0000000080000000, 0x0000000087100000, 0x00000000d5580000)
  object space 115712K, 99% used [0x0000000080000000,0x00000000870f51b8,0x0000000087100000)
 Metaspace       used 78161K, committed 79872K, reserved 1179648K
  class space    used 8136K, committed 8896K, reserved 1048576K

Card table byte_map: [0x000002112cfc0000,0x000002112d3d0000] _byte_map_base: 0x000002112cbc0000

Marking Bits: (ParMarkBitMap*) 0x00007ff832963450
 Begin Bits: [0x000002113fad0000, 0x0000021141ad0000)
 End Bits:   [0x0000021141ad0000, 0x0000021143ad0000)

Polling page: 0x000002112b3a0000

Metaspace:

Usage:
  Non-class:     68.38 MB used.
      Class:      7.95 MB used.
       Both:     76.33 MB used.

Virtual space:
  Non-class space:      128.00 MB reserved,      69.31 MB ( 54%) committed,  2 nodes.
      Class space:        1.00 GB reserved,       8.69 MB ( <1%) committed,  1 nodes.
             Both:        1.12 GB reserved,      78.00 MB (  7%) committed. 

Chunk freelists:
   Non-Class:  10.19 MB
       Class:  7.23 MB
        Both:  17.42 MB

MaxMetaspaceSize: unlimited
CompressedClassSpaceSize: 1.00 GB
Initial GC threshold: 21.00 MB
Current GC threshold: 97.31 MB
CDS: on
 - commit_granule_bytes: 65536.
 - commit_granule_words: 8192.
 - virtual_space_node_default_size: 8388608.
 - enlarge_chunks_in_place: 1.
 - use_allocation_guard: 0.


Internal statistics:

num_allocs_failed_limit: 11.
num_arena_births: 1400.
num_arena_deaths: 18.
num_vsnodes_births: 3.
num_vsnodes_deaths: 0.
num_space_committed: 1248.
num_space_uncommitted: 0.
num_chunks_returned_to_freelist: 30.
num_chunks_taken_from_freelist: 5064.
num_chunk_merges: 6.
num_chunk_splits: 3016.
num_chunks_enlarged: 1603.
num_inconsistent_stats: 0.

CodeHeap 'non-profiled nmethods': size=120000Kb used=11636Kb max_used=11636Kb free=108363Kb
 bounds [0x00000211382f0000, 0x0000021138e50000, 0x000002113f820000]
CodeHeap 'profiled nmethods': size=120000Kb used=34984Kb max_used=34984Kb free=85016Kb
 bounds [0x0000021130820000, 0x0000021132a50000, 0x0000021137d50000]
CodeHeap 'non-nmethods': size=5760Kb used=1504Kb max_used=1594Kb free=4255Kb
 bounds [0x0000021137d50000, 0x0000021137fc0000, 0x00000211382f0000]
CodeCache: size=245760Kb, used=48124Kb, max_used=48214Kb, free=197634Kb
 total_blobs=15539, nmethods=14713, adapters=731, full_count=0
Compilation: enabled, stopped_count=0, restarted_count=0

Compilation events (20 events):
Event: 462.822 Thread 0x000002112d6d5880 15564       3       org.eclipse.jdt.internal.core.util.MementoTokenizer::hasMoreTokens (15 bytes)
Event: 462.822 Thread 0x000002112d6d5880 nmethod 15564 0x0000021132a44410 code [0x0000021132a445c0, 0x0000021132a44738]
Event: 462.822 Thread 0x000002112d6d5880 15563   !   3       org.eclipse.jdt.core.dom.MethodInvocation::getName (60 bytes)
Event: 462.838 Thread 0x000002112d6d5880 nmethod 15563 0x0000021132a44810 code [0x0000021132a44a80, 0x0000021132a45558]
Event: 462.838 Thread 0x000002112d6d5880 15566       3       org.eclipse.jdt.internal.core.AbstractClassFile::equals (49 bytes)
Event: 462.840 Thread 0x000002112d6d5880 nmethod 15566 0x0000021132a45c10 code [0x0000021132a45e00, 0x0000021132a46450]
Event: 462.840 Thread 0x000002112d6d5880 15567       3       org.eclipse.jdt.internal.core.JavaElement::toStringAncestors (48 bytes)
Event: 462.845 Thread 0x000002112d6d5880 nmethod 15567 0x0000021132a46590 code [0x0000021132a467a0, 0x0000021132a46d48]
Event: 462.846 Thread 0x000002112d6d1d30 15568   !   4       lombok.launch.PatchFixesHider$Util::invokeMethod (22 bytes)
Event: 462.848 Thread 0x000002112d6d5880 15570       1       org.eclipse.jdt.internal.compiler.lookup.TypeBinding::isCapture (2 bytes)
Event: 462.849 Thread 0x000002112d6d5880 nmethod 15570 0x0000021138e49990 code [0x0000021138e49b20, 0x0000021138e49be8]
Event: 462.850 Thread 0x000002112d6d5880 15571       3       org.eclipse.jdt.internal.core.Member::areSimilarMethods (177 bytes)
Event: 462.859 Thread 0x000002112d6d5880 nmethod 15571 0x0000021132a46f10 code [0x0000021132a473c0, 0x0000021132a48f48]
Event: 462.859 Thread 0x000002112d6d5880 15573       3       org.eclipse.jdt.internal.core.CompilationUnit::isPrimary (14 bytes)
Event: 462.861 Thread 0x000002112d6d5880 nmethod 15573 0x0000021132a49c10 code [0x0000021132a49dc0, 0x0000021132a49f40]
Event: 462.861 Thread 0x000002112d6d5880 15572       1       org.eclipse.jdt.internal.core.SourceType::isLambda (2 bytes)
Event: 462.861 Thread 0x000002112d6d5880 nmethod 15572 0x0000021138e49c90 code [0x0000021138e49e20, 0x0000021138e49ee8]
Event: 462.923 Thread 0x000002112d6d1d30 nmethod 15568 0x0000021138e49f90 code [0x0000021138e4a3e0, 0x0000021138e4b650]
Event: 462.924 Thread 0x000002112d6d1d30 15569       4       java.lang.Class::privateGetDeclaredFields (64 bytes)
Event: 462.936 Thread 0x000002112d6d1d30 nmethod 15569 0x0000021138e4c990 code [0x0000021138e4cb60, 0x0000021138e4cee8]

GC Heap History (20 events):
Event: 72.363 GC heap before
{Heap before GC invocations=113 (full 3):
 PSYoungGen      total 13824K, used 13216K [0x00000000d5580000, 0x00000000d6400000, 0x0000000100000000)
  eden space 12800K, 100% used [0x00000000d5580000,0x00000000d6200000,0x00000000d6200000)
  from space 1024K, 40% used [0x00000000d6200000,0x00000000d6268020,0x00000000d6300000)
  to   space 1024K, 0% used [0x00000000d6300000,0x00000000d6300000,0x00000000d6400000)
 ParOldGen       total 109568K, used 109215K [0x0000000080000000, 0x0000000086b00000, 0x00000000d5580000)
  object space 109568K, 99% used [0x0000000080000000,0x0000000086aa7e98,0x0000000086b00000)
 Metaspace       used 72916K, committed 74432K, reserved 1179648K
  class space    used 7672K, committed 8320K, reserved 1048576K
}
Event: 72.366 GC heap after
{Heap after GC invocations=113 (full 3):
 PSYoungGen      total 12800K, used 1004K [0x00000000d5580000, 0x00000000d6600000, 0x0000000100000000)
  eden space 11776K, 0% used [0x00000000d5580000,0x00000000d5580000,0x00000000d6100000)
  from space 1024K, 98% used [0x00000000d6300000,0x00000000d63fb0b0,0x00000000d6400000)
  to   space 2048K, 0% used [0x00000000d6100000,0x00000000d6100000,0x00000000d6300000)
 ParOldGen       total 110080K, used 109980K [0x0000000080000000, 0x0000000086b80000, 0x00000000d5580000)
  object space 110080K, 99% used [0x0000000080000000,0x0000000086b67148,0x0000000086b80000)
 Metaspace       used 72916K, committed 74432K, reserved 1179648K
  class space    used 7672K, committed 8320K, reserved 1048576K
}
Event: 72.442 GC heap before
{Heap before GC invocations=114 (full 3):
 PSYoungGen      total 12800K, used 12775K [0x00000000d5580000, 0x00000000d6600000, 0x0000000100000000)
  eden space 11776K, 99% used [0x00000000d5580000,0x00000000d60fee60,0x00000000d6100000)
  from space 1024K, 98% used [0x00000000d6300000,0x00000000d63fb0b0,0x00000000d6400000)
  to   space 2048K, 0% used [0x00000000d6100000,0x00000000d6100000,0x00000000d6300000)
 ParOldGen       total 110080K, used 109980K [0x0000000080000000, 0x0000000086b80000, 0x00000000d5580000)
  object space 110080K, 99% used [0x0000000080000000,0x0000000086b67148,0x0000000086b80000)
 Metaspace       used 72931K, committed 74496K, reserved 1179648K
  class space    used 7673K, committed 8320K, reserved 1048576K
}
Event: 72.444 GC heap after
{Heap after GC invocations=114 (full 3):
 PSYoungGen      total 12288K, used 320K [0x00000000d5580000, 0x00000000d6380000, 0x0000000100000000)
  eden space 11776K, 0% used [0x00000000d5580000,0x00000000d5580000,0x00000000d6100000)
  from space 512K, 62% used [0x00000000d6100000,0x00000000d6150020,0x00000000d6180000)
  to   space 1024K, 0% used [0x00000000d6280000,0x00000000d6280000,0x00000000d6380000)
 ParOldGen       total 110592K, used 110188K [0x0000000080000000, 0x0000000086c00000, 0x00000000d5580000)
  object space 110592K, 99% used [0x0000000080000000,0x0000000086b9b168,0x0000000086c00000)
 Metaspace       used 72931K, committed 74496K, reserved 1179648K
  class space    used 7673K, committed 8320K, reserved 1048576K
}
Event: 89.328 GC heap before
{Heap before GC invocations=115 (full 3):
 PSYoungGen      total 12288K, used 12065K [0x00000000d5580000, 0x00000000d6380000, 0x0000000100000000)
  eden space 11776K, 99% used [0x00000000d5580000,0x00000000d60f8608,0x00000000d6100000)
  from space 512K, 62% used [0x00000000d6100000,0x00000000d6150020,0x00000000d6180000)
  to   space 1024K, 0% used [0x00000000d6280000,0x00000000d6280000,0x00000000d6380000)
 ParOldGen       total 110592K, used 110188K [0x0000000080000000, 0x0000000086c00000, 0x00000000d5580000)
  object space 110592K, 99% used [0x0000000080000000,0x0000000086b9b168,0x0000000086c00000)
 Metaspace       used 73257K, committed 74816K, reserved 1179648K
  class space    used 7709K, committed 8384K, reserved 1048576K
}
Event: 89.334 GC heap after
{Heap after GC invocations=115 (full 3):
 PSYoungGen      total 12288K, used 390K [0x00000000d5580000, 0x00000000d6300000, 0x0000000100000000)
  eden space 11776K, 0% used [0x00000000d5580000,0x00000000d5580000,0x00000000d6100000)
  from space 512K, 76% used [0x00000000d6280000,0x00000000d62e18a0,0x00000000d6300000)
  to   space 512K, 0% used [0x00000000d6100000,0x00000000d6100000,0x00000000d6180000)
 ParOldGen       total 110592K, used 110300K [0x0000000080000000, 0x0000000086c00000, 0x00000000d5580000)
  object space 110592K, 99% used [0x0000000080000000,0x0000000086bb7188,0x0000000086c00000)
 Metaspace       used 73257K, committed 74816K, reserved 1179648K
  class space    used 7709K, committed 8384K, reserved 1048576K
}
Event: 339.815 GC heap before
{Heap before GC invocations=116 (full 3):
 PSYoungGen      total 12288K, used 12164K [0x00000000d5580000, 0x00000000d6300000, 0x0000000100000000)
  eden space 11776K, 99% used [0x00000000d5580000,0x00000000d60ff9b8,0x00000000d6100000)
  from space 512K, 76% used [0x00000000d6280000,0x00000000d62e18a0,0x00000000d6300000)
  to   space 512K, 0% used [0x00000000d6100000,0x00000000d6100000,0x00000000d6180000)
 ParOldGen       total 110592K, used 110300K [0x0000000080000000, 0x0000000086c00000, 0x00000000d5580000)
  object space 110592K, 99% used [0x0000000080000000,0x0000000086bb7188,0x0000000086c00000)
 Metaspace       used 73793K, committed 75456K, reserved 1179648K
  class space    used 7756K, committed 8448K, reserved 1048576K
}
Event: 339.865 GC heap after
{Heap after GC invocations=116 (full 3):
 PSYoungGen      total 12288K, used 448K [0x00000000d5580000, 0x00000000d6300000, 0x0000000100000000)
  eden space 11776K, 0% used [0x00000000d5580000,0x00000000d5580000,0x00000000d6100000)
  from space 512K, 87% used [0x00000000d6100000,0x00000000d6170000,0x00000000d6180000)
  to   space 512K, 0% used [0x00000000d6280000,0x00000000d6280000,0x00000000d6300000)
 ParOldGen       total 110592K, used 110486K [0x0000000080000000, 0x0000000086c00000, 0x00000000d5580000)
  object space 110592K, 99% used [0x0000000080000000,0x0000000086be5b98,0x0000000086c00000)
 Metaspace       used 73793K, committed 75456K, reserved 1179648K
  class space    used 7756K, committed 8448K, reserved 1048576K
}
Event: 342.444 GC heap before
{Heap before GC invocations=117 (full 3):
 PSYoungGen      total 12288K, used 12224K [0x00000000d5580000, 0x00000000d6300000, 0x0000000100000000)
  eden space 11776K, 100% used [0x00000000d5580000,0x00000000d6100000,0x00000000d6100000)
  from space 512K, 87% used [0x00000000d6100000,0x00000000d6170000,0x00000000d6180000)
  to   space 512K, 0% used [0x00000000d6280000,0x00000000d6280000,0x00000000d6300000)
 ParOldGen       total 110592K, used 110486K [0x0000000080000000, 0x0000000086c00000, 0x00000000d5580000)
  object space 110592K, 99% used [0x0000000080000000,0x0000000086be5b98,0x0000000086c00000)
 Metaspace       used 74909K, committed 76608K, reserved 1179648K
  class space    used 7851K, committed 8576K, reserved 1048576K
}
Event: 342.453 GC heap after
{Heap after GC invocations=117 (full 3):
 PSYoungGen      total 12288K, used 503K [0x00000000d5580000, 0x00000000d6400000, 0x0000000100000000)
  eden space 11776K, 0% used [0x00000000d5580000,0x00000000d5580000,0x00000000d6100000)
  from space 512K, 98% used [0x00000000d6280000,0x00000000d62fdd08,0x00000000d6300000)
  to   space 1536K, 0% used [0x00000000d6100000,0x00000000d6100000,0x00000000d6280000)
 ParOldGen       total 111616K, used 111308K [0x0000000080000000, 0x0000000086d00000, 0x00000000d5580000)
  object space 111616K, 99% used [0x0000000080000000,0x0000000086cb3098,0x0000000086d00000)
 Metaspace       used 74909K, committed 76608K, reserved 1179648K
  class space    used 7851K, committed 8576K, reserved 1048576K
}
Event: 343.058 GC heap before
{Heap before GC invocations=118 (full 3):
 PSYoungGen      total 12288K, used 12279K [0x00000000d5580000, 0x00000000d6400000, 0x0000000100000000)
  eden space 11776K, 99% used [0x00000000d5580000,0x00000000d60ffff0,0x00000000d6100000)
  from space 512K, 98% used [0x00000000d6280000,0x00000000d62fdd08,0x00000000d6300000)
  to   space 1536K, 0% used [0x00000000d6100000,0x00000000d6100000,0x00000000d6280000)
 ParOldGen       total 111616K, used 111308K [0x0000000080000000, 0x0000000086d00000, 0x00000000d5580000)
  object space 111616K, 99% used [0x0000000080000000,0x0000000086cb3098,0x0000000086d00000)
 Metaspace       used 75010K, committed 76736K, reserved 1179648K
  class space    used 7854K, committed 8576K, reserved 1048576K
}
Event: 343.075 GC heap after
{Heap after GC invocations=118 (full 3):
 PSYoungGen      total 13312K, used 1535K [0x00000000d5580000, 0x00000000d6600000, 0x0000000100000000)
  eden space 11776K, 0% used [0x00000000d5580000,0x00000000d5580000,0x00000000d6100000)
  from space 1536K, 99% used [0x00000000d6100000,0x00000000d627fc98,0x00000000d6280000)
  to   space 2560K, 0% used [0x00000000d6380000,0x00000000d6380000,0x00000000d6600000)
 ParOldGen       total 112128K, used 112085K [0x0000000080000000, 0x0000000086d80000, 0x00000000d5580000)
  object space 112128K, 99% used [0x0000000080000000,0x0000000086d755f0,0x0000000086d80000)
 Metaspace       used 75010K, committed 76736K, reserved 1179648K
  class space    used 7854K, committed 8576K, reserved 1048576K
}
Event: 343.483 GC heap before
{Heap before GC invocations=119 (full 3):
 PSYoungGen      total 13312K, used 13311K [0x00000000d5580000, 0x00000000d6600000, 0x0000000100000000)
  eden space 11776K, 100% used [0x00000000d5580000,0x00000000d6100000,0x00000000d6100000)
  from space 1536K, 99% used [0x00000000d6100000,0x00000000d627fc98,0x00000000d6280000)
  to   space 2560K, 0% used [0x00000000d6380000,0x00000000d6380000,0x00000000d6600000)
 ParOldGen       total 112128K, used 112085K [0x0000000080000000, 0x0000000086d80000, 0x00000000d5580000)
  object space 112128K, 99% used [0x0000000080000000,0x0000000086d755f0,0x0000000086d80000)
 Metaspace       used 75086K, committed 76800K, reserved 1179648K
  class space    used 7854K, committed 8576K, reserved 1048576K
}
Event: 343.502 GC heap after
{Heap after GC invocations=119 (full 3):
 PSYoungGen      total 13824K, used 1815K [0x00000000d5580000, 0x00000000d6580000, 0x0000000100000000)
  eden space 11776K, 0% used [0x00000000d5580000,0x00000000d5580000,0x00000000d6100000)
  from space 2048K, 88% used [0x00000000d6380000,0x00000000d6545c00,0x00000000d6580000)
  to   space 2048K, 0% used [0x00000000d6180000,0x00000000d6180000,0x00000000d6380000)
 ParOldGen       total 113664K, used 113539K [0x0000000080000000, 0x0000000086f00000, 0x00000000d5580000)
  object space 113664K, 99% used [0x0000000080000000,0x0000000086ee0fb8,0x0000000086f00000)
 Metaspace       used 75086K, committed 76800K, reserved 1179648K
  class space    used 7854K, committed 8576K, reserved 1048576K
}
Event: 344.011 GC heap before
{Heap before GC invocations=120 (full 3):
 PSYoungGen      total 13824K, used 13591K [0x00000000d5580000, 0x00000000d6580000, 0x0000000100000000)
  eden space 11776K, 100% used [0x00000000d5580000,0x00000000d6100000,0x00000000d6100000)
  from space 2048K, 88% used [0x00000000d6380000,0x00000000d6545c00,0x00000000d6580000)
  to   space 2048K, 0% used [0x00000000d6180000,0x00000000d6180000,0x00000000d6380000)
 ParOldGen       total 113664K, used 113539K [0x0000000080000000, 0x0000000086f00000, 0x00000000d5580000)
  object space 113664K, 99% used [0x0000000080000000,0x0000000086ee0fb8,0x0000000086f00000)
 Metaspace       used 76004K, committed 77760K, reserved 1179648K
  class space    used 7952K, committed 8704K, reserved 1048576K
}
Event: 344.015 GC heap after
{Heap after GC invocations=120 (full 3):
 PSYoungGen      total 12800K, used 544K [0x00000000d5580000, 0x00000000d6400000, 0x0000000100000000)
  eden space 11776K, 0% used [0x00000000d5580000,0x00000000d5580000,0x00000000d6100000)
  from space 1024K, 53% used [0x00000000d6180000,0x00000000d6208000,0x00000000d6280000)
  to   space 1536K, 0% used [0x00000000d6280000,0x00000000d6280000,0x00000000d6400000)
 ParOldGen       total 115200K, used 114747K [0x0000000080000000, 0x0000000087080000, 0x00000000d5580000)
  object space 115200K, 99% used [0x0000000080000000,0x000000008700ec78,0x0000000087080000)
 Metaspace       used 76004K, committed 77760K, reserved 1179648K
  class space    used 7952K, committed 8704K, reserved 1048576K
}
Event: 344.268 GC heap before
{Heap before GC invocations=121 (full 3):
 PSYoungGen      total 12800K, used 12316K [0x00000000d5580000, 0x00000000d6400000, 0x0000000100000000)
  eden space 11776K, 99% used [0x00000000d5580000,0x00000000d60ff060,0x00000000d6100000)
  from space 1024K, 53% used [0x00000000d6180000,0x00000000d6208000,0x00000000d6280000)
  to   space 1536K, 0% used [0x00000000d6280000,0x00000000d6280000,0x00000000d6400000)
 ParOldGen       total 115200K, used 114747K [0x0000000080000000, 0x0000000087080000, 0x00000000d5580000)
  object space 115200K, 99% used [0x0000000080000000,0x000000008700ec78,0x0000000087080000)
 Metaspace       used 76739K, committed 78464K, reserved 1179648K
  class space    used 8022K, committed 8768K, reserved 1048576K
}
Event: 344.271 GC heap after
{Heap after GC invocations=121 (full 3):
 PSYoungGen      total 12800K, used 672K [0x00000000d5580000, 0x00000000d6380000, 0x0000000100000000)
  eden space 11776K, 0% used [0x00000000d5580000,0x00000000d5580000,0x00000000d6100000)
  from space 1024K, 65% used [0x00000000d6280000,0x00000000d6328020,0x00000000d6380000)
  to   space 1024K, 0% used [0x00000000d6180000,0x00000000d6180000,0x00000000d6280000)
 ParOldGen       total 115200K, used 115084K [0x0000000080000000, 0x0000000087080000, 0x00000000d5580000)
  object space 115200K, 99% used [0x0000000080000000,0x0000000087063198,0x0000000087080000)
 Metaspace       used 76739K, committed 78464K, reserved 1179648K
  class space    used 8022K, committed 8768K, reserved 1048576K
}
Event: 344.591 GC heap before
{Heap before GC invocations=122 (full 3):
 PSYoungGen      total 12800K, used 12448K [0x00000000d5580000, 0x00000000d6380000, 0x0000000100000000)
  eden space 11776K, 100% used [0x00000000d5580000,0x00000000d6100000,0x00000000d6100000)
  from space 1024K, 65% used [0x00000000d6280000,0x00000000d6328020,0x00000000d6380000)
  to   space 1024K, 0% used [0x00000000d6180000,0x00000000d6180000,0x00000000d6280000)
 ParOldGen       total 115200K, used 115084K [0x0000000080000000, 0x0000000087080000, 0x00000000d5580000)
  object space 115200K, 99% used [0x0000000080000000,0x0000000087063198,0x0000000087080000)
 Metaspace       used 77853K, committed 79552K, reserved 1179648K
  class space    used 8106K, committed 8832K, reserved 1048576K
}
Event: 344.594 GC heap after
{Heap after GC invocations=122 (full 3):
 PSYoungGen      total 12800K, used 1024K [0x00000000d5580000, 0x00000000d6500000, 0x0000000100000000)
  eden space 11776K, 0% used [0x00000000d5580000,0x00000000d5580000,0x00000000d6100000)
  from space 1024K, 100% used [0x00000000d6180000,0x00000000d6280000,0x00000000d6280000)
  to   space 2048K, 0% used [0x00000000d6300000,0x00000000d6300000,0x00000000d6500000)
 ParOldGen       total 115712K, used 115668K [0x0000000080000000, 0x0000000087100000, 0x00000000d5580000)
  object space 115712K, 99% used [0x0000000080000000,0x00000000870f51b8,0x0000000087100000)
 Metaspace       used 77853K, committed 79552K, reserved 1179648K
  class space    used 8106K, committed 8832K, reserved 1048576K
}

Dll operation events (12 events):
Event: 0.021 Loaded shared library c:\Users\kurub_loqidtx\.antigravity\extensions\redhat.java-1.54.0-win32-x64\jre\21.0.10-win32-x86_64\bin\java.dll
Event: 0.118 Loaded shared library c:\Users\kurub_loqidtx\.antigravity\extensions\redhat.java-1.54.0-win32-x64\jre\21.0.10-win32-x86_64\bin\zip.dll
Event: 0.153 Loaded shared library C:\Users\kurub_loqidtx\.antigravity\extensions\redhat.java-1.54.0-win32-x64\jre\21.0.10-win32-x86_64\bin\instrument.dll
Event: 0.169 Loaded shared library C:\Users\kurub_loqidtx\.antigravity\extensions\redhat.java-1.54.0-win32-x64\jre\21.0.10-win32-x86_64\bin\net.dll
Event: 0.173 Loaded shared library C:\Users\kurub_loqidtx\.antigravity\extensions\redhat.java-1.54.0-win32-x64\jre\21.0.10-win32-x86_64\bin\nio.dll
Event: 0.181 Loaded shared library C:\Users\kurub_loqidtx\.antigravity\extensions\redhat.java-1.54.0-win32-x64\jre\21.0.10-win32-x86_64\bin\zip.dll
Event: 0.216 Loaded shared library C:\Users\kurub_loqidtx\.antigravity\extensions\redhat.java-1.54.0-win32-x64\jre\21.0.10-win32-x86_64\bin\jimage.dll
Event: 0.325 Loaded shared library c:\Users\kurub_loqidtx\.antigravity\extensions\redhat.java-1.54.0-win32-x64\jre\21.0.10-win32-x86_64\bin\verify.dll
Event: 2.399 Loaded shared library C:\Users\kurub_loqidtx\AppData\Roaming\Antigravity\User\globalStorage\redhat.java\1.54.0\config_win\org.eclipse.equinox.launcher\org.eclipse.equinox.launcher.win32.win32.x86_64_1.3.0.v20260203-2149\eclipse_11919.dll
Event: 9.373 Loaded shared library C:\Users\kurub_loqidtx\AppData\Local\Temp\jna--1944892477\jna6075330869292886299.dll
Event: 53.030 Loaded shared library C:\Users\kurub_loqidtx\.antigravity\extensions\redhat.java-1.54.0-win32-x64\jre\21.0.10-win32-x86_64\bin\sunmscapi.dll
Event: 53.382 Loaded shared library C:\Users\kurub_loqidtx\.antigravity\extensions\redhat.java-1.54.0-win32-x64\jre\21.0.10-win32-x86_64\bin\extnet.dll

Deoptimization events (20 events):
Event: 344.260 Thread 0x000002118da372b0 Uncommon trap: trap_request=0xffffffde fr.pc=0x00000211389ee418 relative=0x0000000000000078
Event: 344.260 Thread 0x000002118da372b0 Uncommon trap: reason=class_check action=maybe_recompile pc=0x00000211389ee418 method=java.util.LinkedHashMap.afterNodeInsertion(Z)V @ 15 c2
Event: 344.260 Thread 0x000002118da372b0 DEOPT PACKING pc=0x00000211389ee418 sp=0x0000007f963feb20
Event: 344.260 Thread 0x000002118da372b0 DEOPT UNPACKING pc=0x0000021137da3aa2 sp=0x0000007f963fea98 mode 2
Event: 344.317 Thread 0x000002118da35f00 DEOPT PACKING pc=0x0000021131270a48 sp=0x0000007f962fdfb0
Event: 344.317 Thread 0x000002118da35f00 DEOPT UNPACKING pc=0x0000021137da4242 sp=0x0000007f962fd468 mode 0
Event: 344.410 Thread 0x000002118da35f00 DEOPT PACKING pc=0x0000021131270a48 sp=0x0000007f962fd730
Event: 344.410 Thread 0x000002118da35f00 DEOPT UNPACKING pc=0x0000021137da4242 sp=0x0000007f962fcbe8 mode 0
Event: 344.635 Thread 0x000002118da35f00 DEOPT PACKING pc=0x0000021131235584 sp=0x0000007f962fe710
Event: 344.636 Thread 0x000002118da35f00 DEOPT UNPACKING pc=0x0000021137da4242 sp=0x0000007f962fdbc8 mode 0
Event: 344.686 Thread 0x000002118da35f00 Uncommon trap: trap_request=0xffffffde fr.pc=0x00000211389ee418 relative=0x0000000000000078
Event: 344.686 Thread 0x000002118da35f00 Uncommon trap: reason=class_check action=maybe_recompile pc=0x00000211389ee418 method=java.util.LinkedHashMap.afterNodeInsertion(Z)V @ 15 c2
Event: 344.686 Thread 0x000002118da35f00 DEOPT PACKING pc=0x00000211389ee418 sp=0x0000007f962fee30
Event: 344.687 Thread 0x000002118da35f00 DEOPT UNPACKING pc=0x0000021137da3aa2 sp=0x0000007f962feda8 mode 2
Event: 344.703 Thread 0x000002118da34b50 Uncommon trap: trap_request=0xffffffde fr.pc=0x00000211389ee418 relative=0x0000000000000078
Event: 344.703 Thread 0x000002118da34b50 Uncommon trap: reason=class_check action=maybe_recompile pc=0x00000211389ee418 method=java.util.LinkedHashMap.afterNodeInsertion(Z)V @ 15 c2
Event: 344.703 Thread 0x000002118da34b50 DEOPT PACKING pc=0x00000211389ee418 sp=0x0000007f95efeba0
Event: 344.703 Thread 0x000002118da34b50 DEOPT UNPACKING pc=0x0000021137da3aa2 sp=0x0000007f95efeb18 mode 2
Event: 391.545 Thread 0x000002118da34b50 DEOPT PACKING pc=0x0000021131235584 sp=0x0000007f95efe680
Event: 391.545 Thread 0x000002118da34b50 DEOPT UNPACKING pc=0x0000021137da4242 sp=0x0000007f95efdb38 mode 0

Classes loaded (20 events):
Event: 311.909 Loading class java/util/function/LongFunction
Event: 311.910 Loading class java/util/function/LongFunction done
Event: 311.914 Loading class java/util/stream/Nodes$ConcNode
Event: 311.917 Loading class java/util/stream/Nodes$AbstractConcNode
Event: 311.921 Loading class java/util/stream/Nodes$AbstractConcNode done
Event: 311.921 Loading class java/util/stream/Nodes$ConcNode done
Event: 312.170 Loading class java/util/stream/Nodes$ToArrayTask$OfRef
Event: 312.173 Loading class java/util/stream/Nodes$ToArrayTask
Event: 312.176 Loading class java/util/stream/Nodes$ToArrayTask done
Event: 312.176 Loading class java/util/stream/Nodes$ToArrayTask$OfRef done
Event: 312.194 Loading class java/io/ObjectOutputStream$BlockDataOutputStream
Event: 312.198 Loading class java/io/ObjectOutputStream$BlockDataOutputStream done
Event: 312.198 Loading class java/io/ObjectOutputStream$HandleTable
Event: 312.199 Loading class java/io/ObjectOutputStream$HandleTable done
Event: 312.200 Loading class java/io/ObjectOutputStream$ReplaceTable
Event: 312.201 Loading class java/io/ObjectOutputStream$ReplaceTable done
Event: 341.571 Loading class java/lang/UnsupportedClassVersionError
Event: 341.575 Loading class java/lang/UnsupportedClassVersionError done
Event: 344.476 Loading class jdk/internal/ref/CleanerImpl$InnocuousThreadFactory
Event: 344.477 Loading class jdk/internal/ref/CleanerImpl$InnocuousThreadFactory done

Classes unloaded (9 events):
Event: 10.788 Thread 0x000002112d5b3460 Unloading class 0x00000211451a9000 'java/lang/invoke/LambdaForm$MH+0x00000211451a9000'
Event: 10.788 Thread 0x000002112d5b3460 Unloading class 0x00000211451a8c00 'java/lang/invoke/LambdaForm$MH+0x00000211451a8c00'
Event: 10.788 Thread 0x000002112d5b3460 Unloading class 0x00000211451a8800 'java/lang/invoke/LambdaForm$MH+0x00000211451a8800'
Event: 10.788 Thread 0x000002112d5b3460 Unloading class 0x00000211451a8400 'java/lang/invoke/LambdaForm$MH+0x00000211451a8400'
Event: 10.788 Thread 0x000002112d5b3460 Unloading class 0x00000211451a8000 'java/lang/invoke/LambdaForm$BMH+0x00000211451a8000'
Event: 10.788 Thread 0x000002112d5b3460 Unloading class 0x00000211451a7c00 'java/lang/invoke/LambdaForm$DMH+0x00000211451a7c00'
Event: 10.788 Thread 0x000002112d5b3460 Unloading class 0x00000211451a6800 'java/lang/invoke/LambdaForm$DMH+0x00000211451a6800'
Event: 20.514 Thread 0x000002112d5b3460 Unloading class 0x0000021145623800 'java/lang/invoke/LambdaForm$MH+0x0000021145623800'
Event: 20.514 Thread 0x000002112d5b3460 Unloading class 0x0000021145622c00 'java/lang/invoke/LambdaForm$MH+0x0000021145622c00'

Classes redefined (0 events):
No events

Internal exceptions (20 events):
Event: 340.136 Thread 0x000002118da337a0 Exception <a 'sun/nio/fs/WindowsException'{0x00000000d56313c8}> (0x00000000d56313c8) 
thrown [s\src\hotspot\share\prims\jni.cpp, line 520]
Event: 340.136 Thread 0x000002118da34b50 Exception <a 'sun/nio/fs/WindowsException'{0x00000000d56fe818}> (0x00000000d56fe818) 
thrown [s\src\hotspot\share\prims\jni.cpp, line 520]
Event: 340.136 Thread 0x000002118da36c20 Exception <a 'sun/nio/fs/WindowsException'{0x00000000d56fdba0}> (0x00000000d56fdba0) 
thrown [s\src\hotspot\share\prims\jni.cpp, line 520]
Event: 340.165 Thread 0x000002118da35f00 Exception <a 'sun/nio/fs/WindowsException'{0x00000000d561dc90}> (0x00000000d561dc90) 
thrown [s\src\hotspot\share\prims\jni.cpp, line 520]
Event: 340.165 Thread 0x000002118da344c0 Exception <a 'sun/nio/fs/WindowsException'{0x00000000d57063d0}> (0x00000000d57063d0) 
thrown [s\src\hotspot\share\prims\jni.cpp, line 520]
Event: 340.165 Thread 0x000002118da36c20 Exception <a 'sun/nio/fs/WindowsException'{0x00000000d57023a0}> (0x00000000d57023a0) 
thrown [s\src\hotspot\share\prims\jni.cpp, line 520]
Event: 340.166 Thread 0x000002118da337a0 Exception <a 'sun/nio/fs/WindowsException'{0x00000000d56319f0}> (0x00000000d56319f0) 
thrown [s\src\hotspot\share\prims\jni.cpp, line 520]
Event: 340.166 Thread 0x000002118da34b50 Exception <a 'sun/nio/fs/WindowsException'{0x00000000d56fee40}> (0x00000000d56fee40) 
thrown [s\src\hotspot\share\prims\jni.cpp, line 520]
Event: 340.301 Thread 0x000002118da323f0 Exception <a 'java/lang/IncompatibleClassChangeError'{0x00000000d570dab8}: Found class java.lang.Object, but interface was expected> (0x00000000d570dab8) 
thrown [s\src\hotspot\share\interpreter\linkResolver.cpp, line 840]
Event: 340.528 Thread 0x000002118da323f0 Exception <a 'java/lang/IncompatibleClassChangeError'{0x00000000d5729748}: Found class java.lang.Object, but interface was expected> (0x00000000d5729748) 
thrown [s\src\hotspot\share\interpreter\linkResolver.cpp, line 840]
Event: 340.555 Thread 0x000002118da323f0 Exception <a 'java/lang/IncompatibleClassChangeError'{0x00000000d574adb8}: Found class java.lang.Object, but interface was expected> (0x00000000d574adb8) 
thrown [s\src\hotspot\share\interpreter\linkResolver.cpp, line 840]
Event: 340.570 Thread 0x000002118da323f0 Exception <a 'java/lang/IncompatibleClassChangeError'{0x00000000d578b268}: Found class java.lang.Object, but interface was expected> (0x00000000d578b268) 
thrown [s\src\hotspot\share\interpreter\linkResolver.cpp, line 840]
Event: 340.591 Thread 0x000002118da323f0 Exception <a 'java/lang/IncompatibleClassChangeError'{0x00000000d579c8f8}: Found class java.lang.Object, but interface was expected> (0x00000000d579c8f8) 
thrown [s\src\hotspot\share\interpreter\linkResolver.cpp, line 840]
Event: 340.688 Thread 0x000002118da2fc90 Exception <a 'java/lang/NoSuchMethodError'{0x00000000d58188c8}: 'java.lang.Object java.lang.invoke.DirectMethodHandle$Holder.invokeSpecial(java.lang.Object, java.lang.Object, java.lang.Object, java.lang.Object, int, java.lang.Object, java.lang.Object)'> (0x00000000d58188c8) 
thrown [s\src\hotspot\share\interpreter\linkResolver.cpp, line 773]
Event: 340.689 Thread 0x000002118da337a0 Exception <a 'java/lang/NoSuchMethodError'{0x00000000d582d4a8}: 'java.lang.Object java.lang.invoke.DirectMethodHandle$Holder.invokeSpecial(java.lang.Object, java.lang.Object, java.lang.Object, java.lang.Object, int, java.lang.Object, java.lang.Object)'> (0x00000000d582d4a8) 
thrown [s\src\hotspot\share\interpreter\linkResolver.cpp, line 773]
Event: 340.768 Thread 0x000002118da323f0 Exception <a 'java/lang/IncompatibleClassChangeError'{0x00000000d58aa8f0}: Found class java.lang.Object, but interface was expected> (0x00000000d58aa8f0) 
thrown [s\src\hotspot\share\interpreter\linkResolver.cpp, line 840]
Event: 342.532 Thread 0x000002118da36c20 Exception <a 'java/lang/NoSuchMethodError'{0x00000000d563b2c0}: 'int java.lang.invoke.Invokers$Holder.invokeExact_MT(java.lang.Object, java.lang.Object)'> (0x00000000d563b2c0) 
thrown [s\src\hotspot\share\interpreter\linkResolver.cpp, line 773]
Event: 343.138 Thread 0x00000211876a9a30 Implicit null exception at 0x0000021138ba3e7a to 0x0000021138ba413c
Event: 343.916 Thread 0x000002118da344c0 Exception <a 'java/lang/NoSuchMethodError'{0x00000000d5d70278}: 'java.lang.Object java.lang.invoke.DirectMethodHandle$Holder.invokeStatic(java.lang.Object, int, int, java.lang.Object)'> (0x00000000d5d70278) 
thrown [s\src\hotspot\share\interpreter\linkResolver.cpp, line 773]
Event: 344.197 Thread 0x000002118da372b0 Exception <a 'java/lang/NoSuchMethodError'{0x00000000d5eb4e78}: 'int java.lang.invoke.DirectMethodHandle$Holder.invokeVirtual(java.lang.Object, java.lang.Object, java.lang.Object, int)'> (0x00000000d5eb4e78) 
thrown [s\src\hotspot\share\interpreter\linkResolver.cpp, line 773]

ZGC Phase Switch (0 events):
No events

VM Operations (20 events):
Event: 344.169 Executing non-safepoint VM operation: HandshakeAllThreads (Deoptimize)
Event: 344.169 Executing non-safepoint VM operation: HandshakeAllThreads (Deoptimize) done
Event: 344.267 Executing safepoint VM operation: ParallelGCFailedAllocation (Allocation Failure)
Event: 344.271 Executing safepoint VM operation: ParallelGCFailedAllocation (Allocation Failure) done
Event: 344.591 Executing safepoint VM operation: ParallelGCFailedAllocation (Allocation Failure)
Event: 344.594 Executing safepoint VM operation: ParallelGCFailedAllocation (Allocation Failure) done
Event: 345.602 Executing safepoint VM operation: Cleanup
Event: 345.602 Executing safepoint VM operation: Cleanup done
Event: 360.863 Executing non-safepoint VM operation: HandshakeAllThreads (HandshakeForDeflation)
Event: 360.864 Executing non-safepoint VM operation: HandshakeAllThreads (HandshakeForDeflation) done
Event: 360.864 Executing non-safepoint VM operation: RendezvousGCThreads
Event: 360.864 Executing non-safepoint VM operation: RendezvousGCThreads done
Event: 392.121 Executing safepoint VM operation: Cleanup
Event: 392.122 Executing safepoint VM operation: Cleanup done
Event: 420.964 Executing non-safepoint VM operation: HandshakeAllThreads (HandshakeForDeflation)
Event: 420.964 Executing non-safepoint VM operation: HandshakeAllThreads (HandshakeForDeflation) done
Event: 420.964 Executing non-safepoint VM operation: RendezvousGCThreads
Event: 420.964 Executing non-safepoint VM operation: RendezvousGCThreads done
Event: 463.329 Executing safepoint VM operation: Cleanup
Event: 463.329 Executing safepoint VM operation: Cleanup done

Memory protections (0 events):
No events

Nmethod flushes (20 events):
Event: 20.543 Thread 0x000002112d5b3460 flushing  nmethod 0x0000021131213110
Event: 20.543 Thread 0x000002112d5b3460 flushing  nmethod 0x000002113121bd10
Event: 20.543 Thread 0x000002112d5b3460 flushing  nmethod 0x0000021131245910
Event: 20.543 Thread 0x000002112d5b3460 flushing  nmethod 0x0000021131255c10
Event: 20.543 Thread 0x000002112d5b3460 flushing  nmethod 0x0000021131272210
Event: 20.543 Thread 0x000002112d5b3460 flushing  nmethod 0x0000021131272810
Event: 20.543 Thread 0x000002112d5b3460 flushing  nmethod 0x0000021131273090
Event: 20.543 Thread 0x000002112d5b3460 flushing  nmethod 0x0000021131273d90
Event: 20.543 Thread 0x000002112d5b3460 flushing  nmethod 0x0000021131276890
Event: 20.543 Thread 0x000002112d5b3460 flushing  nmethod 0x000002113128bf10
Event: 20.543 Thread 0x000002112d5b3460 flushing  nmethod 0x000002113128c410
Event: 20.543 Thread 0x000002112d5b3460 flushing  nmethod 0x000002113128c990
Event: 20.543 Thread 0x000002112d5b3460 flushing  nmethod 0x00000211312a8010
Event: 20.543 Thread 0x000002112d5b3460 flushing  nmethod 0x00000211312a9610
Event: 20.543 Thread 0x000002112d5b3460 flushing  nmethod 0x00000211312aa610
Event: 20.543 Thread 0x000002112d5b3460 flushing  nmethod 0x00000211312abe90
Event: 20.543 Thread 0x000002112d5b3460 flushing  nmethod 0x00000211312b1010
Event: 20.543 Thread 0x000002112d5b3460 flushing  nmethod 0x00000211312b1610
Event: 20.543 Thread 0x000002112d5b3460 flushing  nmethod 0x00000211312b6a10
Event: 20.543 Thread 0x000002112d5b3460 flushing osr nmethod 0x00000211312e6d90

Events (20 events):
Event: 345.556 Thread 0x000002118d94cc50 Thread exited: 0x000002118d94cc50
Event: 345.556 Thread 0x000002118d94d970 Thread exited: 0x000002118d94d970
Event: 345.556 Thread 0x000002118d94d2e0 Thread exited: 0x000002118d94d2e0
Event: 345.572 Thread 0x000002118d94fa40 Thread exited: 0x000002118d94fa40
Event: 346.332 Thread 0x000002118d952ec0 Thread exited: 0x000002118d952ec0
Event: 346.336 Thread 0x000002118d94f3b0 Thread exited: 0x000002118d94f3b0
Event: 346.350 Thread 0x000002118d953be0 Thread exited: 0x000002118d953be0
Event: 346.351 Thread 0x000002118f86cad0 Thread exited: 0x000002118f86cad0
Event: 346.351 Thread 0x000002118f86ece0 Thread exited: 0x000002118f86ece0
Event: 346.351 Thread 0x000002118d953550 Thread exited: 0x000002118d953550
Event: 346.381 Thread 0x000002118d7315b0 Thread exited: 0x000002118d7315b0
Event: 346.381 Thread 0x000002118d954270 Thread exited: 0x000002118d954270
Event: 346.445 Thread 0x000002118d732ff0 Thread exited: 0x000002118d732ff0
Event: 346.445 Thread 0x000002118d732960 Thread exited: 0x000002118d732960
Event: 346.539 Thread 0x000002118d950760 Thread exited: 0x000002118d950760
Event: 346.600 Thread 0x000002118d950df0 Thread exited: 0x000002118d950df0
Event: 403.660 Thread 0x00000211876a9a30 Thread exited: 0x00000211876a9a30
Event: 405.529 Thread 0x000002118d735750 Thread exited: 0x000002118d735750
Event: 451.558 Thread 0x000002118da34b50 Thread exited: 0x000002118da34b50
Event: 465.536 Thread 0x000002118d736b00 Thread exited: 0x000002118d736b00


Dynamic libraries:
0x00007ff6508a0000 - 0x00007ff6508ae000 	c:\Users\kurub_loqidtx\.antigravity\extensions\redhat.java-1.54.0-win32-x64\jre\21.0.10-win32-x86_64\bin\java.exe
0x00007ff8e6f60000 - 0x00007ff8e71c7000 	C:\WINDOWS\SYSTEM32\ntdll.dll
0x00007ff8e4f10000 - 0x00007ff8e4fd9000 	C:\WINDOWS\System32\KERNEL32.DLL
0x00007ff8e3ad0000 - 0x00007ff8e3ec4000 	C:\WINDOWS\System32\KERNELBASE.dll
0x00007ff8e4ba0000 - 0x00007ff8e4ceb000 	C:\WINDOWS\System32\ucrtbase.dll
0x00007ff8d1dc0000 - 0x00007ff8d1dd8000 	c:\Users\kurub_loqidtx\.antigravity\extensions\redhat.java-1.54.0-win32-x64\jre\21.0.10-win32-x86_64\bin\jli.dll
0x00007ff8e5530000 - 0x00007ff8e56f5000 	C:\WINDOWS\System32\USER32.dll
0x00007ff8e3f60000 - 0x00007ff8e3f87000 	C:\WINDOWS\System32\win32u.dll
0x00007ff8e5e70000 - 0x00007ff8e5e9b000 	C:\WINDOWS\System32\GDI32.dll
0x00007ff8e3830000 - 0x00007ff8e395b000 	C:\WINDOWS\System32\gdi32full.dll
0x00007ff8e4800000 - 0x00007ff8e48a3000 	C:\WINDOWS\System32\msvcp_win.dll
0x00007ff8c1e80000 - 0x00007ff8c1e9e000 	c:\Users\kurub_loqidtx\.antigravity\extensions\redhat.java-1.54.0-win32-x64\jre\21.0.10-win32-x86_64\bin\VCRUNTIME140.dll
0x00007ff8bd830000 - 0x00007ff8bdac3000 	C:\WINDOWS\WinSxS\amd64_microsoft.windows.common-controls_6595b64144ccf1df_6.0.26100.8115_none_3e075c82e3354f9c\COMCTL32.dll
0x00007ff8e5c20000 - 0x00007ff8e5cc9000 	C:\WINDOWS\System32\msvcrt.dll
0x00007ff8e6d10000 - 0x00007ff8e6d42000 	C:\WINDOWS\System32\IMM32.DLL
0x00007ff8d8970000 - 0x00007ff8d897c000 	c:\Users\kurub_loqidtx\.antigravity\extensions\redhat.java-1.54.0-win32-x64\jre\21.0.10-win32-x86_64\bin\vcruntime140_1.dll
0x00007ff8ac030000 - 0x00007ff8ac0bd000 	c:\Users\kurub_loqidtx\.antigravity\extensions\redhat.java-1.54.0-win32-x64\jre\21.0.10-win32-x86_64\bin\msvcp140.dll
0x00007ff831ca0000 - 0x00007ff832a41000 	c:\Users\kurub_loqidtx\.antigravity\extensions\redhat.java-1.54.0-win32-x64\jre\21.0.10-win32-x86_64\bin\server\jvm.dll
0x00007ff8e6e60000 - 0x00007ff8e6f16000 	C:\WINDOWS\System32\ADVAPI32.dll
0x00007ff8e5370000 - 0x00007ff8e5417000 	C:\WINDOWS\System32\sechost.dll
0x00007ff8e5910000 - 0x00007ff8e5a28000 	C:\WINDOWS\System32\RPCRT4.dll
0x00007ff8e5420000 - 0x00007ff8e54a0000 	C:\WINDOWS\System32\WS2_32.dll
0x00007ff8e3690000 - 0x00007ff8e36ee000 	C:\WINDOWS\SYSTEM32\POWRPROF.dll
0x00007ff8d98b0000 - 0x00007ff8d98e6000 	C:\WINDOWS\SYSTEM32\WINMM.dll
0x00007ff8d00a0000 - 0x00007ff8d00ab000 	C:\WINDOWS\SYSTEM32\VERSION.dll
0x00007ff8e3670000 - 0x00007ff8e3684000 	C:\WINDOWS\SYSTEM32\UMPDC.dll
0x00007ff8e25a0000 - 0x00007ff8e25bb000 	C:\WINDOWS\SYSTEM32\kernel.appcore.dll
0x00007ff8d3360000 - 0x00007ff8d336a000 	c:\Users\kurub_loqidtx\.antigravity\extensions\redhat.java-1.54.0-win32-x64\jre\21.0.10-win32-x86_64\bin\jimage.dll
0x00007ff8e1760000 - 0x00007ff8e19a2000 	C:\WINDOWS\SYSTEM32\DBGHELP.DLL
0x00007ff8e4fe0000 - 0x00007ff8e5362000 	C:\WINDOWS\System32\combase.dll
0x00007ff8e5eb0000 - 0x00007ff8e5f88000 	C:\WINDOWS\System32\OLEAUT32.dll
0x00007ff8bb880000 - 0x00007ff8bb8bb000 	C:\WINDOWS\SYSTEM32\dbgcore.DLL
0x00007ff8e3960000 - 0x00007ff8e3a05000 	C:\WINDOWS\System32\bcryptPrimitives.dll
0x00007ff8d33b0000 - 0x00007ff8d33bf000 	c:\Users\kurub_loqidtx\.antigravity\extensions\redhat.java-1.54.0-win32-x64\jre\21.0.10-win32-x86_64\bin\instrument.dll
0x00007ff8c1e60000 - 0x00007ff8c1e80000 	c:\Users\kurub_loqidtx\.antigravity\extensions\redhat.java-1.54.0-win32-x64\jre\21.0.10-win32-x86_64\bin\java.dll
0x00007ff8e5fb0000 - 0x00007ff8e6717000 	C:\WINDOWS\System32\SHELL32.dll
0x00007ff8e48b0000 - 0x00007ff8e4a1a000 	C:\WINDOWS\System32\wintypes.dll
0x00007ff8e3f90000 - 0x00007ff8e47f8000 	C:\WINDOWS\System32\windows.storage.dll
0x00007ff8e6c10000 - 0x00007ff8e6d08000 	C:\WINDOWS\System32\SHCORE.dll
0x00007ff8e6d70000 - 0x00007ff8e6dd6000 	C:\WINDOWS\System32\shlwapi.dll
0x00007ff8e3750000 - 0x00007ff8e3779000 	C:\WINDOWS\SYSTEM32\profapi.dll
0x00007ff8bfa00000 - 0x00007ff8bfa18000 	c:\Users\kurub_loqidtx\.antigravity\extensions\redhat.java-1.54.0-win32-x64\jre\21.0.10-win32-x86_64\bin\zip.dll
0x00007ff8d1510000 - 0x00007ff8d1520000 	C:\Users\kurub_loqidtx\.antigravity\extensions\redhat.java-1.54.0-win32-x64\jre\21.0.10-win32-x86_64\bin\net.dll
0x00007ff8d2860000 - 0x00007ff8d298d000 	C:\WINDOWS\SYSTEM32\WINHTTP.dll
0x00007ff8e2b30000 - 0x00007ff8e2b9c000 	C:\WINDOWS\system32\mswsock.dll
0x00007ff8bfcd0000 - 0x00007ff8bfce6000 	C:\Users\kurub_loqidtx\.antigravity\extensions\redhat.java-1.54.0-win32-x64\jre\21.0.10-win32-x86_64\bin\nio.dll
0x00007ff8bfb20000 - 0x00007ff8bfb30000 	c:\Users\kurub_loqidtx\.antigravity\extensions\redhat.java-1.54.0-win32-x64\jre\21.0.10-win32-x86_64\bin\verify.dll
0x00007ff8ac1a0000 - 0x00007ff8ac1e5000 	C:\Users\kurub_loqidtx\AppData\Roaming\Antigravity\User\globalStorage\redhat.java\1.54.0\config_win\org.eclipse.equinox.launcher\org.eclipse.equinox.launcher.win32.win32.x86_64_1.3.0.v20260203-2149\eclipse_11919.dll
0x00007ff8e5cd0000 - 0x00007ff8e5e67000 	C:\WINDOWS\System32\ole32.dll
0x00007ff8e2e20000 - 0x00007ff8e2e3b000 	C:\WINDOWS\SYSTEM32\CRYPTSP.dll
0x00007ff8e2500000 - 0x00007ff8e2539000 	C:\WINDOWS\system32\rsaenh.dll
0x00007ff8e2be0000 - 0x00007ff8e2c13000 	C:\WINDOWS\SYSTEM32\USERENV.dll
0x00007ff8e3720000 - 0x00007ff8e374a000 	C:\WINDOWS\SYSTEM32\bcrypt.dll
0x00007ff8e2e10000 - 0x00007ff8e2e1c000 	C:\WINDOWS\SYSTEM32\CRYPTBASE.dll
0x00007ff8e1f70000 - 0x00007ff8e1fa2000 	C:\WINDOWS\SYSTEM32\IPHLPAPI.DLL
0x00007ff8e5ea0000 - 0x00007ff8e5eaa000 	C:\WINDOWS\System32\NSI.dll
0x00007ff88e590000 - 0x00007ff88e5d9000 	C:\Users\kurub_loqidtx\AppData\Local\Temp\jna--1944892477\jna6075330869292886299.dll
0x00007ff8e4ed0000 - 0x00007ff8e4ed8000 	C:\WINDOWS\System32\PSAPI.DLL
0x00007ff8db490000 - 0x00007ff8db4ad000 	C:\WINDOWS\SYSTEM32\dhcpcsvc6.DLL
0x00007ff8db440000 - 0x00007ff8db465000 	C:\WINDOWS\SYSTEM32\dhcpcsvc.DLL
0x00007ff8e26e0000 - 0x00007ff8e2716000 	C:\WINDOWS\SYSTEM32\ntmarta.dll
0x00007ff8be910000 - 0x00007ff8be91e000 	C:\Users\kurub_loqidtx\.antigravity\extensions\redhat.java-1.54.0-win32-x64\jre\21.0.10-win32-x86_64\bin\sunmscapi.dll
0x00007ff8e4a20000 - 0x00007ff8e4b97000 	C:\WINDOWS\System32\CRYPT32.dll
0x00007ff8e3030000 - 0x00007ff8e3060000 	C:\WINDOWS\SYSTEM32\ncrypt.dll
0x00007ff8e2fe0000 - 0x00007ff8e301f000 	C:\WINDOWS\SYSTEM32\NTASN1.dll
0x00007ff8e1fb0000 - 0x00007ff8e20e2000 	C:\WINDOWS\SYSTEM32\DNSAPI.dll
0x00007ff8d89b0000 - 0x00007ff8d89bb000 	C:\Windows\System32\rasadhlp.dll
0x00007ff8dbc00000 - 0x00007ff8dbc86000 	C:\WINDOWS\System32\fwpuclnt.dll
0x00007ff8abf60000 - 0x00007ff8abf69000 	C:\Users\kurub_loqidtx\.antigravity\extensions\redhat.java-1.54.0-win32-x64\jre\21.0.10-win32-x86_64\bin\extnet.dll

JVMTI agents:
c:\Users\kurub_loqidtx\.antigravity\extensions\redhat.java-1.54.0-win32-x64\lombok\lombok-1.18.39-4050.jar path:c:\Users\kurub_loqidtx\.antigravity\extensions\redhat.java-1.54.0-win32-x64\jre\21.0.10-win32-x86_64\bin\instrument.dll, loaded, initialized, instrumentlib options:none

dbghelp: loaded successfully - version: 4.0.5 - missing functions: none
symbol engine: initialized successfully - sym options: 0x614 - pdb path: .;c:\Users\kurub_loqidtx\.antigravity\extensions\redhat.java-1.54.0-win32-x64\jre\21.0.10-win32-x86_64\bin;C:\WINDOWS\SYSTEM32;C:\WINDOWS\WinSxS\amd64_microsoft.windows.common-controls_6595b64144ccf1df_6.0.26100.8115_none_3e075c82e3354f9c;c:\Users\kurub_loqidtx\.antigravity\extensions\redhat.java-1.54.0-win32-x64\jre\21.0.10-win32-x86_64\bin\server;C:\Users\kurub_loqidtx\AppData\Roaming\Antigravity\User\globalStorage\redhat.java\1.54.0\config_win\org.eclipse.equinox.launcher\org.eclipse.equinox.launcher.win32.win32.x86_64_1.3.0.v20260203-2149;C:\Users\kurub_loqidtx\AppData\Local\Temp\jna--1944892477

VM Arguments:
jvm_args: --add-modules=ALL-SYSTEM --add-opens=java.base/java.util=ALL-UNNAMED --add-opens=java.base/java.lang=ALL-UNNAMED --add-opens=java.base/sun.nio.fs=ALL-UNNAMED -Declipse.application=org.eclipse.jdt.ls.core.id1 -Dosgi.bundles.defaultStartLevel=4 -Declipse.product=org.eclipse.jdt.ls.core.product -Djava.import.generatesMetadataFilesAtProjectRoot=false -DDetectVMInstallationsJob.disabled=true -Dfile.encoding=utf8 -XX:+UseParallelGC -XX:GCTimeRatio=4 -XX:AdaptiveSizePolicyWeight=90 -Dsun.zip.disableMemoryMapping=true -Xmx2G -Xms100m -Xlog:disable -javaagent:c:\Users\kurub_loqidtx\.antigravity\extensions\redhat.java-1.54.0-win32-x64\lombok\lombok-1.18.39-4050.jar -XX:+HeapDumpOnOutOfMemoryError -XX:HeapDumpPath=c:\Users\kurub_loqidtx\AppData\Roaming\Antigravity\User\workspaceStorage\811f36a114dddca7245e4ba8fff68428\redhat.java -Daether.dependencyCollector.impl=bf 
java_command: c:\Users\kurub_loqidtx\.antigravity\extensions\redhat.java-1.54.0-win32-x64\server\plugins\org.eclipse.equinox.launcher_1.7.100.v20251111-0406.jar -configuration c:\Users\kurub_loqidtx\AppData\Roaming\Antigravity\User\globalStorage\redhat.java\1.54.0\config_win -data c:\Users\kurub_loqidtx\AppData\Roaming\Antigravity\User\workspaceStorage\811f36a114dddca7245e4ba8fff68428\redhat.java\jdt_ws --pipe=\\.\pipe\lsp-f24dd6ed00bb1f7c96bb4f9f290ba3f7-sock
java_class_path (initial): c:\Users\kurub_loqidtx\.antigravity\extensions\redhat.java-1.54.0-win32-x64\server\plugins\org.eclipse.equinox.launcher_1.7.100.v20251111-0406.jar
Launcher Type: SUN_STANDARD

[Global flags]
    uintx AdaptiveSizePolicyWeight                 = 90                                        {product} {command line}
     intx CICompilerCount                          = 4                                         {product} {ergonomic}
    uintx GCTimeRatio                              = 4                                         {product} {command line}
     bool HeapDumpOnOutOfMemoryError               = true                                   {manageable} {command line}
    ccstr HeapDumpPath                             = c:\Users\kurub_loqidtx\AppData\Roaming\Antigravity\User\workspaceStorage\811f36a114dddca7245e4ba8fff68428\redhat.java         {manageable} {command line}
   size_t InitialHeapSize                          = 104857600                                 {product} {command line}
   size_t MaxHeapSize                              = 2147483648                                {product} {command line}
   size_t MaxNewSize                               = 715653120                                 {product} {ergonomic}
   size_t MinHeapDeltaBytes                        = 524288                                    {product} {ergonomic}
   size_t MinHeapSize                              = 104857600                                 {product} {command line}
   size_t NewSize                                  = 34603008                                  {product} {ergonomic}
    uintx NonNMethodCodeHeapSize                   = 5839372                                {pd product} {ergonomic}
    uintx NonProfiledCodeHeapSize                  = 122909434                              {pd product} {ergonomic}
   size_t OldSize                                  = 70254592                                  {product} {ergonomic}
    uintx ProfiledCodeHeapSize                     = 122909434                              {pd product} {ergonomic}
    uintx ReservedCodeCacheSize                    = 251658240                              {pd product} {ergonomic}
     bool SegmentedCodeCache                       = true                                      {product} {ergonomic}
   size_t SoftMaxHeapSize                          = 2147483648                             {manageable} {ergonomic}
     bool UseCompressedOops                        = true                           {product lp64_product} {ergonomic}
     bool UseLargePagesIndividualAllocation        = false                                  {pd product} {ergonomic}
     bool UseParallelGC                            = true                                      {product} {command line}

Logging:
Log output configuration:
 #0: stdout all=off uptime,level,tags foldmultilines=false
 #1: stderr all=off uptime,level,tags foldmultilines=false

Release file:
JAVA_VERSION="21.0.10" 
MODULES="java.base java.compiler java.datatransfer java.xml java.prefs java.desktop java.instrument java.logging java.management java.security.sasl java.naming java.rmi java.management.rmi java.net.http java.scripting java.security.jgss java.transaction.xa java.sql java.sql.rowset java.xml.crypto java.se java.smartcardio jdk.accessibility jdk.internal.jvmstat jdk.attach jdk.charsets jdk.internal.opt jdk.zipfs jdk.compiler jdk.crypto.ec jdk.crypto.cryptoki jdk.crypto.mscapi jdk.dynalink jdk.internal.ed jdk.editpad jdk.hotspot.agent jdk.httpserver jdk.internal.le jdk.internal.vm.ci jdk.internal.vm.compiler jdk.internal.vm.compiler.management jdk.jartool jdk.javadoc jdk.jcmd jdk.management jdk.management.agent jdk.jconsole jdk.jdeps jdk.jdwp.agent jdk.jdi jdk.jfr jdk.jshell jdk.jsobject jdk.jstatd jdk.localedata jdk.management.jfr jdk.naming.dns jdk.naming.rmi jdk.net jdk.nio.mapmode jdk.random jdk.sctp jdk.security.auth jdk.security.jgss jdk.unsupported jdk.unsupported.desktop jdk.xml.dom" 

Environment Variables:
PATH=C:\Program Files\Common Files\Oracle\Java\javapath;C:\WINDOWS\system32;C:\WINDOWS;C:\WINDOWS\System32\Wbem;C:\WINDOWS\System32\WindowsPowerShell\v1.0\;C:\WINDOWS\System32\OpenSSH\;C:\Program Files (x86)\Microsoft SQL Server\170\Tools\Binn\;C:\Program Files\Microsoft SQL Server\170\Tools\Binn\;C:\Program Files\Microsoft SQL Server\Client SDK\ODBC\180\Tools\Binn\;C:\Program Files\Microsoft SQL Server\170\DTS\Binn\;C:\Program Files\Docker\Docker\resources\bin;C:\Program Files\Git\cmd;C:\Program Files\nodejs\;C:\Users\kurub_loqidtx\AppData\Local\Programs\Python\Python314\Scripts\;C:\Users\kurub_loqidtx\AppData\Local\Programs\Python\Python314\;C:\Users\kurub_loqidtx\AppData\Local\Microsoft\WindowsApps;C:\Users\kurub_loqidtx\AppData\Local\Programs\Microsoft VS Code\bin;C:\Users\kurub_loqidtx\AppData\Local\Programs\Antigravity\bin;C:\Users\kurub_loqidtx\AppData\Roaming\npm
USERNAME=kurub_loqidtx
OS=Windows_NT
PROCESSOR_IDENTIFIER=Intel64 Family 6 Model 186 Stepping 3, GenuineIntel
TMP=C:\Users\KURUB_~1\AppData\Local\Temp
TEMP=C:\Users\KURUB_~1\AppData\Local\Temp




Periodic native trim disabled

---------------  S Y S T E M  ---------------

OS:
 Windows 11 , 64 bit Build 26100 (10.0.26100.8246)
OS uptime: 1 days 1:51 hours
Hyper-V role detected

CPU: total 12 (initial active 12) (6 cores per cpu, 2 threads per core) family 6 model 186 stepping 3 microcode 0x4128, cx8, cmov, fxsr, ht, mmx, 3dnowpref, sse, sse2, sse3, ssse3, sse4.1, sse4.2, popcnt, lzcnt, tsc, tscinvbit, avx, avx2, aes, erms, clmul, bmi1, bmi2, adx, sha, fma, vzeroupper, clflush, clflushopt, clwb, hv, serialize, rdtscp, rdpid, fsrm, f16c, cet_ibt, cet_ss
Processor Information for the first 12 processors :
  Max Mhz: 1300, Current Mhz: 1300, Mhz Limit: 1300

Memory: 4k page, system-wide physical 7835M (734M free)
TotalPageFile size 31387M (AvailPageFile size 0M)
current process WorkingSet (physical memory assigned to process): 40M, peak: 321M
current process commit charge ("private bytes"): 438M, peak: 516M

vm_info: OpenJDK 64-Bit Server VM (21.0.10+7-LTS) for windows-amd64 JRE (21.0.10+7-LTS), built on 2026-01-20T00:00:00Z by "admin" with MS VC++ 17.12 (VS2022)

END.
