#
# There is insufficient memory for the Java Runtime Environment to continue.
# Native memory allocation (malloc) failed to allocate 1478576 bytes. Error detail: Chunk::new
# Possible reasons:
#   The system is out of physical RAM or swap space
#   This process is running with CompressedOops enabled, and the Java Heap may be blocking the growth of the native heap
# Possible solutions:
#   Reduce memory load on the system
#   Increase physical memory or swap space
#   Check if swap backing store is full
#   Decrease Java heap size (-Xmx/-Xms)
#   Decrease number of Java threads
#   Decrease Java thread stack sizes (-Xss)
#   Set larger code cache with -XX:ReservedCodeCacheSize=
#   JVM is running with Unscaled Compressed Oops mode in which the Java heap is
#     placed in the first 4GB address space. The Java Heap base address is the
#     maximum limit for the native heap growth. Please use -XX:HeapBaseMinAddress
#     to set the Java Heap base and to place the Java Heap above 4GB virtual address.
# This output file may be truncated or incomplete.
#
#  Out of Memory Error (arena.cpp:168), pid=27424, tid=28592
#
# JRE version: OpenJDK Runtime Environment Temurin-21.0.10+7 (21.0.10+7) (build 21.0.10+7-LTS)
# Java VM: OpenJDK 64-Bit Server VM Temurin-21.0.10+7 (21.0.10+7-LTS, mixed mode, sharing, tiered, compressed oops, compressed class ptrs, parallel gc, windows-amd64)
# No core dump will be written. Minidumps are not enabled by default on client versions of Windows
#

---------------  S U M M A R Y ------------

Command Line: --add-modules=ALL-SYSTEM --add-opens=java.base/java.util=ALL-UNNAMED --add-opens=java.base/java.lang=ALL-UNNAMED --add-opens=java.base/sun.nio.fs=ALL-UNNAMED -Declipse.application=org.eclipse.jdt.ls.core.id1 -Dosgi.bundles.defaultStartLevel=4 -Declipse.product=org.eclipse.jdt.ls.core.product -Djava.import.generatesMetadataFilesAtProjectRoot=false -DDetectVMInstallationsJob.disabled=true -Dfile.encoding=utf8 -XX:+UseParallelGC -XX:GCTimeRatio=4 -XX:AdaptiveSizePolicyWeight=90 -Dsun.zip.disableMemoryMapping=true -Xmx2G -Xms100m -Xlog:disable -javaagent:c:\Users\kurub_loqidtx\.vscode\extensions\redhat.java-1.54.0-win32-x64\lombok\lombok-1.18.39-4050.jar c:\Users\kurub_loqidtx\.vscode\extensions\redhat.java-1.54.0-win32-x64\server\plugins\org.eclipse.equinox.launcher_1.7.100.v20251111-0406.jar -configuration c:\Users\kurub_loqidtx\AppData\Roaming\Code\User\globalStorage\redhat.java\1.54.0\config_ss_win -data c:\Users\kurub_loqidtx\AppData\Roaming\Code\User\workspaceStorage\811f36a114dddca7245e4ba8fff68428\redhat.java\ss_ws --pipe=\\.\pipe\lsp-f4331d6cc90e2708207decfb5108f3af-sock

Host: 13th Gen Intel(R) Core(TM) i5-1334U, 12 cores, 7G,  Windows 11 , 64 bit Build 26100 (10.0.26100.8246)
Time: Tue May  5 15:16:44 2026 India Standard Time elapsed time: 8.315000 seconds (0d 0h 0m 8s)

---------------  T H R E A D  ---------------

Current thread (0x000001f5efcf6dc0):  JavaThread "C2 CompilerThread0" daemon [_thread_in_native, id=28592, stack(0x0000006edf300000,0x0000006edf400000) (1024K)]


Current CompileTask:
C2:8315 3206       4       java.lang.invoke.MethodType::makeImpl (109 bytes)

Stack: [0x0000006edf300000,0x0000006edf400000]
Native frames: (J=compiled Java code, j=interpreted, Vv=VM code, C=native code)
V  [jvm.dll+0x6d7a39]
V  [jvm.dll+0x8b4b26]
V  [jvm.dll+0x8b70de]
V  [jvm.dll+0x8b77c3]
V  [jvm.dll+0x284346]
V  [jvm.dll+0xc66ed]
V  [jvm.dll+0xc6c31]
V  [jvm.dll+0x3bec01]
V  [jvm.dll+0x38b162]
V  [jvm.dll+0x38a5aa]
V  [jvm.dll+0x24c560]
V  [jvm.dll+0x24bb40]
V  [jvm.dll+0x1cb34e]
V  [jvm.dll+0x25b85d]
V  [jvm.dll+0x259dea]
V  [jvm.dll+0x3f857e]
V  [jvm.dll+0x85f59d]
V  [jvm.dll+0x6d626d]
C  [ucrtbase.dll+0x37b0]
C  [KERNEL32.DLL+0x2e8d7]
C  [ntdll.dll+0x8c3fc]


---------------  P R O C E S S  ---------------

Threads class SMR info:
_java_thread_list=0x000001f5ff55fbb0, length=35, elements={
0x000001f5ed96b1b0, 0x000001f5efcdf1c0, 0x000001f5efcdfee0, 0x000001f5efce5550,
0x000001f5efce6210, 0x000001f5efce91e0, 0x000001f5efceca10, 0x000001f5efcf6dc0,
0x000001f5efcfa0c0, 0x000001f5f8c0c9f0, 0x000001f5f8d4acb0, 0x000001f5fe859f00,
0x000001f5fe757890, 0x000001f5fe2f90d0, 0x000001f5fe0faaf0, 0x000001f5feb33030,
0x000001f5febeead0, 0x000001f5febef140, 0x000001f5fed09af0, 0x000001f5fed07a20,
0x000001f5fed09460, 0x000001f5fed08740, 0x000001f5fed06d00, 0x000001f5fed08dd0,
0x000001f5fed080b0, 0x000001f5fed06670, 0x000001f5fed07390, 0x000001f5d0463e00,
0x000001f5d04630e0, 0x000001f5d0462a50, 0x000001f5d0466bf0, 0x000001f5d0464490,
0x000001f5d0465ed0, 0x000001f5d0466560, 0x000001f5d0463770
}

Java Threads: ( => current thread )
  0x000001f5ed96b1b0 JavaThread "main"                              [_thread_blocked, id=26568, stack(0x0000006ede900000,0x0000006edea00000) (1024K)]
  0x000001f5efcdf1c0 JavaThread "Reference Handler"          daemon [_thread_blocked, id=30616, stack(0x0000006eded00000,0x0000006edee00000) (1024K)]
  0x000001f5efcdfee0 JavaThread "Finalizer"                  daemon [_thread_blocked, id=992, stack(0x0000006edee00000,0x0000006edef00000) (1024K)]
  0x000001f5efce5550 JavaThread "Signal Dispatcher"          daemon [_thread_blocked, id=30092, stack(0x0000006edef00000,0x0000006edf000000) (1024K)]
  0x000001f5efce6210 JavaThread "Attach Listener"            daemon [_thread_blocked, id=12136, stack(0x0000006edf000000,0x0000006edf100000) (1024K)]
  0x000001f5efce91e0 JavaThread "Service Thread"             daemon [_thread_blocked, id=25960, stack(0x0000006edf100000,0x0000006edf200000) (1024K)]
  0x000001f5efceca10 JavaThread "Monitor Deflation Thread"   daemon [_thread_blocked, id=20972, stack(0x0000006edf200000,0x0000006edf300000) (1024K)]
=>0x000001f5efcf6dc0 JavaThread "C2 CompilerThread0"         daemon [_thread_in_native, id=28592, stack(0x0000006edf300000,0x0000006edf400000) (1024K)]
  0x000001f5efcfa0c0 JavaThread "C1 CompilerThread0"         daemon [_thread_blocked, id=14312, stack(0x0000006edf400000,0x0000006edf500000) (1024K)]
  0x000001f5f8c0c9f0 JavaThread "Common-Cleaner"             daemon [_thread_blocked, id=7720, stack(0x0000006edf500000,0x0000006edf600000) (1024K)]
  0x000001f5f8d4acb0 JavaThread "Notification Thread"        daemon [_thread_blocked, id=28320, stack(0x0000006edf600000,0x0000006edf700000) (1024K)]
  0x000001f5fe859f00 JavaThread "Active Thread: Equinox Container: cf5f0b62-0741-4ec1-88fd-4c08c1a47271"        [_thread_blocked, id=9568, stack(0x0000006edff00000,0x0000006ee0000000) (1024K)]
  0x000001f5fe757890 JavaThread "Framework Event Dispatcher: Equinox Container: cf5f0b62-0741-4ec1-88fd-4c08c1a47271" daemon [_thread_blocked, id=14128, stack(0x0000006ee0000000,0x0000006ee0100000) (1024K)]
  0x000001f5fe2f90d0 JavaThread "Start Level: Equinox Container: cf5f0b62-0741-4ec1-88fd-4c08c1a47271" daemon [_thread_blocked, id=12160, stack(0x0000006ee0100000,0x0000006ee0200000) (1024K)]
  0x000001f5fe0faaf0 JavaThread "SCR Component Actor"        daemon [_thread_blocked, id=19760, stack(0x0000006ee0300000,0x0000006ee0400000) (1024K)]
  0x000001f5feb33030 JavaThread "Worker-JM"                         [_thread_blocked, id=11984, stack(0x0000006edf700000,0x0000006edf800000) (1024K)]
  0x000001f5febeead0 JavaThread "Worker-0"                          [_thread_blocked, id=11524, stack(0x0000006ee0600000,0x0000006ee0700000) (1024K)]
  0x000001f5febef140 JavaThread "Worker-1"                          [_thread_blocked, id=10372, stack(0x0000006ee0700000,0x0000006ee0800000) (1024K)]
  0x000001f5fed09af0 JavaThread "JNA Cleaner"                daemon [_thread_blocked, id=18872, stack(0x0000006ee0800000,0x0000006ee0900000) (1024K)]
  0x000001f5fed07a20 JavaThread "Thread-1"                   daemon [_thread_in_native, id=23044, stack(0x0000006ee0b00000,0x0000006ee0c00000) (1024K)]
  0x000001f5fed09460 JavaThread "Thread-2"                   daemon [_thread_in_native, id=17760, stack(0x0000006ee0c00000,0x0000006ee0d00000) (1024K)]
  0x000001f5fed08740 JavaThread "Thread-3"                   daemon [_thread_in_native, id=20532, stack(0x0000006ee0d00000,0x0000006ee0e00000) (1024K)]
  0x000001f5fed06d00 JavaThread "Thread-4"                   daemon [_thread_in_native, id=20352, stack(0x0000006ee0e00000,0x0000006ee0f00000) (1024K)]
  0x000001f5fed08dd0 JavaThread "Thread-5"                   daemon [_thread_in_native, id=30320, stack(0x0000006ee0f00000,0x0000006ee1000000) (1024K)]
  0x000001f5fed080b0 JavaThread "Thread-6"                   daemon [_thread_in_native, id=19004, stack(0x0000006ee1000000,0x0000006ee1100000) (1024K)]
  0x000001f5fed06670 JavaThread "Thread-7"                   daemon [_thread_in_native, id=14776, stack(0x0000006ee1100000,0x0000006ee1200000) (1024K)]
  0x000001f5fed07390 JavaThread "Thread-8"                   daemon [_thread_in_native, id=29724, stack(0x0000006ee1200000,0x0000006ee1300000) (1024K)]
  0x000001f5d0463e00 JavaThread "Thread-9"                   daemon [_thread_in_native, id=17732, stack(0x0000006ee1300000,0x0000006ee1400000) (1024K)]
  0x000001f5d04630e0 JavaThread "Thread-10"                  daemon [_thread_in_native, id=18160, stack(0x0000006ee1400000,0x0000006ee1500000) (1024K)]
  0x000001f5d0462a50 JavaThread "Thread-11"                  daemon [_thread_in_native, id=24060, stack(0x0000006ee1500000,0x0000006ee1600000) (1024K)]
  0x000001f5d0466bf0 JavaThread "Thread-12"                  daemon [_thread_in_native, id=19320, stack(0x0000006ee1600000,0x0000006ee1700000) (1024K)]
  0x000001f5d0464490 JavaThread "Thread-13"                  daemon [_thread_in_native, id=28820, stack(0x0000006ee1700000,0x0000006ee1800000) (1024K)]
  0x000001f5d0465ed0 JavaThread "pool-2-thread-1"                   [_thread_blocked, id=28488, stack(0x0000006ee1800000,0x0000006ee1900000) (1024K)]
  0x000001f5d0466560 JavaThread "WorkspaceEventsHandler"            [_thread_blocked, id=23184, stack(0x0000006ee0500000,0x0000006ee0600000) (1024K)]
  0x000001f5d0463770 JavaThread "pool-1-thread-1"                   [_thread_in_Java, id=27336, stack(0x0000006ee1900000,0x0000006ee1a00000) (1024K)]
Total: 35

Other Threads:
  0x000001f5efcdea00 VMThread "VM Thread"                           [id=23660, stack(0x0000006edec00000,0x0000006eded00000) (1024K)]
  0x000001f5f75cca00 WatcherThread "VM Periodic Task Thread"        [id=26812, stack(0x0000006edeb00000,0x0000006edec00000) (1024K)]
  0x000001f5efc5adc0 WorkerThread "GC Thread#0"                     [id=21040, stack(0x0000006edea00000,0x0000006edeb00000) (1024K)]
  0x000001f5fe84b1f0 WorkerThread "GC Thread#1"                     [id=27540, stack(0x0000006edf900000,0x0000006edfa00000) (1024K)]
  0x000001f5fe63a710 WorkerThread "GC Thread#2"                     [id=17336, stack(0x0000006edfa00000,0x0000006edfb00000) (1024K)]
  0x000001f5fe63aac0 WorkerThread "GC Thread#3"                     [id=5652, stack(0x0000006edfb00000,0x0000006edfc00000) (1024K)]
  0x000001f5fe63ae70 WorkerThread "GC Thread#4"                     [id=26912, stack(0x0000006edfc00000,0x0000006edfd00000) (1024K)]
  0x000001f5fe647a70 WorkerThread "GC Thread#5"                     [id=26280, stack(0x0000006edfd00000,0x0000006edfe00000) (1024K)]
  0x000001f5fe647e20 WorkerThread "GC Thread#6"                     [id=29180, stack(0x0000006edfe00000,0x0000006edff00000) (1024K)]
  0x000001f5fe2fa670 WorkerThread "GC Thread#7"                     [id=24228, stack(0x0000006ee0200000,0x0000006ee0300000) (1024K)]
  0x000001f5fe8d7570 WorkerThread "GC Thread#8"                     [id=1176, stack(0x0000006edf800000,0x0000006edf900000) (1024K)]
  0x000001f5fe8d6a60 WorkerThread "GC Thread#9"                     [id=19520, stack(0x0000006ee0400000,0x0000006ee0500000) (1024K)]
Total: 12

Threads with active compile tasks:
C2 CompilerThread0  8341 3206       4       java.lang.invoke.MethodType::makeImpl (109 bytes)
C1 CompilerThread0  8341 3324       3       java.lang.reflect.Modifier::isAbstract (14 bytes)
Total: 2

VM state: not at safepoint (normal execution)

VM Mutex/Monitor currently owned by a thread:  ([mutex/lock_event])
[0x00007ff80806d560] CompileThread_lock - owner thread: 0x000001f5efcfa0c0

Heap address: 0x0000000080000000, size: 2048 MB, Compressed Oops mode: 32-bit

CDS archive(s) mapped at: [0x000001f58f000000-0x000001f58fba0000-0x000001f58fba0000), size 12189696, SharedBaseAddress: 0x000001f58f000000, ArchiveRelocationMode: 1.
Compressed class space mapped at: 0x000001f590000000-0x000001f5d0000000, reserved size: 1073741824
Narrow klass base: 0x000001f58f000000, Narrow klass shift: 0, Narrow klass range: 0x100000000

GC Precious Log:
 CardTable entry size: 512
 CPUs: 12 total, 12 available
 Memory: 7835M
 Large Page Support: Disabled
 NUMA Support: Disabled
 Compressed Oops: Enabled (32-bit)
 Alignments: Space 512K, Generation 512K, Heap 2M
 Heap Min Capacity: 100M
 Heap Initial Capacity: 100M
 Heap Max Capacity: 2G
 Pre-touch: Disabled
 Parallel Workers: 10

Heap:
 PSYoungGen      total 26112K, used 23332K [0x00000000d5580000, 0x00000000d7480000, 0x0000000100000000)
  eden space 23552K, 89% used [0x00000000d5580000,0x00000000d6a043c0,0x00000000d6c80000)
  from space 2560K, 90% used [0x00000000d6d00000,0x00000000d6f44c98,0x00000000d6f80000)
  to   space 4096K, 0% used [0x00000000d7080000,0x00000000d7080000,0x00000000d7480000)
 ParOldGen       total 68608K, used 10139K [0x0000000080000000, 0x0000000084300000, 0x00000000d5580000)
  object space 68608K, 14% used [0x0000000080000000,0x00000000809e6d80,0x0000000084300000)
 Metaspace       used 28011K, committed 28736K, reserved 1114112K
  class space    used 2809K, committed 3136K, reserved 1048576K

Card table byte_map: [0x000001f5ef5e0000,0x000001f5ef9f0000] _byte_map_base: 0x000001f5ef1e0000

Marking Bits: (ParMarkBitMap*) 0x00007ff808073450
 Begin Bits: [0x000001f5f30f0000, 0x000001f5f50f0000)
 End Bits:   [0x000001f5f50f0000, 0x000001f5f70f0000)

Polling page: 0x000001f5eda90000

Metaspace:

Usage:
  Non-class:     24.61 MB used.
      Class:      2.74 MB used.
       Both:     27.36 MB used.

Virtual space:
  Non-class space:       64.00 MB reserved,      25.00 MB ( 39%) committed,  1 nodes.
      Class space:        1.00 GB reserved,       3.06 MB ( <1%) committed,  1 nodes.
             Both:        1.06 GB reserved,      28.06 MB (  3%) committed. 

Chunk freelists:
   Non-Class:  6.91 MB
       Class:  12.95 MB
        Both:  19.86 MB

MaxMetaspaceSize: unlimited
CompressedClassSpaceSize: 1.00 GB
Initial GC threshold: 21.00 MB
Current GC threshold: 35.00 MB
CDS: on
 - commit_granule_bytes: 65536.
 - commit_granule_words: 8192.
 - virtual_space_node_default_size: 8388608.
 - enlarge_chunks_in_place: 1.
 - use_allocation_guard: 0.


Internal statistics:

num_allocs_failed_limit: 3.
num_arena_births: 542.
num_arena_deaths: 14.
num_vsnodes_births: 2.
num_vsnodes_deaths: 0.
num_space_committed: 449.
num_space_uncommitted: 0.
num_chunks_returned_to_freelist: 17.
num_chunks_taken_from_freelist: 1596.
num_chunk_merges: 9.
num_chunk_splits: 1039.
num_chunks_enlarged: 669.
num_inconsistent_stats: 0.

CodeHeap 'non-profiled nmethods': size=120000Kb used=1492Kb max_used=1492Kb free=118507Kb
 bounds [0x000001f587ad0000, 0x000001f587d40000, 0x000001f58f000000]
CodeHeap 'profiled nmethods': size=120000Kb used=6423Kb max_used=6423Kb free=113576Kb
 bounds [0x000001f580000000, 0x000001f580650000, 0x000001f587530000]
CodeHeap 'non-nmethods': size=5760Kb used=1337Kb max_used=1351Kb free=4422Kb
 bounds [0x000001f587530000, 0x000001f5877a0000, 0x000001f587ad0000]
CodeCache: size=245760Kb, used=9252Kb, max_used=9266Kb, free=236505Kb
 total_blobs=3943, nmethods=3317, adapters=531, full_count=0
Compilation: enabled, stopped_count=0, restarted_count=0

Compilation events (20 events):
Event: 7.240 Thread 0x000001f5efcfa0c0 nmethod 3292 0x000001f580625890 code [0x000001f580625d60, 0x000001f580627f50]
Event: 7.241 Thread 0x000001f5efcfa0c0 3295       3       java.lang.Class::getConstructor0 (83 bytes)
Event: 7.242 Thread 0x000001f5efcfa0c0 nmethod 3295 0x000001f580628890 code [0x000001f580628b20, 0x000001f580629558]
Event: 7.242 Thread 0x000001f5efcfa0c0 3294       3       java.lang.Class::privateGetDeclaredConstructors (79 bytes)
Event: 7.242 Thread 0x000001f5efcfa0c0 nmethod 3294 0x000001f580629a10 code [0x000001f580629c00, 0x000001f58062a078]
Event: 7.243 Thread 0x000001f5efcfa0c0 3296       1       java.lang.reflect.Field::getGenericSignature (5 bytes)
Event: 7.243 Thread 0x000001f5efcfa0c0 nmethod 3296 0x000001f587c44c10 code [0x000001f587c44da0, 0x000001f587c44e68]
Event: 7.243 Thread 0x000001f5efcfa0c0 3297       3       java.lang.ClassLoader::createOrGetClassLoaderValueMap (37 bytes)
Event: 7.244 Thread 0x000001f5efcfa0c0 nmethod 3297 0x000001f58062a210 code [0x000001f58062a3e0, 0x000001f58062a740]
Event: 7.244 Thread 0x000001f5efcfa0c0 3298       3       jdk.internal.loader.AbstractClassLoaderValue::extractValue (17 bytes)
Event: 7.244 Thread 0x000001f5efcfa0c0 nmethod 3298 0x000001f58062a890 code [0x000001f58062aa60, 0x000001f58062ade8]
Event: 7.244 Thread 0x000001f5efcfa0c0 3299   !   3       sun.reflect.annotation.AnnotationParser::parseAnnotations (37 bytes)
Event: 7.244 Thread 0x000001f5efcfa0c0 nmethod 3299 0x000001f58062af10 code [0x000001f58062b100, 0x000001f58062b428]
Event: 7.244 Thread 0x000001f5efcfa0c0 3302   !   3       java.lang.reflect.Field::declaredAnnotations (82 bytes)
Event: 7.245 Thread 0x000001f5efcfa0c0 nmethod 3302 0x000001f58062b590 code [0x000001f58062b780, 0x000001f58062bc60]
Event: 7.245 Thread 0x000001f5efcfa0c0 3300       3       com.google.gson.internal.bind.ReflectiveTypeAdapterFactory::includeField (18 bytes)
Event: 7.245 Thread 0x000001f5efcfa0c0 nmethod 3300 0x000001f58062bf10 code [0x000001f58062c0c0, 0x000001f58062c258]
Event: 7.245 Thread 0x000001f5efcfa0c0 3301       3       com.google.gson.internal.Excluder::excludeField (207 bytes)
Event: 7.247 Thread 0x000001f5efcfa0c0 nmethod 3301 0x000001f58062c310 code [0x000001f58062c820, 0x000001f58062eda8]
Event: 7.251 Thread 0x000001f5efcfa0c0 3303       3       com.google.gson.internal.GsonTypes::resolve (510 bytes)

GC Heap History (16 events):
Event: 1.966 GC heap before
{Heap before GC invocations=1 (full 0):
 PSYoungGen      total 29696K, used 25600K [0x00000000d5580000, 0x00000000d7680000, 0x0000000100000000)
  eden space 25600K, 100% used [0x00000000d5580000,0x00000000d6e80000,0x00000000d6e80000)
  from space 4096K, 0% used [0x00000000d7280000,0x00000000d7280000,0x00000000d7680000)
  to   space 4096K, 0% used [0x00000000d6e80000,0x00000000d6e80000,0x00000000d7280000)
 ParOldGen       total 68608K, used 0K [0x0000000080000000, 0x0000000084300000, 0x00000000d5580000)
  object space 68608K, 0% used [0x0000000080000000,0x0000000080000000,0x0000000084300000)
 Metaspace       used 4332K, committed 4544K, reserved 1114112K
  class space    used 474K, committed 576K, reserved 1048576K
}
Event: 1.970 GC heap after
{Heap after GC invocations=1 (full 0):
 PSYoungGen      total 29696K, used 3303K [0x00000000d5580000, 0x00000000d7680000, 0x0000000100000000)
  eden space 25600K, 0% used [0x00000000d5580000,0x00000000d5580000,0x00000000d6e80000)
  from space 4096K, 80% used [0x00000000d6e80000,0x00000000d71b9e98,0x00000000d7280000)
  to   space 4096K, 0% used [0x00000000d7280000,0x00000000d7280000,0x00000000d7680000)
 ParOldGen       total 68608K, used 16K [0x0000000080000000, 0x0000000084300000, 0x00000000d5580000)
  object space 68608K, 0% used [0x0000000080000000,0x0000000080004000,0x0000000084300000)
 Metaspace       used 4332K, committed 4544K, reserved 1114112K
  class space    used 474K, committed 576K, reserved 1048576K
}
Event: 2.786 GC heap before
{Heap before GC invocations=2 (full 0):
 PSYoungGen      total 29696K, used 28903K [0x00000000d5580000, 0x00000000d7680000, 0x0000000100000000)
  eden space 25600K, 100% used [0x00000000d5580000,0x00000000d6e80000,0x00000000d6e80000)
  from space 4096K, 80% used [0x00000000d6e80000,0x00000000d71b9e98,0x00000000d7280000)
  to   space 4096K, 0% used [0x00000000d7280000,0x00000000d7280000,0x00000000d7680000)
 ParOldGen       total 68608K, used 16K [0x0000000080000000, 0x0000000084300000, 0x00000000d5580000)
  object space 68608K, 0% used [0x0000000080000000,0x0000000080004000,0x0000000084300000)
 Metaspace       used 8158K, committed 8448K, reserved 1114112K
  class space    used 869K, committed 1024K, reserved 1048576K
}
Event: 2.793 GC heap after
{Heap after GC invocations=2 (full 0):
 PSYoungGen      total 29696K, used 4070K [0x00000000d5580000, 0x00000000d7680000, 0x0000000100000000)
  eden space 25600K, 0% used [0x00000000d5580000,0x00000000d5580000,0x00000000d6e80000)
  from space 4096K, 99% used [0x00000000d7280000,0x00000000d7679800,0x00000000d7680000)
  to   space 4096K, 0% used [0x00000000d6e80000,0x00000000d6e80000,0x00000000d7280000)
 ParOldGen       total 68608K, used 1178K [0x0000000080000000, 0x0000000084300000, 0x00000000d5580000)
  object space 68608K, 1% used [0x0000000080000000,0x0000000080126878,0x0000000084300000)
 Metaspace       used 8158K, committed 8448K, reserved 1114112K
  class space    used 869K, committed 1024K, reserved 1048576K
}
Event: 3.698 GC heap before
{Heap before GC invocations=3 (full 0):
 PSYoungGen      total 29696K, used 29670K [0x00000000d5580000, 0x00000000d7680000, 0x0000000100000000)
  eden space 25600K, 100% used [0x00000000d5580000,0x00000000d6e80000,0x00000000d6e80000)
  from space 4096K, 99% used [0x00000000d7280000,0x00000000d7679800,0x00000000d7680000)
  to   space 4096K, 0% used [0x00000000d6e80000,0x00000000d6e80000,0x00000000d7280000)
 ParOldGen       total 68608K, used 1178K [0x0000000080000000, 0x0000000084300000, 0x00000000d5580000)
  object space 68608K, 1% used [0x0000000080000000,0x0000000080126878,0x0000000084300000)
 Metaspace       used 13005K, committed 13504K, reserved 1114112K
  class space    used 1381K, committed 1600K, reserved 1048576K
}
Event: 3.704 GC heap after
{Heap after GC invocations=3 (full 0):
 PSYoungGen      total 29696K, used 4078K [0x00000000d5580000, 0x00000000d7680000, 0x0000000100000000)
  eden space 25600K, 0% used [0x00000000d5580000,0x00000000d5580000,0x00000000d6e80000)
  from space 4096K, 99% used [0x00000000d6e80000,0x00000000d727b940,0x00000000d7280000)
  to   space 4096K, 0% used [0x00000000d7280000,0x00000000d7280000,0x00000000d7680000)
 ParOldGen       total 68608K, used 2941K [0x0000000080000000, 0x0000000084300000, 0x00000000d5580000)
  object space 68608K, 4% used [0x0000000080000000,0x00000000802df5b0,0x0000000084300000)
 Metaspace       used 13005K, committed 13504K, reserved 1114112K
  class space    used 1381K, committed 1600K, reserved 1048576K
}
Event: 4.191 GC heap before
{Heap before GC invocations=4 (full 0):
 PSYoungGen      total 29696K, used 29678K [0x00000000d5580000, 0x00000000d7680000, 0x0000000100000000)
  eden space 25600K, 100% used [0x00000000d5580000,0x00000000d6e80000,0x00000000d6e80000)
  from space 4096K, 99% used [0x00000000d6e80000,0x00000000d727b940,0x00000000d7280000)
  to   space 4096K, 0% used [0x00000000d7280000,0x00000000d7280000,0x00000000d7680000)
 ParOldGen       total 68608K, used 2941K [0x0000000080000000, 0x0000000084300000, 0x00000000d5580000)
  object space 68608K, 4% used [0x0000000080000000,0x00000000802df5b0,0x0000000084300000)
 Metaspace       used 15936K, committed 16512K, reserved 1114112K
  class space    used 1659K, committed 1920K, reserved 1048576K
}
Event: 4.195 GC heap after
{Heap after GC invocations=4 (full 0):
 PSYoungGen      total 29696K, used 4080K [0x00000000d5580000, 0x00000000d7680000, 0x0000000100000000)
  eden space 25600K, 0% used [0x00000000d5580000,0x00000000d5580000,0x00000000d6e80000)
  from space 4096K, 99% used [0x00000000d7280000,0x00000000d767c2b0,0x00000000d7680000)
  to   space 4096K, 0% used [0x00000000d6e80000,0x00000000d6e80000,0x00000000d7280000)
 ParOldGen       total 68608K, used 5658K [0x0000000080000000, 0x0000000084300000, 0x00000000d5580000)
  object space 68608K, 8% used [0x0000000080000000,0x0000000080586bb8,0x0000000084300000)
 Metaspace       used 15936K, committed 16512K, reserved 1114112K
  class space    used 1659K, committed 1920K, reserved 1048576K
}
Event: 4.580 GC heap before
{Heap before GC invocations=5 (full 0):
 PSYoungGen      total 29696K, used 29665K [0x00000000d5580000, 0x00000000d7680000, 0x0000000100000000)
  eden space 25600K, 99% used [0x00000000d5580000,0x00000000d6e7c4d8,0x00000000d6e80000)
  from space 4096K, 99% used [0x00000000d7280000,0x00000000d767c2b0,0x00000000d7680000)
  to   space 4096K, 0% used [0x00000000d6e80000,0x00000000d6e80000,0x00000000d7280000)
 ParOldGen       total 68608K, used 5658K [0x0000000080000000, 0x0000000084300000, 0x00000000d5580000)
  object space 68608K, 8% used [0x0000000080000000,0x0000000080586bb8,0x0000000084300000)
 Metaspace       used 20161K, committed 20800K, reserved 1114112K
  class space    used 1969K, committed 2240K, reserved 1048576K
}
Event: 4.585 GC heap after
{Heap after GC invocations=5 (full 0):
 PSYoungGen      total 29184K, used 4084K [0x00000000d5580000, 0x00000000d7900000, 0x0000000100000000)
  eden space 25088K, 0% used [0x00000000d5580000,0x00000000d5580000,0x00000000d6e00000)
  from space 4096K, 99% used [0x00000000d6e80000,0x00000000d727d040,0x00000000d7280000)
  to   space 5632K, 0% used [0x00000000d7380000,0x00000000d7380000,0x00000000d7900000)
 ParOldGen       total 68608K, used 6132K [0x0000000080000000, 0x0000000084300000, 0x00000000d5580000)
  object space 68608K, 8% used [0x0000000080000000,0x00000000805fd090,0x0000000084300000)
 Metaspace       used 20161K, committed 20800K, reserved 1114112K
  class space    used 1969K, committed 2240K, reserved 1048576K
}
Event: 5.843 GC heap before
{Heap before GC invocations=6 (full 0):
 PSYoungGen      total 29184K, used 22826K [0x00000000d5580000, 0x00000000d7900000, 0x0000000100000000)
  eden space 25088K, 74% used [0x00000000d5580000,0x00000000d67cda60,0x00000000d6e00000)
  from space 4096K, 99% used [0x00000000d6e80000,0x00000000d727d040,0x00000000d7280000)
  to   space 5632K, 0% used [0x00000000d7380000,0x00000000d7380000,0x00000000d7900000)
 ParOldGen       total 68608K, used 6132K [0x0000000080000000, 0x0000000084300000, 0x00000000d5580000)
  object space 68608K, 8% used [0x0000000080000000,0x00000000805fd090,0x0000000084300000)
 Metaspace       used 20849K, committed 21504K, reserved 1114112K
  class space    used 2001K, committed 2304K, reserved 1048576K
}
Event: 5.848 GC heap after
{Heap after GC invocations=6 (full 0):
 PSYoungGen      total 29696K, used 5607K [0x00000000d5580000, 0x00000000d7b00000, 0x0000000100000000)
  eden space 24064K, 0% used [0x00000000d5580000,0x00000000d5580000,0x00000000d6d00000)
  from space 5632K, 99% used [0x00000000d7380000,0x00000000d78f9ed8,0x00000000d7900000)
  to   space 6656K, 0% used [0x00000000d6d00000,0x00000000d6d00000,0x00000000d7380000)
 ParOldGen       total 68608K, used 6604K [0x0000000080000000, 0x0000000084300000, 0x00000000d5580000)
  object space 68608K, 9% used [0x0000000080000000,0x0000000080673090,0x0000000084300000)
 Metaspace       used 20849K, committed 21504K, reserved 1114112K
  class space    used 2001K, committed 2304K, reserved 1048576K
}
Event: 5.848 GC heap before
{Heap before GC invocations=7 (full 1):
 PSYoungGen      total 29696K, used 5607K [0x00000000d5580000, 0x00000000d7b00000, 0x0000000100000000)
  eden space 24064K, 0% used [0x00000000d5580000,0x00000000d5580000,0x00000000d6d00000)
  from space 5632K, 99% used [0x00000000d7380000,0x00000000d78f9ed8,0x00000000d7900000)
  to   space 6656K, 0% used [0x00000000d6d00000,0x00000000d6d00000,0x00000000d7380000)
 ParOldGen       total 68608K, used 6604K [0x0000000080000000, 0x0000000084300000, 0x00000000d5580000)
  object space 68608K, 9% used [0x0000000080000000,0x0000000080673090,0x0000000084300000)
 Metaspace       used 20849K, committed 21504K, reserved 1114112K
  class space    used 2001K, committed 2304K, reserved 1048576K
}
Event: 5.879 GC heap after
{Heap after GC invocations=7 (full 1):
 PSYoungGen      total 29696K, used 0K [0x00000000d5580000, 0x00000000d7b00000, 0x0000000100000000)
  eden space 24064K, 0% used [0x00000000d5580000,0x00000000d5580000,0x00000000d6d00000)
  from space 5632K, 0% used [0x00000000d7380000,0x00000000d7380000,0x00000000d7900000)
  to   space 6656K, 0% used [0x00000000d6d00000,0x00000000d6d00000,0x00000000d7380000)
 ParOldGen       total 68608K, used 10131K [0x0000000080000000, 0x0000000084300000, 0x00000000d5580000)
  object space 68608K, 14% used [0x0000000080000000,0x00000000809e4d80,0x0000000084300000)
 Metaspace       used 20836K, committed 21504K, reserved 1114112K
  class space    used 1997K, committed 2304K, reserved 1048576K
}
Event: 6.844 GC heap before
{Heap before GC invocations=8 (full 1):
 PSYoungGen      total 29696K, used 24064K [0x00000000d5580000, 0x00000000d7b00000, 0x0000000100000000)
  eden space 24064K, 100% used [0x00000000d5580000,0x00000000d6d00000,0x00000000d6d00000)
  from space 5632K, 0% used [0x00000000d7380000,0x00000000d7380000,0x00000000d7900000)
  to   space 6656K, 0% used [0x00000000d6d00000,0x00000000d6d00000,0x00000000d7380000)
 ParOldGen       total 68608K, used 10131K [0x0000000080000000, 0x0000000084300000, 0x00000000d5580000)
  object space 68608K, 14% used [0x0000000080000000,0x00000000809e4d80,0x0000000084300000)
 Metaspace       used 24823K, committed 25600K, reserved 1114112K
  class space    used 2424K, committed 2752K, reserved 1048576K
}
Event: 6.847 GC heap after
{Heap after GC invocations=8 (full 1):
 PSYoungGen      total 26112K, used 2323K [0x00000000d5580000, 0x00000000d7480000, 0x0000000100000000)
  eden space 23552K, 0% used [0x00000000d5580000,0x00000000d5580000,0x00000000d6c80000)
  from space 2560K, 90% used [0x00000000d6d00000,0x00000000d6f44c98,0x00000000d6f80000)
  to   space 4096K, 0% used [0x00000000d7080000,0x00000000d7080000,0x00000000d7480000)
 ParOldGen       total 68608K, used 10139K [0x0000000080000000, 0x0000000084300000, 0x00000000d5580000)
  object space 68608K, 14% used [0x0000000080000000,0x00000000809e6d80,0x0000000084300000)
 Metaspace       used 24823K, committed 25600K, reserved 1114112K
  class space    used 2424K, committed 2752K, reserved 1048576K
}

Dll operation events (10 events):
Event: 0.014 Loaded shared library c:\Users\kurub_loqidtx\.vscode\extensions\redhat.java-1.54.0-win32-x64\jre\21.0.10-win32-x86_64\bin\java.dll
Event: 0.105 Loaded shared library c:\Users\kurub_loqidtx\.vscode\extensions\redhat.java-1.54.0-win32-x64\jre\21.0.10-win32-x86_64\bin\zip.dll
Event: 0.133 Loaded shared library C:\Users\kurub_loqidtx\.vscode\extensions\redhat.java-1.54.0-win32-x64\jre\21.0.10-win32-x86_64\bin\instrument.dll
Event: 0.142 Loaded shared library C:\Users\kurub_loqidtx\.vscode\extensions\redhat.java-1.54.0-win32-x64\jre\21.0.10-win32-x86_64\bin\net.dll
Event: 0.146 Loaded shared library C:\Users\kurub_loqidtx\.vscode\extensions\redhat.java-1.54.0-win32-x64\jre\21.0.10-win32-x86_64\bin\nio.dll
Event: 0.152 Loaded shared library C:\Users\kurub_loqidtx\.vscode\extensions\redhat.java-1.54.0-win32-x64\jre\21.0.10-win32-x86_64\bin\zip.dll
Event: 0.178 Loaded shared library C:\Users\kurub_loqidtx\.vscode\extensions\redhat.java-1.54.0-win32-x64\jre\21.0.10-win32-x86_64\bin\jimage.dll
Event: 0.278 Loaded shared library c:\Users\kurub_loqidtx\.vscode\extensions\redhat.java-1.54.0-win32-x64\jre\21.0.10-win32-x86_64\bin\verify.dll
Event: 3.008 Loaded shared library C:\Users\kurub_loqidtx\AppData\Roaming\Code\User\globalStorage\redhat.java\1.54.0\config_ss_win\org.eclipse.equinox.launcher\org.eclipse.equinox.launcher.win32.win32.x86_64_1.3.0.v20260203-2149\eclipse_11919.dll
Event: 6.712 Loaded shared library C:\Users\kurub_loqidtx\AppData\Local\Temp\jna--1944892477\jna16889600528315233134.dll

Deoptimization events (20 events):
Event: 7.143 Thread 0x000001f5ed96b1b0 Uncommon trap: trap_request=0xffffffde fr.pc=0x000001f587bc9070 relative=0x0000000000000050
Event: 7.143 Thread 0x000001f5ed96b1b0 Uncommon trap: reason=class_check action=maybe_recompile pc=0x000001f587bc9070 method=java.lang.invoke.DirectMethodHandle.internalMemberName(Ljava/lang/Object;)Ljava/lang/Object; @ 1 c2
Event: 7.143 Thread 0x000001f5ed96b1b0 DEOPT PACKING pc=0x000001f587bc9070 sp=0x0000006ede9fe250
Event: 7.143 Thread 0x000001f5ed96b1b0 DEOPT UNPACKING pc=0x000001f587583aa2 sp=0x0000006ede9fe1e0 mode 2
Event: 7.166 Thread 0x000001f5ed96b1b0 Uncommon trap: trap_request=0xffffff45 fr.pc=0x000001f587bc4724 relative=0x00000000000000e4
Event: 7.166 Thread 0x000001f5ed96b1b0 Uncommon trap: reason=unstable_if action=reinterpret pc=0x000001f587bc4724 method=java.lang.CharacterDataLatin1.digit(II)I @ 7 c2
Event: 7.166 Thread 0x000001f5ed96b1b0 DEOPT PACKING pc=0x000001f587bc4724 sp=0x0000006ede9fe400
Event: 7.166 Thread 0x000001f5ed96b1b0 DEOPT UNPACKING pc=0x000001f587583aa2 sp=0x0000006ede9fe2c0 mode 2
Event: 7.166 Thread 0x000001f5ed96b1b0 Uncommon trap: trap_request=0xffffff45 fr.pc=0x000001f587b0bd48 relative=0x00000000000000a8
Event: 7.167 Thread 0x000001f5ed96b1b0 Uncommon trap: reason=unstable_if action=reinterpret pc=0x000001f587b0bd48 method=java.lang.CharacterDataLatin1.digit(II)I @ 7 c2
Event: 7.167 Thread 0x000001f5ed96b1b0 DEOPT PACKING pc=0x000001f587b0bd48 sp=0x0000006ede9fe360
Event: 7.167 Thread 0x000001f5ed96b1b0 DEOPT UNPACKING pc=0x000001f587583aa2 sp=0x0000006ede9fe2e0 mode 2
Event: 7.170 Thread 0x000001f5ed96b1b0 Uncommon trap: trap_request=0xffffff76 fr.pc=0x000001f587c1d8d8 relative=0x0000000000000998
Event: 7.170 Thread 0x000001f5ed96b1b0 Uncommon trap: reason=predicate action=maybe_recompile pc=0x000001f587c1d8d8 method=java.util.TreeMap.put(Ljava/lang/Object;Ljava/lang/Object;Z)Ljava/lang/Object; @ 27 c2
Event: 7.170 Thread 0x000001f5ed96b1b0 DEOPT PACKING pc=0x000001f587c1d8d8 sp=0x0000006ede9fe030
Event: 7.170 Thread 0x000001f5ed96b1b0 DEOPT UNPACKING pc=0x000001f587583aa2 sp=0x0000006ede9fdff0 mode 2
Event: 7.204 Thread 0x000001f5ed96b1b0 Uncommon trap: trap_request=0xffffff45 fr.pc=0x000001f587b04044 relative=0x00000000000002a4
Event: 7.204 Thread 0x000001f5ed96b1b0 Uncommon trap: reason=unstable_if action=reinterpret pc=0x000001f587b04044 method=java.util.HashMap$HashIterator.<init>(Ljava/util/HashMap;)V @ 45 c2
Event: 7.204 Thread 0x000001f5ed96b1b0 DEOPT PACKING pc=0x000001f587b04044 sp=0x0000006ede9fe4f0
Event: 7.204 Thread 0x000001f5ed96b1b0 DEOPT UNPACKING pc=0x000001f587583aa2 sp=0x0000006ede9fe488 mode 2

Classes loaded (20 events):
Event: 7.167 Loading class sun/util/locale/provider/CalendarDataUtility$CalendarFieldValueNamesMapGetter
Event: 7.167 Loading class sun/util/locale/provider/CalendarDataUtility$CalendarFieldValueNamesMapGetter done
Event: 7.168 Loading class sun/util/cldr/CLDRCalendarNameProviderImpl
Event: 7.168 Loading class sun/util/locale/provider/CalendarNameProviderImpl
Event: 7.168 Loading class sun/util/locale/provider/CalendarNameProviderImpl done
Event: 7.168 Loading class sun/util/cldr/CLDRCalendarNameProviderImpl done
Event: 7.169 Loading class sun/util/locale/provider/CalendarNameProviderImpl$LengthBasedComparator
Event: 7.170 Loading class sun/util/locale/provider/CalendarNameProviderImpl$LengthBasedComparator done
Event: 7.199 Loading class java/io/PrintWriter$1
Event: 7.200 Loading class jdk/internal/access/JavaIOPrintWriterAccess
Event: 7.200 Loading class jdk/internal/access/JavaIOPrintWriterAccess done
Event: 7.200 Loading class java/io/PrintWriter$1 done
Event: 7.201 Loading class java/time/format/DateTimeParseContext
Event: 7.202 Loading class java/time/format/DateTimeParseContext done
Event: 7.202 Loading class java/time/format/Parsed
Event: 7.202 Loading class java/time/format/Parsed done
Event: 7.203 Loading class sun/reflect/generics/repository/FieldRepository
Event: 7.203 Loading class sun/reflect/generics/repository/FieldRepository done
Event: 7.209 Loading class jdk/internal/reflect/MethodHandleIntegerFieldAccessorImpl
Event: 7.210 Loading class jdk/internal/reflect/MethodHandleIntegerFieldAccessorImpl done

Classes unloaded (7 events):
Event: 5.856 Thread 0x000001f5efcdea00 Unloading class 0x000001f59018cc00 'java/lang/invoke/LambdaForm$MH+0x000001f59018cc00'
Event: 5.856 Thread 0x000001f5efcdea00 Unloading class 0x000001f59018c800 'java/lang/invoke/LambdaForm$MH+0x000001f59018c800'
Event: 5.856 Thread 0x000001f5efcdea00 Unloading class 0x000001f59018c400 'java/lang/invoke/LambdaForm$MH+0x000001f59018c400'
Event: 5.856 Thread 0x000001f5efcdea00 Unloading class 0x000001f59018c000 'java/lang/invoke/LambdaForm$MH+0x000001f59018c000'
Event: 5.856 Thread 0x000001f5efcdea00 Unloading class 0x000001f59018bc00 'java/lang/invoke/LambdaForm$BMH+0x000001f59018bc00'
Event: 5.856 Thread 0x000001f5efcdea00 Unloading class 0x000001f59018b800 'java/lang/invoke/LambdaForm$DMH+0x000001f59018b800'
Event: 5.856 Thread 0x000001f5efcdea00 Unloading class 0x000001f59018a400 'java/lang/invoke/LambdaForm$DMH+0x000001f59018a400'

Classes redefined (0 events):
No events

Internal exceptions (20 events):
Event: 6.750 Thread 0x000001f5fe2f90d0 Exception <a 'java/lang/UnsatisfiedLinkError'{0x00000000d694e458}: The specified procedure could not be found.
> (0x00000000d694e458) 
thrown [s\src\hotspot\share\prims\jni.cpp, line 539]
Event: 6.756 Thread 0x000001f5fe2f90d0 Exception <a 'java/io/FileNotFoundException'{0x00000000d6974220}> (0x00000000d6974220) 
thrown [s\src\hotspot\share\prims\jni.cpp, line 520]
Event: 6.769 Thread 0x000001f5fe2f90d0 Exception <a 'java/io/FileNotFoundException'{0x00000000d69ee2d8}> (0x00000000d69ee2d8) 
thrown [s\src\hotspot\share\prims\jni.cpp, line 520]
Event: 6.790 Thread 0x000001f5fe2f90d0 Exception <a 'java/lang/NoSuchMethodError'{0x00000000d6a836a0}: 'void java.lang.invoke.DirectMethodHandle$Holder.invokeSpecial(java.lang.Object, java.lang.Object, java.lang.Object, int)'> (0x00000000d6a836a0) 
thrown [s\src\hotspot\share\interpreter\linkResolver.cpp, line 773]
Event: 6.791 Thread 0x000001f5fe2f90d0 Exception <a 'java/lang/NoSuchMethodError'{0x00000000d6a86d80}: 'void java.lang.invoke.DelegatingMethodHandle$Holder.reinvoke_L(java.lang.Object, java.lang.Object, int)'> (0x00000000d6a86d80) 
thrown [s\src\hotspot\share\interpreter\linkResolver.cpp, line 773]
Event: 6.793 Thread 0x000001f5fe2f90d0 Exception <a 'java/lang/NoSuchMethodError'{0x00000000d6a8d7b8}: 'int java.lang.invoke.Invokers$Holder.invokeExact_MT(java.lang.Object, java.lang.Object, java.lang.Object)'> (0x00000000d6a8d7b8) 
thrown [s\src\hotspot\share\interpreter\linkResolver.cpp, line 773]
Event: 6.797 Thread 0x000001f5fe2f90d0 Exception <a 'java/lang/UnsatisfiedLinkError'{0x00000000d6aa13e0}: The specified procedure could not be found.
> (0x00000000d6aa13e0) 
thrown [s\src\hotspot\share\prims\jni.cpp, line 539]
Event: 6.808 Thread 0x000001f5fe2f90d0 Exception <a 'java/lang/NoSuchMethodError'{0x00000000d6aad698}: 'void java.lang.invoke.Invokers$Holder.invokeExact_MT(java.lang.Object, java.lang.Object, int, java.lang.Object)'> (0x00000000d6aad698) 
thrown [s\src\hotspot\share\interpreter\linkResolver.cpp, line 773]
Event: 6.861 Thread 0x000001f5ed96b1b0 Exception <a 'java/lang/NoSuchMethodError'{0x00000000d56e3570}: 'java.lang.Object java.lang.invoke.DirectMethodHandle$Holder.invokeStatic(java.lang.Object, long, java.lang.Object)'> (0x00000000d56e3570) 
thrown [s\src\hotspot\share\interpreter\linkResolver.cpp, line 773]
Event: 6.861 Thread 0x000001f5ed96b1b0 Exception <a 'java/lang/NoSuchMethodError'{0x00000000d56e6c08}: 'java.lang.Object java.lang.invoke.DirectMethodHandle$Holder.invokeStaticInit(java.lang.Object, long, java.lang.Object)'> (0x00000000d56e6c08) 
thrown [s\src\hotspot\share\interpreter\linkResolver.cpp, line 773]
Event: 6.862 Thread 0x000001f5ed96b1b0 Exception <a 'java/lang/NoSuchMethodError'{0x00000000d56ec398}: 'java.lang.Object java.lang.invoke.DirectMethodHandle$Holder.newInvokeSpecial(java.lang.Object, long)'> (0x00000000d56ec398) 
thrown [s\src\hotspot\share\interpreter\linkResolver.cpp, line 773]
Event: 6.892 Thread 0x000001f5febef140 Exception <a 'java/io/FileNotFoundException'{0x00000000d59e2728}> (0x00000000d59e2728) 
thrown [s\src\hotspot\share\prims\jni.cpp, line 520]
Event: 6.893 Thread 0x000001f5febef140 Exception <a 'java/io/FileNotFoundException'{0x00000000d59e3d18}> (0x00000000d59e3d18) 
thrown [s\src\hotspot\share\prims\jni.cpp, line 520]
Event: 6.895 Thread 0x000001f5febef140 Exception <a 'java/lang/NoSuchMethodError'{0x00000000d59f1ce8}: 'java.lang.Object java.lang.invoke.DirectMethodHandle$Holder.newInvokeSpecial(java.lang.Object, java.lang.Object, java.lang.Object, int)'> (0x00000000d59f1ce8) 
thrown [s\src\hotspot\share\interpreter\linkResolver.cpp, line 773]
Event: 6.896 Thread 0x000001f5febef140 Exception <a 'java/lang/NoSuchMethodError'{0x00000000d59f5bc8}: 'java.lang.Object java.lang.invoke.DirectMethodHandle$Holder.invokeSpecial(java.lang.Object, java.lang.Object, java.lang.Object, java.lang.Object, int)'> (0x00000000d59f5bc8) 
thrown [s\src\hotspot\share\interpreter\linkResolver.cpp, line 773]
Event: 6.897 Thread 0x000001f5febef140 Exception <a 'java/lang/NoSuchMethodError'{0x00000000d59f9070}: 'java.lang.Object java.lang.invoke.Invokers$Holder.linkToTargetMethod(java.lang.Object, java.lang.Object, int, java.lang.Object)'> (0x00000000d59f9070) 
thrown [s\src\hotspot\share\interpreter\linkResolver.cpp, line 773]
Event: 6.899 Thread 0x000001f5febef140 Exception <a 'java/lang/NoSuchMethodError'{0x00000000d5a04a40}: 'void java.lang.invoke.DirectMethodHandle$Holder.invokeStaticInit(java.lang.Object, java.lang.Object, java.lang.Object)'> (0x00000000d5a04a40) 
thrown [s\src\hotspot\share\interpreter\linkResolver.cpp, line 773]
Event: 7.142 Thread 0x000001f5ed96b1b0 Exception <a 'java/lang/NoSuchMethodError'{0x00000000d6481c20}: 'void java.lang.invoke.DirectMethodHandle$Holder.invokeSpecial(java.lang.Object, java.lang.Object, java.lang.Object, java.lang.Object, java.lang.Object, java.lang.Object)'> (0x00000000d6481c20) 
thrown [s\src\hotspot\share\interpreter\linkResolver.cpp, line 773]
Event: 7.143 Thread 0x000001f5ed96b1b0 Exception <a 'java/lang/IncompatibleClassChangeError'{0x00000000d648a128}: Found class java.lang.Object, but interface was expected> (0x00000000d648a128) 
thrown [s\src\hotspot\share\interpreter\linkResolver.cpp, line 840]
Event: 7.144 Thread 0x000001f5ed96b1b0 Exception <a 'java/lang/IncompatibleClassChangeError'{0x00000000d648bfe8}: Found class java.lang.Object, but interface was expected> (0x00000000d648bfe8) 
thrown [s\src\hotspot\share\interpreter\linkResolver.cpp, line 840]

ZGC Phase Switch (0 events):
No events

VM Operations (20 events):
Event: 4.195 Executing safepoint VM operation: ParallelGCFailedAllocation (Allocation Failure) done
Event: 4.580 Executing safepoint VM operation: ParallelGCFailedAllocation (Allocation Failure)
Event: 4.585 Executing safepoint VM operation: ParallelGCFailedAllocation (Allocation Failure) done
Event: 5.591 Executing safepoint VM operation: Cleanup
Event: 5.591 Executing safepoint VM operation: Cleanup done
Event: 5.843 Executing safepoint VM operation: CollectForMetadataAllocation (Metadata GC Threshold)
Event: 5.879 Executing safepoint VM operation: CollectForMetadataAllocation (Metadata GC Threshold) done
Event: 5.986 Executing non-safepoint VM operation: HandshakeAllThreads (Deoptimize)
Event: 5.986 Executing non-safepoint VM operation: HandshakeAllThreads (Deoptimize) done
Event: 6.239 Executing non-safepoint VM operation: HandshakeAllThreads (Deoptimize)
Event: 6.239 Executing non-safepoint VM operation: HandshakeAllThreads (Deoptimize) done
Event: 6.396 Executing non-safepoint VM operation: HandshakeAllThreads (Deoptimize)
Event: 6.396 Executing non-safepoint VM operation: HandshakeAllThreads (Deoptimize) done
Event: 6.433 Executing non-safepoint VM operation: HandshakeAllThreads (Deoptimize)
Event: 6.433 Executing non-safepoint VM operation: HandshakeAllThreads (Deoptimize) done
Event: 6.732 Executing non-safepoint VM operation: HandshakeAllThreads (Deoptimize)
Event: 6.732 Executing non-safepoint VM operation: HandshakeAllThreads (Deoptimize) done
Event: 6.843 Executing safepoint VM operation: ParallelGCFailedAllocation (Allocation Failure)
Event: 6.847 Executing safepoint VM operation: ParallelGCFailedAllocation (Allocation Failure) done
Event: 7.847 Executing safepoint VM operation: Cleanup

Memory protections (0 events):
No events

Nmethod flushes (0 events):
No events

Events (20 events):
Event: 6.121 Thread 0x000001f5fed09460 Thread exited: 0x000001f5fed09460
Event: 6.739 Thread 0x000001f5fe2f90d0 Thread added: 0x000001f5fed09af0
Event: 6.872 Thread 0x000001f5ed96b1b0 Thread added: 0x000001f5fed07a20
Event: 6.872 Thread 0x000001f5ed96b1b0 Thread added: 0x000001f5fed09460
Event: 6.873 Thread 0x000001f5ed96b1b0 Thread added: 0x000001f5fed08740
Event: 6.873 Thread 0x000001f5ed96b1b0 Thread added: 0x000001f5fed06d00
Event: 6.873 Thread 0x000001f5ed96b1b0 Thread added: 0x000001f5fed08dd0
Event: 6.873 Thread 0x000001f5ed96b1b0 Thread added: 0x000001f5fed080b0
Event: 6.874 Thread 0x000001f5ed96b1b0 Thread added: 0x000001f5fed06670
Event: 6.874 Thread 0x000001f5ed96b1b0 Thread added: 0x000001f5fed07390
Event: 6.874 Thread 0x000001f5ed96b1b0 Thread added: 0x000001f5d0463e00
Event: 6.874 Thread 0x000001f5ed96b1b0 Thread added: 0x000001f5d04630e0
Event: 6.874 Thread 0x000001f5ed96b1b0 Thread added: 0x000001f5d0462a50
Event: 6.874 Thread 0x000001f5ed96b1b0 Thread added: 0x000001f5d0466bf0
Event: 6.874 Thread 0x000001f5ed96b1b0 Thread added: 0x000001f5d0464490
Event: 6.916 Thread 0x000001f5ed96b1b0 Thread added: 0x000001f5d0465ed0
Event: 7.132 Thread 0x000001f5ff5d44f0 Thread exited: 0x000001f5ff5d44f0
Event: 7.162 Thread 0x000001f5ed96b1b0 Thread added: 0x000001f5d0466560
Event: 7.163 Thread 0x000001f5ed96b1b0 Thread added: 0x000001f5d0463770
Event: 7.170 Thread 0x000001f5efcfa0c0 Thread added: 0x000001f5d00e6eb0


Dynamic libraries:
0x00007ff6118d0000 - 0x00007ff6118de000 	c:\Users\kurub_loqidtx\.vscode\extensions\redhat.java-1.54.0-win32-x64\jre\21.0.10-win32-x86_64\bin\java.exe
0x00007ff8e6f60000 - 0x00007ff8e71c7000 	C:\WINDOWS\SYSTEM32\ntdll.dll
0x00007ff8e4f10000 - 0x00007ff8e4fd9000 	C:\WINDOWS\System32\KERNEL32.DLL
0x00007ff8e3ad0000 - 0x00007ff8e3ec4000 	C:\WINDOWS\System32\KERNELBASE.dll
0x00007ff8e4ba0000 - 0x00007ff8e4ceb000 	C:\WINDOWS\System32\ucrtbase.dll
0x00007ff8ab9c0000 - 0x00007ff8ab9de000 	c:\Users\kurub_loqidtx\.vscode\extensions\redhat.java-1.54.0-win32-x64\jre\21.0.10-win32-x86_64\bin\VCRUNTIME140.dll
0x00007ff8be620000 - 0x00007ff8be638000 	c:\Users\kurub_loqidtx\.vscode\extensions\redhat.java-1.54.0-win32-x64\jre\21.0.10-win32-x86_64\bin\jli.dll
0x00007ff8e5530000 - 0x00007ff8e56f5000 	C:\WINDOWS\System32\USER32.dll
0x00007ff8bd830000 - 0x00007ff8bdac3000 	C:\WINDOWS\WinSxS\amd64_microsoft.windows.common-controls_6595b64144ccf1df_6.0.26100.8115_none_3e075c82e3354f9c\COMCTL32.dll
0x00007ff8e3f60000 - 0x00007ff8e3f87000 	C:\WINDOWS\System32\win32u.dll
0x00007ff8e5c20000 - 0x00007ff8e5cc9000 	C:\WINDOWS\System32\msvcrt.dll
0x00007ff8e5e70000 - 0x00007ff8e5e9b000 	C:\WINDOWS\System32\GDI32.dll
0x00007ff8e3830000 - 0x00007ff8e395b000 	C:\WINDOWS\System32\gdi32full.dll
0x00007ff8e4800000 - 0x00007ff8e48a3000 	C:\WINDOWS\System32\msvcp_win.dll
0x00007ff8e6d10000 - 0x00007ff8e6d42000 	C:\WINDOWS\System32\IMM32.DLL
0x00007ff8bffb0000 - 0x00007ff8bffbc000 	c:\Users\kurub_loqidtx\.vscode\extensions\redhat.java-1.54.0-win32-x64\jre\21.0.10-win32-x86_64\bin\vcruntime140_1.dll
0x00007ff884880000 - 0x00007ff88490d000 	c:\Users\kurub_loqidtx\.vscode\extensions\redhat.java-1.54.0-win32-x64\jre\21.0.10-win32-x86_64\bin\msvcp140.dll
0x00007ff8073b0000 - 0x00007ff808151000 	c:\Users\kurub_loqidtx\.vscode\extensions\redhat.java-1.54.0-win32-x64\jre\21.0.10-win32-x86_64\bin\server\jvm.dll
0x00007ff8e6e60000 - 0x00007ff8e6f16000 	C:\WINDOWS\System32\ADVAPI32.dll
0x00007ff8e5370000 - 0x00007ff8e5417000 	C:\WINDOWS\System32\sechost.dll
0x00007ff8e5910000 - 0x00007ff8e5a28000 	C:\WINDOWS\System32\RPCRT4.dll
0x00007ff8e5420000 - 0x00007ff8e54a0000 	C:\WINDOWS\System32\WS2_32.dll
0x00007ff8d98b0000 - 0x00007ff8d98e6000 	C:\WINDOWS\SYSTEM32\WINMM.dll
0x00007ff8d00a0000 - 0x00007ff8d00ab000 	C:\WINDOWS\SYSTEM32\VERSION.dll
0x00007ff8e3690000 - 0x00007ff8e36ee000 	C:\WINDOWS\SYSTEM32\POWRPROF.dll
0x00007ff8e3670000 - 0x00007ff8e3684000 	C:\WINDOWS\SYSTEM32\UMPDC.dll
0x00007ff8e25a0000 - 0x00007ff8e25bb000 	C:\WINDOWS\SYSTEM32\kernel.appcore.dll
0x00007ff8bfcc0000 - 0x00007ff8bfcca000 	c:\Users\kurub_loqidtx\.vscode\extensions\redhat.java-1.54.0-win32-x64\jre\21.0.10-win32-x86_64\bin\jimage.dll
0x00007ff8e1760000 - 0x00007ff8e19a2000 	C:\WINDOWS\SYSTEM32\DBGHELP.DLL
0x00007ff8e4fe0000 - 0x00007ff8e5362000 	C:\WINDOWS\System32\combase.dll
0x00007ff8e5eb0000 - 0x00007ff8e5f88000 	C:\WINDOWS\System32\OLEAUT32.dll
0x00007ff8bb880000 - 0x00007ff8bb8bb000 	C:\WINDOWS\SYSTEM32\dbgcore.DLL
0x00007ff8e3960000 - 0x00007ff8e3a05000 	C:\WINDOWS\System32\bcryptPrimitives.dll
0x00007ff8bf8d0000 - 0x00007ff8bf8df000 	c:\Users\kurub_loqidtx\.vscode\extensions\redhat.java-1.54.0-win32-x64\jre\21.0.10-win32-x86_64\bin\instrument.dll
0x00007ff8a6180000 - 0x00007ff8a61a0000 	c:\Users\kurub_loqidtx\.vscode\extensions\redhat.java-1.54.0-win32-x64\jre\21.0.10-win32-x86_64\bin\java.dll
0x00007ff8e5fb0000 - 0x00007ff8e6717000 	C:\WINDOWS\System32\SHELL32.dll
0x00007ff8e48b0000 - 0x00007ff8e4a1a000 	C:\WINDOWS\System32\wintypes.dll
0x00007ff8e3f90000 - 0x00007ff8e47f8000 	C:\WINDOWS\System32\windows.storage.dll
0x00007ff8e6c10000 - 0x00007ff8e6d08000 	C:\WINDOWS\System32\SHCORE.dll
0x00007ff8e6d70000 - 0x00007ff8e6dd6000 	C:\WINDOWS\System32\shlwapi.dll
0x00007ff8e3750000 - 0x00007ff8e3779000 	C:\WINDOWS\SYSTEM32\profapi.dll
0x00007ff8a6120000 - 0x00007ff8a6138000 	c:\Users\kurub_loqidtx\.vscode\extensions\redhat.java-1.54.0-win32-x64\jre\21.0.10-win32-x86_64\bin\zip.dll
0x00007ff8be930000 - 0x00007ff8be940000 	C:\Users\kurub_loqidtx\.vscode\extensions\redhat.java-1.54.0-win32-x64\jre\21.0.10-win32-x86_64\bin\net.dll
0x00007ff8d2860000 - 0x00007ff8d298d000 	C:\WINDOWS\SYSTEM32\WINHTTP.dll
0x00007ff8e2b30000 - 0x00007ff8e2b9c000 	C:\WINDOWS\system32\mswsock.dll
0x00007ff8a6100000 - 0x00007ff8a6116000 	C:\Users\kurub_loqidtx\.vscode\extensions\redhat.java-1.54.0-win32-x64\jre\21.0.10-win32-x86_64\bin\nio.dll
0x00007ff8be700000 - 0x00007ff8be710000 	c:\Users\kurub_loqidtx\.vscode\extensions\redhat.java-1.54.0-win32-x64\jre\21.0.10-win32-x86_64\bin\verify.dll
0x00007ff899b90000 - 0x00007ff899bd5000 	C:\Users\kurub_loqidtx\AppData\Roaming\Code\User\globalStorage\redhat.java\1.54.0\config_ss_win\org.eclipse.equinox.launcher\org.eclipse.equinox.launcher.win32.win32.x86_64_1.3.0.v20260203-2149\eclipse_11919.dll
0x00007ff8e5cd0000 - 0x00007ff8e5e67000 	C:\WINDOWS\System32\ole32.dll
0x00007ff8e2e20000 - 0x00007ff8e2e3b000 	C:\WINDOWS\SYSTEM32\CRYPTSP.dll
0x00007ff8e2500000 - 0x00007ff8e2539000 	C:\WINDOWS\system32\rsaenh.dll
0x00007ff8e2be0000 - 0x00007ff8e2c13000 	C:\WINDOWS\SYSTEM32\USERENV.dll
0x00007ff8e3720000 - 0x00007ff8e374a000 	C:\WINDOWS\SYSTEM32\bcrypt.dll
0x00007ff8e2e10000 - 0x00007ff8e2e1c000 	C:\WINDOWS\SYSTEM32\CRYPTBASE.dll
0x00007ff8e1f70000 - 0x00007ff8e1fa2000 	C:\WINDOWS\SYSTEM32\IPHLPAPI.DLL
0x00007ff8e5ea0000 - 0x00007ff8e5eaa000 	C:\WINDOWS\System32\NSI.dll
0x00007ff88e590000 - 0x00007ff88e5d9000 	C:\Users\kurub_loqidtx\AppData\Local\Temp\jna--1944892477\jna16889600528315233134.dll
0x00007ff8e4ed0000 - 0x00007ff8e4ed8000 	C:\WINDOWS\System32\PSAPI.DLL
0x00007ff8db490000 - 0x00007ff8db4ad000 	C:\WINDOWS\SYSTEM32\dhcpcsvc6.DLL
0x00007ff8db440000 - 0x00007ff8db465000 	C:\WINDOWS\SYSTEM32\dhcpcsvc.DLL

JVMTI agents:
c:\Users\kurub_loqidtx\.vscode\extensions\redhat.java-1.54.0-win32-x64\lombok\lombok-1.18.39-4050.jar path:c:\Users\kurub_loqidtx\.vscode\extensions\redhat.java-1.54.0-win32-x64\jre\21.0.10-win32-x86_64\bin\instrument.dll, loaded, initialized, instrumentlib options:none

dbghelp: loaded successfully - version: 4.0.5 - missing functions: none
symbol engine: initialized successfully - sym options: 0x614 - pdb path: .;c:\Users\kurub_loqidtx\.vscode\extensions\redhat.java-1.54.0-win32-x64\jre\21.0.10-win32-x86_64\bin;C:\WINDOWS\SYSTEM32;C:\WINDOWS\WinSxS\amd64_microsoft.windows.common-controls_6595b64144ccf1df_6.0.26100.8115_none_3e075c82e3354f9c;c:\Users\kurub_loqidtx\.vscode\extensions\redhat.java-1.54.0-win32-x64\jre\21.0.10-win32-x86_64\bin\server;C:\Users\kurub_loqidtx\AppData\Roaming\Code\User\globalStorage\redhat.java\1.54.0\config_ss_win\org.eclipse.equinox.launcher\org.eclipse.equinox.launcher.win32.win32.x86_64_1.3.0.v20260203-2149;C:\Users\kurub_loqidtx\AppData\Local\Temp\jna--1944892477

VM Arguments:
jvm_args: --add-modules=ALL-SYSTEM --add-opens=java.base/java.util=ALL-UNNAMED --add-opens=java.base/java.lang=ALL-UNNAMED --add-opens=java.base/sun.nio.fs=ALL-UNNAMED -Declipse.application=org.eclipse.jdt.ls.core.id1 -Dosgi.bundles.defaultStartLevel=4 -Declipse.product=org.eclipse.jdt.ls.core.product -Djava.import.generatesMetadataFilesAtProjectRoot=false -DDetectVMInstallationsJob.disabled=true -Dfile.encoding=utf8 -XX:+UseParallelGC -XX:GCTimeRatio=4 -XX:AdaptiveSizePolicyWeight=90 -Dsun.zip.disableMemoryMapping=true -Xmx2G -Xms100m -Xlog:disable -javaagent:c:\Users\kurub_loqidtx\.vscode\extensions\redhat.java-1.54.0-win32-x64\lombok\lombok-1.18.39-4050.jar 
java_command: c:\Users\kurub_loqidtx\.vscode\extensions\redhat.java-1.54.0-win32-x64\server\plugins\org.eclipse.equinox.launcher_1.7.100.v20251111-0406.jar -configuration c:\Users\kurub_loqidtx\AppData\Roaming\Code\User\globalStorage\redhat.java\1.54.0\config_ss_win -data c:\Users\kurub_loqidtx\AppData\Roaming\Code\User\workspaceStorage\811f36a114dddca7245e4ba8fff68428\redhat.java\ss_ws --pipe=\\.\pipe\lsp-f4331d6cc90e2708207decfb5108f3af-sock
java_class_path (initial): c:\Users\kurub_loqidtx\.vscode\extensions\redhat.java-1.54.0-win32-x64\server\plugins\org.eclipse.equinox.launcher_1.7.100.v20251111-0406.jar
Launcher Type: SUN_STANDARD

[Global flags]
    uintx AdaptiveSizePolicyWeight                 = 90                                        {product} {command line}
     intx CICompilerCount                          = 4                                         {product} {ergonomic}
    uintx GCTimeRatio                              = 4                                         {product} {command line}
   size_t InitialHeapSize                          = 104857600                                 {product} {command line}
   size_t MaxHeapSize                              = 2147483648                                {product} {command line}
   size_t MaxNewSize                               = 715653120                                 {product} {ergonomic}
   size_t MinHeapDeltaBytes                        = 524288                                    {product} {ergonomic}
   size_t MinHeapSize                              = 104857600                                 {product} {command line}
   size_t NewSize                                  = 34603008                                  {product} {ergonomic}
    uintx NonNMethodCodeHeapSize                   = 5839372                                {pd product} {ergonomic}
    uintx NonProfiledCodeHeapSize                  = 122909434                              {pd product} {ergonomic}
   size_t OldSize                                  = 70254592                                  {product} {ergonomic}
    uintx ProfiledCodeHeapSize                     = 122909434                              {pd product} {ergonomic}
    uintx ReservedCodeCacheSize                    = 251658240                              {pd product} {ergonomic}
     bool SegmentedCodeCache                       = true                                      {product} {ergonomic}
   size_t SoftMaxHeapSize                          = 2147483648                             {manageable} {ergonomic}
     bool UseCompressedOops                        = true                           {product lp64_product} {ergonomic}
     bool UseLargePagesIndividualAllocation        = false                                  {pd product} {ergonomic}
     bool UseParallelGC                            = true                                      {product} {command line}

Logging:
Log output configuration:
 #0: stdout all=off uptime,level,tags foldmultilines=false
 #1: stderr all=off uptime,level,tags foldmultilines=false

Release file:
JAVA_VERSION="21.0.10" 
MODULES="java.base java.compiler java.datatransfer java.xml java.prefs java.desktop java.instrument java.logging java.management java.security.sasl java.naming java.rmi java.management.rmi java.net.http java.scripting java.security.jgss java.transaction.xa java.sql java.sql.rowset java.xml.crypto java.se java.smartcardio jdk.accessibility jdk.internal.jvmstat jdk.attach jdk.charsets jdk.internal.opt jdk.zipfs jdk.compiler jdk.crypto.ec jdk.crypto.cryptoki jdk.crypto.mscapi jdk.dynalink jdk.internal.ed jdk.editpad jdk.hotspot.agent jdk.httpserver jdk.internal.le jdk.internal.vm.ci jdk.internal.vm.compiler jdk.internal.vm.compiler.management jdk.jartool jdk.javadoc jdk.jcmd jdk.management jdk.management.agent jdk.jconsole jdk.jdeps jdk.jdwp.agent jdk.jdi jdk.jfr jdk.jshell jdk.jsobject jdk.jstatd jdk.localedata jdk.management.jfr jdk.naming.dns jdk.naming.rmi jdk.net jdk.nio.mapmode jdk.random jdk.sctp jdk.security.auth jdk.security.jgss jdk.unsupported jdk.unsupported.desktop jdk.xml.dom" 

Environment Variables:
PATH=C:\Users\kurub_loqidtx\AppData\Local\Programs\Microsoft VS Code;C:\Program Files\Common Files\Oracle\Java\javapath;C:\WINDOWS\system32;C:\WINDOWS;C:\WINDOWS\System32\Wbem;C:\WINDOWS\System32\WindowsPowerShell\v1.0\;C:\WINDOWS\System32\OpenSSH\;C:\Program Files (x86)\Microsoft SQL Server\170\Tools\Binn\;C:\Program Files\Microsoft SQL Server\170\Tools\Binn\;C:\Program Files\Microsoft SQL Server\Client SDK\ODBC\180\Tools\Binn\;C:\Program Files\Microsoft SQL Server\170\DTS\Binn\;C:\Program Files\Docker\Docker\resources\bin;C:\Program Files\Git\cmd;C:\Program Files\nodejs\;C:\Users\kurub_loqidtx\AppData\Local\Programs\Python\Python314\Scripts\;C:\Users\kurub_loqidtx\AppData\Local\Programs\Python\Python314\;C:\Users\kurub_loqidtx\AppData\Local\Microsoft\WindowsApps;C:\Users\kurub_loqidtx\AppData\Local\Programs\Microsoft VS Code\bin;C:\Users\kurub_loqidtx\AppData\Local\Programs\Antigravity\bin;C:\Users\kurub_loqidtx\AppData\Roaming\npm
USERNAME=kurub_loqidtx
OS=Windows_NT
PROCESSOR_IDENTIFIER=Intel64 Family 6 Model 186 Stepping 3, GenuineIntel
TMP=C:\Users\KURUB_~1\AppData\Local\Temp
TEMP=C:\Users\KURUB_~1\AppData\Local\Temp




Periodic native trim disabled

---------------  S Y S T E M  ---------------

OS:
 Windows 11 , 64 bit Build 26100 (10.0.26100.8246)
OS uptime: 1 days 2:02 hours
Hyper-V role detected

CPU: total 12 (initial active 12) (6 cores per cpu, 2 threads per core) family 6 model 186 stepping 3 microcode 0x4128, cx8, cmov, fxsr, ht, mmx, 3dnowpref, sse, sse2, sse3, ssse3, sse4.1, sse4.2, popcnt, lzcnt, tsc, tscinvbit, avx, avx2, aes, erms, clmul, bmi1, bmi2, adx, sha, fma, vzeroupper, clflush, clflushopt, clwb, hv, serialize, rdtscp, rdpid, fsrm, f16c, cet_ibt, cet_ss
Processor Information for the first 12 processors :
  Max Mhz: 1300, Current Mhz: 1300, Mhz Limit: 1300

Memory: 4k page, system-wide physical 7835M (731M free)
TotalPageFile size 31387M (AvailPageFile size 24M)
current process WorkingSet (physical memory assigned to process): 161M, peak: 161M
current process commit charge ("private bytes"): 298M, peak: 299M

vm_info: OpenJDK 64-Bit Server VM (21.0.10+7-LTS) for windows-amd64 JRE (21.0.10+7-LTS), built on 2026-01-20T00:00:00Z by "admin" with MS VC++ 17.12 (VS2022)

END.
